[2025-09-24T11:19:50.175+0000] {processor.py:161} INFO - Started process (PID=8707) to work on /opt/airflow/dags/customer_churn_pipeline.py
[2025-09-24T11:19:50.177+0000] {processor.py:830} INFO - Processing file /opt/airflow/dags/customer_churn_pipeline.py for tasks to queue
[2025-09-24T11:19:50.182+0000] {logging_mixin.py:188} INFO - [2025-09-24T11:19:50.182+0000] {dagbag.py:538} INFO - Filling up the DagBag from /opt/airflow/dags/customer_churn_pipeline.py
[2025-09-24T11:19:52.151+0000] {processor.py:840} INFO - DAG(s) 'day7_customer_churn_pipeline' retrieved from /opt/airflow/dags/customer_churn_pipeline.py
[2025-09-24T11:19:52.135+0000] {logging_mixin.py:188} INFO - [2025-09-24T11:19:52.134+0000] {dag.py:3036} INFO - Sync 1 DAGs
[2025-09-24T11:19:52.159+0000] {logging_mixin.py:188} INFO - [2025-09-24T11:19:52.158+0000] {dag.py:3823} INFO - Setting next_dagrun for day7_customer_churn_pipeline to None, run_after=None
[2025-09-24T11:19:52.216+0000] {processor.py:183} INFO - Processing /opt/airflow/dags/customer_churn_pipeline.py took 2.110 seconds
[2025-09-24T13:03:57.259+0000] {processor.py:161} INFO - Started process (PID=8726) to work on /opt/airflow/dags/customer_churn_pipeline.py
[2025-09-24T13:03:57.266+0000] {processor.py:830} INFO - Processing file /opt/airflow/dags/customer_churn_pipeline.py for tasks to queue
[2025-09-24T13:03:57.271+0000] {logging_mixin.py:188} INFO - [2025-09-24T13:03:57.270+0000] {dagbag.py:538} INFO - Filling up the DagBag from /opt/airflow/dags/customer_churn_pipeline.py
[2025-09-24T13:03:59.451+0000] {processor.py:840} INFO - DAG(s) 'day7_customer_churn_pipeline' retrieved from /opt/airflow/dags/customer_churn_pipeline.py
[2025-09-24T13:03:59.525+0000] {logging_mixin.py:188} INFO - [2025-09-24T13:03:59.523+0000] {dag.py:3036} INFO - Sync 1 DAGs
[2025-09-24T13:03:59.556+0000] {logging_mixin.py:188} INFO - [2025-09-24T13:03:59.555+0000] {dag.py:3823} INFO - Setting next_dagrun for day7_customer_churn_pipeline to None, run_after=None
[2025-09-24T13:03:59.613+0000] {processor.py:183} INFO - Processing /opt/airflow/dags/customer_churn_pipeline.py took 2.360 seconds
[2025-09-24T13:04:30.067+0000] {processor.py:161} INFO - Started process (PID=8745) to work on /opt/airflow/dags/customer_churn_pipeline.py
[2025-09-24T13:04:30.069+0000] {processor.py:830} INFO - Processing file /opt/airflow/dags/customer_churn_pipeline.py for tasks to queue
[2025-09-24T13:04:30.073+0000] {logging_mixin.py:188} INFO - [2025-09-24T13:04:30.073+0000] {dagbag.py:538} INFO - Filling up the DagBag from /opt/airflow/dags/customer_churn_pipeline.py
[2025-09-24T13:04:31.055+0000] {processor.py:840} INFO - DAG(s) 'day7_customer_churn_pipeline' retrieved from /opt/airflow/dags/customer_churn_pipeline.py
[2025-09-24T13:04:31.082+0000] {logging_mixin.py:188} INFO - [2025-09-24T13:04:31.082+0000] {dag.py:3036} INFO - Sync 1 DAGs
[2025-09-24T13:04:31.094+0000] {logging_mixin.py:188} INFO - [2025-09-24T13:04:31.094+0000] {dag.py:3823} INFO - Setting next_dagrun for day7_customer_churn_pipeline to None, run_after=None
[2025-09-24T13:04:31.120+0000] {processor.py:183} INFO - Processing /opt/airflow/dags/customer_churn_pipeline.py took 1.059 seconds
[2025-09-24T13:05:01.381+0000] {processor.py:161} INFO - Started process (PID=8764) to work on /opt/airflow/dags/customer_churn_pipeline.py
[2025-09-24T13:05:01.382+0000] {processor.py:830} INFO - Processing file /opt/airflow/dags/customer_churn_pipeline.py for tasks to queue
[2025-09-24T13:05:01.385+0000] {logging_mixin.py:188} INFO - [2025-09-24T13:05:01.384+0000] {dagbag.py:538} INFO - Filling up the DagBag from /opt/airflow/dags/customer_churn_pipeline.py
[2025-09-24T13:05:02.178+0000] {processor.py:840} INFO - DAG(s) 'day7_customer_churn_pipeline' retrieved from /opt/airflow/dags/customer_churn_pipeline.py
[2025-09-24T13:05:02.203+0000] {logging_mixin.py:188} INFO - [2025-09-24T13:05:02.203+0000] {dag.py:3036} INFO - Sync 1 DAGs
[2025-09-24T13:05:02.215+0000] {logging_mixin.py:188} INFO - [2025-09-24T13:05:02.214+0000] {dag.py:3823} INFO - Setting next_dagrun for day7_customer_churn_pipeline to None, run_after=None
[2025-09-24T13:05:02.238+0000] {processor.py:183} INFO - Processing /opt/airflow/dags/customer_churn_pipeline.py took 0.860 seconds
[2025-09-24T13:05:32.581+0000] {processor.py:161} INFO - Started process (PID=8783) to work on /opt/airflow/dags/customer_churn_pipeline.py
[2025-09-24T13:05:32.583+0000] {processor.py:830} INFO - Processing file /opt/airflow/dags/customer_churn_pipeline.py for tasks to queue
[2025-09-24T13:05:32.591+0000] {logging_mixin.py:188} INFO - [2025-09-24T13:05:32.591+0000] {dagbag.py:538} INFO - Filling up the DagBag from /opt/airflow/dags/customer_churn_pipeline.py
[2025-09-24T13:05:34.042+0000] {processor.py:840} INFO - DAG(s) 'day7_customer_churn_pipeline' retrieved from /opt/airflow/dags/customer_churn_pipeline.py
[2025-09-24T13:05:34.089+0000] {logging_mixin.py:188} INFO - [2025-09-24T13:05:34.089+0000] {dag.py:3036} INFO - Sync 1 DAGs
[2025-09-24T13:05:34.111+0000] {logging_mixin.py:188} INFO - [2025-09-24T13:05:34.110+0000] {dag.py:3823} INFO - Setting next_dagrun for day7_customer_churn_pipeline to None, run_after=None
[2025-09-24T13:05:34.143+0000] {processor.py:183} INFO - Processing /opt/airflow/dags/customer_churn_pipeline.py took 1.567 seconds
[2025-09-24T13:06:04.432+0000] {processor.py:161} INFO - Started process (PID=8802) to work on /opt/airflow/dags/customer_churn_pipeline.py
[2025-09-24T13:06:04.433+0000] {processor.py:830} INFO - Processing file /opt/airflow/dags/customer_churn_pipeline.py for tasks to queue
[2025-09-24T13:06:04.435+0000] {logging_mixin.py:188} INFO - [2025-09-24T13:06:04.435+0000] {dagbag.py:538} INFO - Filling up the DagBag from /opt/airflow/dags/customer_churn_pipeline.py
[2025-09-24T13:06:05.299+0000] {processor.py:840} INFO - DAG(s) 'day7_customer_churn_pipeline' retrieved from /opt/airflow/dags/customer_churn_pipeline.py
[2025-09-24T13:06:05.321+0000] {logging_mixin.py:188} INFO - [2025-09-24T13:06:05.321+0000] {dag.py:3036} INFO - Sync 1 DAGs
[2025-09-24T13:06:05.331+0000] {logging_mixin.py:188} INFO - [2025-09-24T13:06:05.331+0000] {dag.py:3823} INFO - Setting next_dagrun for day7_customer_churn_pipeline to None, run_after=None
[2025-09-24T13:06:05.350+0000] {processor.py:183} INFO - Processing /opt/airflow/dags/customer_churn_pipeline.py took 0.922 seconds
[2025-09-24T13:06:35.695+0000] {processor.py:161} INFO - Started process (PID=8821) to work on /opt/airflow/dags/customer_churn_pipeline.py
[2025-09-24T13:06:35.697+0000] {processor.py:830} INFO - Processing file /opt/airflow/dags/customer_churn_pipeline.py for tasks to queue
[2025-09-24T13:06:35.698+0000] {logging_mixin.py:188} INFO - [2025-09-24T13:06:35.698+0000] {dagbag.py:538} INFO - Filling up the DagBag from /opt/airflow/dags/customer_churn_pipeline.py
[2025-09-24T13:06:36.499+0000] {processor.py:840} INFO - DAG(s) 'day7_customer_churn_pipeline' retrieved from /opt/airflow/dags/customer_churn_pipeline.py
[2025-09-24T13:06:36.525+0000] {logging_mixin.py:188} INFO - [2025-09-24T13:06:36.525+0000] {dag.py:3036} INFO - Sync 1 DAGs
[2025-09-24T13:06:36.536+0000] {logging_mixin.py:188} INFO - [2025-09-24T13:06:36.536+0000] {dag.py:3823} INFO - Setting next_dagrun for day7_customer_churn_pipeline to None, run_after=None
[2025-09-24T13:06:36.552+0000] {processor.py:183} INFO - Processing /opt/airflow/dags/customer_churn_pipeline.py took 0.860 seconds
[2025-09-24T13:07:06.829+0000] {processor.py:161} INFO - Started process (PID=8840) to work on /opt/airflow/dags/customer_churn_pipeline.py
[2025-09-24T13:07:06.830+0000] {processor.py:830} INFO - Processing file /opt/airflow/dags/customer_churn_pipeline.py for tasks to queue
[2025-09-24T13:07:06.831+0000] {logging_mixin.py:188} INFO - [2025-09-24T13:07:06.831+0000] {dagbag.py:538} INFO - Filling up the DagBag from /opt/airflow/dags/customer_churn_pipeline.py
[2025-09-24T13:07:07.576+0000] {processor.py:840} INFO - DAG(s) 'day7_customer_churn_pipeline' retrieved from /opt/airflow/dags/customer_churn_pipeline.py
[2025-09-24T13:07:07.600+0000] {logging_mixin.py:188} INFO - [2025-09-24T13:07:07.599+0000] {dag.py:3036} INFO - Sync 1 DAGs
[2025-09-24T13:07:07.609+0000] {logging_mixin.py:188} INFO - [2025-09-24T13:07:07.609+0000] {dag.py:3823} INFO - Setting next_dagrun for day7_customer_churn_pipeline to None, run_after=None
[2025-09-24T13:07:07.625+0000] {processor.py:183} INFO - Processing /opt/airflow/dags/customer_churn_pipeline.py took 0.799 seconds
[2025-09-24T13:07:37.896+0000] {processor.py:161} INFO - Started process (PID=8859) to work on /opt/airflow/dags/customer_churn_pipeline.py
[2025-09-24T13:07:37.898+0000] {processor.py:830} INFO - Processing file /opt/airflow/dags/customer_churn_pipeline.py for tasks to queue
[2025-09-24T13:07:37.899+0000] {logging_mixin.py:188} INFO - [2025-09-24T13:07:37.899+0000] {dagbag.py:538} INFO - Filling up the DagBag from /opt/airflow/dags/customer_churn_pipeline.py
[2025-09-24T13:07:38.687+0000] {processor.py:840} INFO - DAG(s) 'day7_customer_churn_pipeline' retrieved from /opt/airflow/dags/customer_churn_pipeline.py
[2025-09-24T13:07:38.707+0000] {logging_mixin.py:188} INFO - [2025-09-24T13:07:38.707+0000] {dag.py:3036} INFO - Sync 1 DAGs
[2025-09-24T13:07:38.718+0000] {logging_mixin.py:188} INFO - [2025-09-24T13:07:38.718+0000] {dag.py:3823} INFO - Setting next_dagrun for day7_customer_churn_pipeline to None, run_after=None
[2025-09-24T13:07:38.737+0000] {processor.py:183} INFO - Processing /opt/airflow/dags/customer_churn_pipeline.py took 0.844 seconds
[2025-09-24T13:08:08.935+0000] {processor.py:161} INFO - Started process (PID=8878) to work on /opt/airflow/dags/customer_churn_pipeline.py
[2025-09-24T13:08:08.936+0000] {processor.py:830} INFO - Processing file /opt/airflow/dags/customer_churn_pipeline.py for tasks to queue
[2025-09-24T13:08:08.938+0000] {logging_mixin.py:188} INFO - [2025-09-24T13:08:08.938+0000] {dagbag.py:538} INFO - Filling up the DagBag from /opt/airflow/dags/customer_churn_pipeline.py
[2025-09-24T13:08:09.681+0000] {processor.py:840} INFO - DAG(s) 'day7_customer_churn_pipeline' retrieved from /opt/airflow/dags/customer_churn_pipeline.py
[2025-09-24T13:08:09.701+0000] {logging_mixin.py:188} INFO - [2025-09-24T13:08:09.701+0000] {dag.py:3036} INFO - Sync 1 DAGs
[2025-09-24T13:08:09.710+0000] {logging_mixin.py:188} INFO - [2025-09-24T13:08:09.710+0000] {dag.py:3823} INFO - Setting next_dagrun for day7_customer_churn_pipeline to None, run_after=None
[2025-09-24T13:08:09.726+0000] {processor.py:183} INFO - Processing /opt/airflow/dags/customer_churn_pipeline.py took 0.794 seconds
[2025-09-24T13:08:40.070+0000] {processor.py:161} INFO - Started process (PID=8897) to work on /opt/airflow/dags/customer_churn_pipeline.py
[2025-09-24T13:08:40.071+0000] {processor.py:830} INFO - Processing file /opt/airflow/dags/customer_churn_pipeline.py for tasks to queue
[2025-09-24T13:08:40.073+0000] {logging_mixin.py:188} INFO - [2025-09-24T13:08:40.073+0000] {dagbag.py:538} INFO - Filling up the DagBag from /opt/airflow/dags/customer_churn_pipeline.py
[2025-09-24T13:08:40.813+0000] {processor.py:840} INFO - DAG(s) 'day7_customer_churn_pipeline' retrieved from /opt/airflow/dags/customer_churn_pipeline.py
[2025-09-24T13:08:40.835+0000] {logging_mixin.py:188} INFO - [2025-09-24T13:08:40.835+0000] {dag.py:3036} INFO - Sync 1 DAGs
[2025-09-24T13:08:40.845+0000] {logging_mixin.py:188} INFO - [2025-09-24T13:08:40.845+0000] {dag.py:3823} INFO - Setting next_dagrun for day7_customer_churn_pipeline to None, run_after=None
[2025-09-24T13:08:40.864+0000] {processor.py:183} INFO - Processing /opt/airflow/dags/customer_churn_pipeline.py took 0.797 seconds
[2025-09-24T13:09:11.362+0000] {processor.py:161} INFO - Started process (PID=8916) to work on /opt/airflow/dags/customer_churn_pipeline.py
[2025-09-24T13:09:11.363+0000] {processor.py:830} INFO - Processing file /opt/airflow/dags/customer_churn_pipeline.py for tasks to queue
[2025-09-24T13:09:11.365+0000] {logging_mixin.py:188} INFO - [2025-09-24T13:09:11.365+0000] {dagbag.py:538} INFO - Filling up the DagBag from /opt/airflow/dags/customer_churn_pipeline.py
[2025-09-24T13:09:12.172+0000] {processor.py:840} INFO - DAG(s) 'day7_customer_churn_pipeline' retrieved from /opt/airflow/dags/customer_churn_pipeline.py
[2025-09-24T13:09:12.206+0000] {logging_mixin.py:188} INFO - [2025-09-24T13:09:12.206+0000] {dag.py:3036} INFO - Sync 1 DAGs
[2025-09-24T13:09:12.246+0000] {logging_mixin.py:188} INFO - [2025-09-24T13:09:12.245+0000] {dag.py:3823} INFO - Setting next_dagrun for day7_customer_churn_pipeline to None, run_after=None
[2025-09-24T13:09:12.293+0000] {processor.py:183} INFO - Processing /opt/airflow/dags/customer_churn_pipeline.py took 0.934 seconds
[2025-09-24T13:09:42.699+0000] {processor.py:161} INFO - Started process (PID=8935) to work on /opt/airflow/dags/customer_churn_pipeline.py
[2025-09-24T13:09:42.700+0000] {processor.py:830} INFO - Processing file /opt/airflow/dags/customer_churn_pipeline.py for tasks to queue
[2025-09-24T13:09:42.701+0000] {logging_mixin.py:188} INFO - [2025-09-24T13:09:42.701+0000] {dagbag.py:538} INFO - Filling up the DagBag from /opt/airflow/dags/customer_churn_pipeline.py
[2025-09-24T13:09:43.442+0000] {processor.py:840} INFO - DAG(s) 'day7_customer_churn_pipeline' retrieved from /opt/airflow/dags/customer_churn_pipeline.py
[2025-09-24T13:09:43.466+0000] {logging_mixin.py:188} INFO - [2025-09-24T13:09:43.466+0000] {dag.py:3036} INFO - Sync 1 DAGs
[2025-09-24T13:09:43.476+0000] {logging_mixin.py:188} INFO - [2025-09-24T13:09:43.476+0000] {dag.py:3823} INFO - Setting next_dagrun for day7_customer_churn_pipeline to None, run_after=None
[2025-09-24T13:09:43.494+0000] {processor.py:183} INFO - Processing /opt/airflow/dags/customer_churn_pipeline.py took 0.798 seconds
[2025-09-24T13:10:13.841+0000] {processor.py:161} INFO - Started process (PID=8954) to work on /opt/airflow/dags/customer_churn_pipeline.py
[2025-09-24T13:10:13.842+0000] {processor.py:830} INFO - Processing file /opt/airflow/dags/customer_churn_pipeline.py for tasks to queue
[2025-09-24T13:10:13.844+0000] {logging_mixin.py:188} INFO - [2025-09-24T13:10:13.843+0000] {dagbag.py:538} INFO - Filling up the DagBag from /opt/airflow/dags/customer_churn_pipeline.py
[2025-09-24T13:10:14.586+0000] {processor.py:840} INFO - DAG(s) 'day7_customer_churn_pipeline' retrieved from /opt/airflow/dags/customer_churn_pipeline.py
[2025-09-24T13:10:14.606+0000] {logging_mixin.py:188} INFO - [2025-09-24T13:10:14.606+0000] {dag.py:3036} INFO - Sync 1 DAGs
[2025-09-24T13:10:14.616+0000] {logging_mixin.py:188} INFO - [2025-09-24T13:10:14.616+0000] {dag.py:3823} INFO - Setting next_dagrun for day7_customer_churn_pipeline to None, run_after=None
[2025-09-24T13:10:14.633+0000] {processor.py:183} INFO - Processing /opt/airflow/dags/customer_churn_pipeline.py took 0.795 seconds
[2025-09-24T13:10:44.933+0000] {processor.py:161} INFO - Started process (PID=8973) to work on /opt/airflow/dags/customer_churn_pipeline.py
[2025-09-24T13:10:44.935+0000] {processor.py:830} INFO - Processing file /opt/airflow/dags/customer_churn_pipeline.py for tasks to queue
[2025-09-24T13:10:44.937+0000] {logging_mixin.py:188} INFO - [2025-09-24T13:10:44.937+0000] {dagbag.py:538} INFO - Filling up the DagBag from /opt/airflow/dags/customer_churn_pipeline.py
[2025-09-24T13:10:45.723+0000] {processor.py:840} INFO - DAG(s) 'day7_customer_churn_pipeline' retrieved from /opt/airflow/dags/customer_churn_pipeline.py
[2025-09-24T13:10:45.746+0000] {logging_mixin.py:188} INFO - [2025-09-24T13:10:45.745+0000] {dag.py:3036} INFO - Sync 1 DAGs
[2025-09-24T13:10:45.755+0000] {logging_mixin.py:188} INFO - [2025-09-24T13:10:45.755+0000] {dag.py:3823} INFO - Setting next_dagrun for day7_customer_churn_pipeline to None, run_after=None
[2025-09-24T13:10:45.773+0000] {processor.py:183} INFO - Processing /opt/airflow/dags/customer_churn_pipeline.py took 0.843 seconds
[2025-09-24T13:11:15.868+0000] {processor.py:161} INFO - Started process (PID=8992) to work on /opt/airflow/dags/customer_churn_pipeline.py
[2025-09-24T13:11:15.869+0000] {processor.py:830} INFO - Processing file /opt/airflow/dags/customer_churn_pipeline.py for tasks to queue
[2025-09-24T13:11:15.872+0000] {logging_mixin.py:188} INFO - [2025-09-24T13:11:15.871+0000] {dagbag.py:538} INFO - Filling up the DagBag from /opt/airflow/dags/customer_churn_pipeline.py
[2025-09-24T13:11:16.630+0000] {processor.py:840} INFO - DAG(s) 'day7_customer_churn_pipeline' retrieved from /opt/airflow/dags/customer_churn_pipeline.py
[2025-09-24T13:11:16.649+0000] {logging_mixin.py:188} INFO - [2025-09-24T13:11:16.649+0000] {dag.py:3036} INFO - Sync 1 DAGs
[2025-09-24T13:11:16.662+0000] {logging_mixin.py:188} INFO - [2025-09-24T13:11:16.662+0000] {dag.py:3823} INFO - Setting next_dagrun for day7_customer_churn_pipeline to None, run_after=None
[2025-09-24T13:11:16.679+0000] {processor.py:183} INFO - Processing /opt/airflow/dags/customer_churn_pipeline.py took 0.814 seconds
[2025-09-24T13:11:47.072+0000] {processor.py:161} INFO - Started process (PID=9011) to work on /opt/airflow/dags/customer_churn_pipeline.py
[2025-09-24T13:11:47.073+0000] {processor.py:830} INFO - Processing file /opt/airflow/dags/customer_churn_pipeline.py for tasks to queue
[2025-09-24T13:11:47.075+0000] {logging_mixin.py:188} INFO - [2025-09-24T13:11:47.075+0000] {dagbag.py:538} INFO - Filling up the DagBag from /opt/airflow/dags/customer_churn_pipeline.py
[2025-09-24T13:11:47.868+0000] {processor.py:840} INFO - DAG(s) 'day7_customer_churn_pipeline' retrieved from /opt/airflow/dags/customer_churn_pipeline.py
[2025-09-24T13:11:47.892+0000] {logging_mixin.py:188} INFO - [2025-09-24T13:11:47.891+0000] {dag.py:3036} INFO - Sync 1 DAGs
[2025-09-24T13:11:47.901+0000] {logging_mixin.py:188} INFO - [2025-09-24T13:11:47.901+0000] {dag.py:3823} INFO - Setting next_dagrun for day7_customer_churn_pipeline to None, run_after=None
[2025-09-24T13:11:47.917+0000] {processor.py:183} INFO - Processing /opt/airflow/dags/customer_churn_pipeline.py took 0.848 seconds
[2025-09-24T13:12:18.273+0000] {processor.py:161} INFO - Started process (PID=9030) to work on /opt/airflow/dags/customer_churn_pipeline.py
[2025-09-24T13:12:18.274+0000] {processor.py:830} INFO - Processing file /opt/airflow/dags/customer_churn_pipeline.py for tasks to queue
[2025-09-24T13:12:18.278+0000] {logging_mixin.py:188} INFO - [2025-09-24T13:12:18.277+0000] {dagbag.py:538} INFO - Filling up the DagBag from /opt/airflow/dags/customer_churn_pipeline.py
[2025-09-24T13:12:19.145+0000] {processor.py:840} INFO - DAG(s) 'day7_customer_churn_pipeline' retrieved from /opt/airflow/dags/customer_churn_pipeline.py
[2025-09-24T13:12:19.174+0000] {logging_mixin.py:188} INFO - [2025-09-24T13:12:19.173+0000] {dag.py:3036} INFO - Sync 1 DAGs
[2025-09-24T13:12:19.190+0000] {logging_mixin.py:188} INFO - [2025-09-24T13:12:19.190+0000] {dag.py:3823} INFO - Setting next_dagrun for day7_customer_churn_pipeline to None, run_after=None
[2025-09-24T13:12:19.220+0000] {processor.py:183} INFO - Processing /opt/airflow/dags/customer_churn_pipeline.py took 0.952 seconds
[2025-09-24T13:12:49.494+0000] {processor.py:161} INFO - Started process (PID=9049) to work on /opt/airflow/dags/customer_churn_pipeline.py
[2025-09-24T13:12:49.496+0000] {processor.py:830} INFO - Processing file /opt/airflow/dags/customer_churn_pipeline.py for tasks to queue
[2025-09-24T13:12:49.497+0000] {logging_mixin.py:188} INFO - [2025-09-24T13:12:49.497+0000] {dagbag.py:538} INFO - Filling up the DagBag from /opt/airflow/dags/customer_churn_pipeline.py
[2025-09-24T13:12:50.296+0000] {processor.py:840} INFO - DAG(s) 'day7_customer_churn_pipeline' retrieved from /opt/airflow/dags/customer_churn_pipeline.py
[2025-09-24T13:12:50.318+0000] {logging_mixin.py:188} INFO - [2025-09-24T13:12:50.317+0000] {dag.py:3036} INFO - Sync 1 DAGs
[2025-09-24T13:12:50.327+0000] {logging_mixin.py:188} INFO - [2025-09-24T13:12:50.327+0000] {dag.py:3823} INFO - Setting next_dagrun for day7_customer_churn_pipeline to None, run_after=None
[2025-09-24T13:12:50.345+0000] {processor.py:183} INFO - Processing /opt/airflow/dags/customer_churn_pipeline.py took 0.853 seconds
[2025-09-24T13:13:20.756+0000] {processor.py:161} INFO - Started process (PID=9068) to work on /opt/airflow/dags/customer_churn_pipeline.py
[2025-09-24T13:13:20.757+0000] {processor.py:830} INFO - Processing file /opt/airflow/dags/customer_churn_pipeline.py for tasks to queue
[2025-09-24T13:13:20.759+0000] {logging_mixin.py:188} INFO - [2025-09-24T13:13:20.759+0000] {dagbag.py:538} INFO - Filling up the DagBag from /opt/airflow/dags/customer_churn_pipeline.py
[2025-09-24T13:13:21.573+0000] {processor.py:840} INFO - DAG(s) 'day7_customer_churn_pipeline' retrieved from /opt/airflow/dags/customer_churn_pipeline.py
[2025-09-24T13:13:21.593+0000] {logging_mixin.py:188} INFO - [2025-09-24T13:13:21.593+0000] {dag.py:3036} INFO - Sync 1 DAGs
[2025-09-24T13:13:21.605+0000] {logging_mixin.py:188} INFO - [2025-09-24T13:13:21.605+0000] {dag.py:3823} INFO - Setting next_dagrun for day7_customer_churn_pipeline to None, run_after=None
[2025-09-24T13:13:21.625+0000] {processor.py:183} INFO - Processing /opt/airflow/dags/customer_churn_pipeline.py took 0.872 seconds
[2025-09-24T13:13:52.064+0000] {processor.py:161} INFO - Started process (PID=9087) to work on /opt/airflow/dags/customer_churn_pipeline.py
[2025-09-24T13:13:52.066+0000] {processor.py:830} INFO - Processing file /opt/airflow/dags/customer_churn_pipeline.py for tasks to queue
[2025-09-24T13:13:52.069+0000] {logging_mixin.py:188} INFO - [2025-09-24T13:13:52.069+0000] {dagbag.py:538} INFO - Filling up the DagBag from /opt/airflow/dags/customer_churn_pipeline.py
[2025-09-24T13:13:53.269+0000] {processor.py:840} INFO - DAG(s) 'day7_customer_churn_pipeline' retrieved from /opt/airflow/dags/customer_churn_pipeline.py
[2025-09-24T13:13:53.298+0000] {logging_mixin.py:188} INFO - [2025-09-24T13:13:53.298+0000] {dag.py:3036} INFO - Sync 1 DAGs
[2025-09-24T13:13:53.313+0000] {logging_mixin.py:188} INFO - [2025-09-24T13:13:53.313+0000] {dag.py:3823} INFO - Setting next_dagrun for day7_customer_churn_pipeline to None, run_after=None
[2025-09-24T13:13:53.353+0000] {processor.py:183} INFO - Processing /opt/airflow/dags/customer_churn_pipeline.py took 1.295 seconds
[2025-09-24T13:15:11.519+0000] {processor.py:161} INFO - Started process (PID=9106) to work on /opt/airflow/dags/customer_churn_pipeline.py
[2025-09-24T13:15:11.520+0000] {processor.py:830} INFO - Processing file /opt/airflow/dags/customer_churn_pipeline.py for tasks to queue
[2025-09-24T13:15:11.522+0000] {logging_mixin.py:188} INFO - [2025-09-24T13:15:11.522+0000] {dagbag.py:538} INFO - Filling up the DagBag from /opt/airflow/dags/customer_churn_pipeline.py
[2025-09-24T13:15:12.320+0000] {processor.py:840} INFO - DAG(s) 'day7_customer_churn_pipeline' retrieved from /opt/airflow/dags/customer_churn_pipeline.py
[2025-09-24T13:15:12.342+0000] {logging_mixin.py:188} INFO - [2025-09-24T13:15:12.342+0000] {dag.py:3036} INFO - Sync 1 DAGs
[2025-09-24T13:15:12.353+0000] {logging_mixin.py:188} INFO - [2025-09-24T13:15:12.352+0000] {dag.py:3823} INFO - Setting next_dagrun for day7_customer_churn_pipeline to None, run_after=None
[2025-09-24T13:15:12.370+0000] {processor.py:183} INFO - Processing /opt/airflow/dags/customer_churn_pipeline.py took 0.855 seconds
[2025-09-24T13:15:42.734+0000] {processor.py:161} INFO - Started process (PID=9125) to work on /opt/airflow/dags/customer_churn_pipeline.py
[2025-09-24T13:15:42.735+0000] {processor.py:830} INFO - Processing file /opt/airflow/dags/customer_churn_pipeline.py for tasks to queue
[2025-09-24T13:15:42.737+0000] {logging_mixin.py:188} INFO - [2025-09-24T13:15:42.737+0000] {dagbag.py:538} INFO - Filling up the DagBag from /opt/airflow/dags/customer_churn_pipeline.py
[2025-09-24T13:15:43.512+0000] {processor.py:840} INFO - DAG(s) 'day7_customer_churn_pipeline' retrieved from /opt/airflow/dags/customer_churn_pipeline.py
[2025-09-24T13:15:43.534+0000] {logging_mixin.py:188} INFO - [2025-09-24T13:15:43.534+0000] {dag.py:3036} INFO - Sync 1 DAGs
[2025-09-24T13:15:43.543+0000] {logging_mixin.py:188} INFO - [2025-09-24T13:15:43.543+0000] {dag.py:3823} INFO - Setting next_dagrun for day7_customer_churn_pipeline to None, run_after=None
[2025-09-24T13:15:43.559+0000] {processor.py:183} INFO - Processing /opt/airflow/dags/customer_churn_pipeline.py took 0.828 seconds
[2025-09-24T13:16:14.046+0000] {processor.py:161} INFO - Started process (PID=9144) to work on /opt/airflow/dags/customer_churn_pipeline.py
[2025-09-24T13:16:14.048+0000] {processor.py:830} INFO - Processing file /opt/airflow/dags/customer_churn_pipeline.py for tasks to queue
[2025-09-24T13:16:14.050+0000] {logging_mixin.py:188} INFO - [2025-09-24T13:16:14.050+0000] {dagbag.py:538} INFO - Filling up the DagBag from /opt/airflow/dags/customer_churn_pipeline.py
[2025-09-24T13:16:14.834+0000] {processor.py:840} INFO - DAG(s) 'day7_customer_churn_pipeline' retrieved from /opt/airflow/dags/customer_churn_pipeline.py
[2025-09-24T13:16:14.855+0000] {logging_mixin.py:188} INFO - [2025-09-24T13:16:14.855+0000] {dag.py:3036} INFO - Sync 1 DAGs
[2025-09-24T13:16:14.864+0000] {logging_mixin.py:188} INFO - [2025-09-24T13:16:14.863+0000] {dag.py:3823} INFO - Setting next_dagrun for day7_customer_churn_pipeline to None, run_after=None
[2025-09-24T13:16:14.886+0000] {processor.py:183} INFO - Processing /opt/airflow/dags/customer_churn_pipeline.py took 0.844 seconds
[2025-09-24T13:16:45.228+0000] {processor.py:161} INFO - Started process (PID=9163) to work on /opt/airflow/dags/customer_churn_pipeline.py
[2025-09-24T13:16:45.229+0000] {processor.py:830} INFO - Processing file /opt/airflow/dags/customer_churn_pipeline.py for tasks to queue
[2025-09-24T13:16:45.231+0000] {logging_mixin.py:188} INFO - [2025-09-24T13:16:45.230+0000] {dagbag.py:538} INFO - Filling up the DagBag from /opt/airflow/dags/customer_churn_pipeline.py
[2025-09-24T13:16:45.940+0000] {processor.py:840} INFO - DAG(s) 'day7_customer_churn_pipeline' retrieved from /opt/airflow/dags/customer_churn_pipeline.py
[2025-09-24T13:16:45.961+0000] {logging_mixin.py:188} INFO - [2025-09-24T13:16:45.960+0000] {dag.py:3036} INFO - Sync 1 DAGs
[2025-09-24T13:16:45.969+0000] {logging_mixin.py:188} INFO - [2025-09-24T13:16:45.969+0000] {dag.py:3823} INFO - Setting next_dagrun for day7_customer_churn_pipeline to None, run_after=None
[2025-09-24T13:16:45.984+0000] {processor.py:183} INFO - Processing /opt/airflow/dags/customer_churn_pipeline.py took 0.759 seconds
[2025-09-24T13:17:16.380+0000] {processor.py:161} INFO - Started process (PID=9182) to work on /opt/airflow/dags/customer_churn_pipeline.py
[2025-09-24T13:17:16.381+0000] {processor.py:830} INFO - Processing file /opt/airflow/dags/customer_churn_pipeline.py for tasks to queue
[2025-09-24T13:17:16.383+0000] {logging_mixin.py:188} INFO - [2025-09-24T13:17:16.383+0000] {dagbag.py:538} INFO - Filling up the DagBag from /opt/airflow/dags/customer_churn_pipeline.py
[2025-09-24T13:17:17.174+0000] {processor.py:840} INFO - DAG(s) 'day7_customer_churn_pipeline' retrieved from /opt/airflow/dags/customer_churn_pipeline.py
[2025-09-24T13:17:17.195+0000] {logging_mixin.py:188} INFO - [2025-09-24T13:17:17.194+0000] {dag.py:3036} INFO - Sync 1 DAGs
[2025-09-24T13:17:17.203+0000] {logging_mixin.py:188} INFO - [2025-09-24T13:17:17.203+0000] {dag.py:3823} INFO - Setting next_dagrun for day7_customer_churn_pipeline to None, run_after=None
[2025-09-24T13:17:17.219+0000] {processor.py:183} INFO - Processing /opt/airflow/dags/customer_churn_pipeline.py took 0.843 seconds
[2025-09-24T13:17:47.958+0000] {processor.py:161} INFO - Started process (PID=9201) to work on /opt/airflow/dags/customer_churn_pipeline.py
[2025-09-24T13:17:47.959+0000] {processor.py:830} INFO - Processing file /opt/airflow/dags/customer_churn_pipeline.py for tasks to queue
[2025-09-24T13:17:47.960+0000] {logging_mixin.py:188} INFO - [2025-09-24T13:17:47.960+0000] {dagbag.py:538} INFO - Filling up the DagBag from /opt/airflow/dags/customer_churn_pipeline.py
[2025-09-24T13:17:48.755+0000] {processor.py:840} INFO - DAG(s) 'day7_customer_churn_pipeline' retrieved from /opt/airflow/dags/customer_churn_pipeline.py
[2025-09-24T13:17:48.776+0000] {logging_mixin.py:188} INFO - [2025-09-24T13:17:48.776+0000] {dag.py:3036} INFO - Sync 1 DAGs
[2025-09-24T13:17:48.785+0000] {logging_mixin.py:188} INFO - [2025-09-24T13:17:48.785+0000] {dag.py:3823} INFO - Setting next_dagrun for day7_customer_churn_pipeline to None, run_after=None
[2025-09-24T13:17:48.801+0000] {processor.py:183} INFO - Processing /opt/airflow/dags/customer_churn_pipeline.py took 0.846 seconds
[2025-09-24T23:14:37.183+0000] {processor.py:161} INFO - Started process (PID=9220) to work on /opt/airflow/dags/customer_churn_pipeline.py
[2025-09-24T23:14:37.208+0000] {processor.py:830} INFO - Processing file /opt/airflow/dags/customer_churn_pipeline.py for tasks to queue
[2025-09-24T23:14:37.227+0000] {logging_mixin.py:188} INFO - [2025-09-24T23:14:37.226+0000] {dagbag.py:538} INFO - Filling up the DagBag from /opt/airflow/dags/customer_churn_pipeline.py
[2025-09-24T23:14:40.173+0000] {processor.py:840} INFO - DAG(s) 'day7_customer_churn_pipeline' retrieved from /opt/airflow/dags/customer_churn_pipeline.py
[2025-09-24T23:14:40.196+0000] {logging_mixin.py:188} INFO - [2025-09-24T23:14:40.195+0000] {dag.py:3036} INFO - Sync 1 DAGs
[2025-09-24T23:14:40.210+0000] {logging_mixin.py:188} INFO - [2025-09-24T23:14:40.210+0000] {dag.py:3823} INFO - Setting next_dagrun for day7_customer_churn_pipeline to None, run_after=None
[2025-09-24T23:14:40.246+0000] {processor.py:183} INFO - Processing /opt/airflow/dags/customer_churn_pipeline.py took 3.086 seconds
