[2025-08-27T12:06:21.893+0000] {taskinstance.py:1956} INFO - Dependencies all met for dep_context=non-requeueable deps ti=<TaskInstance: day7_customer_churn_pipeline.data_ingestion manual__2025-08-27T12:05:44.722028+00:00 [queued]>
[2025-08-27T12:06:21.901+0000] {taskinstance.py:1956} INFO - Dependencies all met for dep_context=requeueable deps ti=<TaskInstance: day7_customer_churn_pipeline.data_ingestion manual__2025-08-27T12:05:44.722028+00:00 [queued]>
[2025-08-27T12:06:21.902+0000] {taskinstance.py:2170} INFO - Starting attempt 2 of 2
[2025-08-27T12:06:21.917+0000] {taskinstance.py:2191} INFO - Executing <Task(PythonOperator): data_ingestion> on 2025-08-27 12:05:44.722028+00:00
[2025-08-27T12:06:21.928+0000] {standard_task_runner.py:60} INFO - Started process 182 to run task
[2025-08-27T12:06:21.933+0000] {standard_task_runner.py:87} INFO - Running: ['***', 'tasks', 'run', 'day7_customer_churn_pipeline', 'data_ingestion', 'manual__2025-08-27T12:05:44.722028+00:00', '--job-id', '29', '--raw', '--subdir', 'DAGS_FOLDER/customer_churn_pipeline.py', '--cfg-path', '/tmp/tmpvbmqpru0']
[2025-08-27T12:06:21.940+0000] {standard_task_runner.py:88} INFO - Job 29: Subtask data_ingestion
[2025-08-27T12:06:21.958+0000] {warnings.py:109} WARNING - /home/***/.local/lib/python3.8/site-packages/***/settings.py:194: DeprecationWarning: The sql_alchemy_conn option in [core] has been moved to the sql_alchemy_conn option in [database] - the old setting has been used, but please update your config.
  SQL_ALCHEMY_CONN = conf.get("database", "SQL_ALCHEMY_CONN")

[2025-08-27T12:06:22.020+0000] {task_command.py:423} INFO - Running <TaskInstance: day7_customer_churn_pipeline.data_ingestion manual__2025-08-27T12:05:44.722028+00:00 [running]> on host 86b6a219bb87
[2025-08-27T12:06:22.107+0000] {taskinstance.py:2480} INFO - Exporting env vars: AIRFLOW_CTX_DAG_OWNER='***' AIRFLOW_CTX_DAG_ID='day7_customer_churn_pipeline' AIRFLOW_CTX_TASK_ID='data_ingestion' AIRFLOW_CTX_EXECUTION_DATE='2025-08-27T12:05:44.722028+00:00' AIRFLOW_CTX_TRY_NUMBER='2' AIRFLOW_CTX_DAG_RUN_ID='manual__2025-08-27T12:05:44.722028+00:00'
[2025-08-27T12:06:22.118+0000] {taskinstance.py:2698} ERROR - Task failed with exception
Traceback (most recent call last):
  File "/home/airflow/.local/lib/python3.8/site-packages/airflow/models/taskinstance.py", line 433, in _execute_task
    result = execute_callable(context=context, **execute_callable_kwargs)
  File "/home/airflow/.local/lib/python3.8/site-packages/airflow/operators/python.py", line 199, in execute
    return_value = self.execute_callable()
  File "/home/airflow/.local/lib/python3.8/site-packages/airflow/operators/python.py", line 216, in execute_callable
    return self.python_callable(*self.op_args, **self.op_kwargs)
  File "/opt/airflow/dags/customer_churn_pipeline.py", line 21, in data_ingestion
    df = pd.read_csv(DATA_PATH)
  File "/home/airflow/.local/lib/python3.8/site-packages/pandas/io/parsers/readers.py", line 912, in read_csv
    return _read(filepath_or_buffer, kwds)
  File "/home/airflow/.local/lib/python3.8/site-packages/pandas/io/parsers/readers.py", line 577, in _read
    parser = TextFileReader(filepath_or_buffer, **kwds)
  File "/home/airflow/.local/lib/python3.8/site-packages/pandas/io/parsers/readers.py", line 1407, in __init__
    self._engine = self._make_engine(f, self.engine)
  File "/home/airflow/.local/lib/python3.8/site-packages/pandas/io/parsers/readers.py", line 1661, in _make_engine
    self.handles = get_handle(
  File "/home/airflow/.local/lib/python3.8/site-packages/pandas/io/common.py", line 859, in get_handle
    handle = open(
FileNotFoundError: [Errno 2] No such file or directory: '/opt/airflow/data/cleaned_churn_data.csv'
[2025-08-27T12:06:22.134+0000] {taskinstance.py:1138} INFO - Marking task as FAILED. dag_id=day7_customer_churn_pipeline, task_id=data_ingestion, execution_date=20250827T120544, start_date=20250827T120621, end_date=20250827T120622
[2025-08-27T12:06:22.143+0000] {standard_task_runner.py:107} ERROR - Failed to execute job 29 for task data_ingestion ([Errno 2] No such file or directory: '/opt/airflow/data/cleaned_churn_data.csv'; 182)
[2025-08-27T12:06:22.188+0000] {local_task_job_runner.py:234} INFO - Task exited with return code 1
[2025-08-27T12:06:22.225+0000] {taskinstance.py:3280} INFO - 0 downstream tasks scheduled from follow-on schedule check
