[2025-09-29T22:10:16.902+0000] {processor.py:161} INFO - Started process (PID=1714) to work on /opt/airflow/dags/customer_churn_pipeline.py
[2025-09-29T22:10:16.911+0000] {processor.py:830} INFO - Processing file /opt/airflow/dags/customer_churn_pipeline.py for tasks to queue
[2025-09-29T22:10:16.919+0000] {logging_mixin.py:188} INFO - [2025-09-29T22:10:16.919+0000] {dagbag.py:538} INFO - Filling up the DagBag from /opt/airflow/dags/customer_churn_pipeline.py
[2025-09-29T22:10:18.127+0000] {processor.py:840} INFO - DAG(s) 'day7_customer_churn_pipeline' retrieved from /opt/airflow/dags/customer_churn_pipeline.py
[2025-09-29T22:10:18.169+0000] {logging_mixin.py:188} INFO - [2025-09-29T22:10:18.168+0000] {dag.py:3036} INFO - Sync 1 DAGs
[2025-09-29T22:10:18.191+0000] {logging_mixin.py:188} INFO - [2025-09-29T22:10:18.191+0000] {dag.py:3823} INFO - Setting next_dagrun for day7_customer_churn_pipeline to None, run_after=None
[2025-09-29T22:10:18.230+0000] {processor.py:183} INFO - Processing /opt/airflow/dags/customer_churn_pipeline.py took 1.793 seconds
[2025-09-29T22:11:33.430+0000] {processor.py:161} INFO - Started process (PID=1733) to work on /opt/airflow/dags/customer_churn_pipeline.py
[2025-09-29T22:11:33.432+0000] {processor.py:830} INFO - Processing file /opt/airflow/dags/customer_churn_pipeline.py for tasks to queue
[2025-09-29T22:11:33.439+0000] {logging_mixin.py:188} INFO - [2025-09-29T22:11:33.438+0000] {dagbag.py:538} INFO - Filling up the DagBag from /opt/airflow/dags/customer_churn_pipeline.py
[2025-09-29T22:11:35.069+0000] {processor.py:840} INFO - DAG(s) 'day7_customer_churn_pipeline' retrieved from /opt/airflow/dags/customer_churn_pipeline.py
[2025-09-29T22:11:35.106+0000] {logging_mixin.py:188} INFO - [2025-09-29T22:11:35.106+0000] {dag.py:3036} INFO - Sync 1 DAGs
[2025-09-29T22:11:35.124+0000] {logging_mixin.py:188} INFO - [2025-09-29T22:11:35.123+0000] {dag.py:3823} INFO - Setting next_dagrun for day7_customer_churn_pipeline to None, run_after=None
[2025-09-29T22:11:35.152+0000] {processor.py:183} INFO - Processing /opt/airflow/dags/customer_churn_pipeline.py took 1.734 seconds
[2025-09-29T22:13:30.188+0000] {processor.py:161} INFO - Started process (PID=1752) to work on /opt/airflow/dags/customer_churn_pipeline.py
[2025-09-29T22:13:30.267+0000] {processor.py:830} INFO - Processing file /opt/airflow/dags/customer_churn_pipeline.py for tasks to queue
[2025-09-29T22:13:30.295+0000] {logging_mixin.py:188} INFO - [2025-09-29T22:13:30.295+0000] {dagbag.py:538} INFO - Filling up the DagBag from /opt/airflow/dags/customer_churn_pipeline.py
[2025-09-29T22:13:31.765+0000] {processor.py:840} INFO - DAG(s) 'day7_customer_churn_pipeline' retrieved from /opt/airflow/dags/customer_churn_pipeline.py
[2025-09-29T22:13:31.835+0000] {logging_mixin.py:188} INFO - [2025-09-29T22:13:31.834+0000] {dag.py:3036} INFO - Sync 1 DAGs
[2025-09-29T22:13:31.863+0000] {logging_mixin.py:188} INFO - [2025-09-29T22:13:31.862+0000] {dag.py:3823} INFO - Setting next_dagrun for day7_customer_churn_pipeline to None, run_after=None
[2025-09-29T22:13:31.912+0000] {processor.py:183} INFO - Processing /opt/airflow/dags/customer_churn_pipeline.py took 1.729 seconds
[2025-09-29T22:14:02.069+0000] {processor.py:161} INFO - Started process (PID=1771) to work on /opt/airflow/dags/customer_churn_pipeline.py
[2025-09-29T22:14:02.073+0000] {processor.py:830} INFO - Processing file /opt/airflow/dags/customer_churn_pipeline.py for tasks to queue
[2025-09-29T22:14:02.076+0000] {logging_mixin.py:188} INFO - [2025-09-29T22:14:02.075+0000] {dagbag.py:538} INFO - Filling up the DagBag from /opt/airflow/dags/customer_churn_pipeline.py
[2025-09-29T22:14:03.324+0000] {processor.py:840} INFO - DAG(s) 'day7_customer_churn_pipeline' retrieved from /opt/airflow/dags/customer_churn_pipeline.py
[2025-09-29T22:14:03.367+0000] {logging_mixin.py:188} INFO - [2025-09-29T22:14:03.366+0000] {dag.py:3036} INFO - Sync 1 DAGs
[2025-09-29T22:14:03.398+0000] {logging_mixin.py:188} INFO - [2025-09-29T22:14:03.398+0000] {dag.py:3823} INFO - Setting next_dagrun for day7_customer_churn_pipeline to None, run_after=None
[2025-09-29T22:14:03.433+0000] {processor.py:183} INFO - Processing /opt/airflow/dags/customer_churn_pipeline.py took 1.369 seconds
[2025-09-29T22:14:34.018+0000] {processor.py:161} INFO - Started process (PID=1790) to work on /opt/airflow/dags/customer_churn_pipeline.py
[2025-09-29T22:14:34.021+0000] {processor.py:830} INFO - Processing file /opt/airflow/dags/customer_churn_pipeline.py for tasks to queue
[2025-09-29T22:14:34.024+0000] {logging_mixin.py:188} INFO - [2025-09-29T22:14:34.024+0000] {dagbag.py:538} INFO - Filling up the DagBag from /opt/airflow/dags/customer_churn_pipeline.py
[2025-09-29T22:14:35.503+0000] {processor.py:840} INFO - DAG(s) 'day7_customer_churn_pipeline' retrieved from /opt/airflow/dags/customer_churn_pipeline.py
[2025-09-29T22:14:35.545+0000] {logging_mixin.py:188} INFO - [2025-09-29T22:14:35.544+0000] {dag.py:3036} INFO - Sync 1 DAGs
[2025-09-29T22:14:35.563+0000] {logging_mixin.py:188} INFO - [2025-09-29T22:14:35.562+0000] {dag.py:3823} INFO - Setting next_dagrun for day7_customer_churn_pipeline to None, run_after=None
[2025-09-29T22:14:35.598+0000] {processor.py:183} INFO - Processing /opt/airflow/dags/customer_churn_pipeline.py took 1.586 seconds
[2025-09-29T22:15:06.207+0000] {processor.py:161} INFO - Started process (PID=1809) to work on /opt/airflow/dags/customer_churn_pipeline.py
[2025-09-29T22:15:06.210+0000] {processor.py:830} INFO - Processing file /opt/airflow/dags/customer_churn_pipeline.py for tasks to queue
[2025-09-29T22:15:06.215+0000] {logging_mixin.py:188} INFO - [2025-09-29T22:15:06.214+0000] {dagbag.py:538} INFO - Filling up the DagBag from /opt/airflow/dags/customer_churn_pipeline.py
[2025-09-29T22:15:07.612+0000] {processor.py:840} INFO - DAG(s) 'day7_customer_churn_pipeline' retrieved from /opt/airflow/dags/customer_churn_pipeline.py
[2025-09-29T22:15:07.652+0000] {logging_mixin.py:188} INFO - [2025-09-29T22:15:07.651+0000] {dag.py:3036} INFO - Sync 1 DAGs
[2025-09-29T22:15:07.670+0000] {logging_mixin.py:188} INFO - [2025-09-29T22:15:07.669+0000] {dag.py:3823} INFO - Setting next_dagrun for day7_customer_churn_pipeline to None, run_after=None
[2025-09-29T22:15:07.704+0000] {processor.py:183} INFO - Processing /opt/airflow/dags/customer_churn_pipeline.py took 1.503 seconds
[2025-09-29T22:15:38.157+0000] {processor.py:161} INFO - Started process (PID=1828) to work on /opt/airflow/dags/customer_churn_pipeline.py
[2025-09-29T22:15:38.158+0000] {processor.py:830} INFO - Processing file /opt/airflow/dags/customer_churn_pipeline.py for tasks to queue
[2025-09-29T22:15:38.160+0000] {logging_mixin.py:188} INFO - [2025-09-29T22:15:38.159+0000] {dagbag.py:538} INFO - Filling up the DagBag from /opt/airflow/dags/customer_churn_pipeline.py
[2025-09-29T22:15:38.885+0000] {processor.py:840} INFO - DAG(s) 'day7_customer_churn_pipeline' retrieved from /opt/airflow/dags/customer_churn_pipeline.py
[2025-09-29T22:15:38.904+0000] {logging_mixin.py:188} INFO - [2025-09-29T22:15:38.904+0000] {dag.py:3036} INFO - Sync 1 DAGs
[2025-09-29T22:15:38.914+0000] {logging_mixin.py:188} INFO - [2025-09-29T22:15:38.914+0000] {dag.py:3823} INFO - Setting next_dagrun for day7_customer_churn_pipeline to None, run_after=None
[2025-09-29T22:15:38.932+0000] {processor.py:183} INFO - Processing /opt/airflow/dags/customer_churn_pipeline.py took 0.777 seconds
[2025-09-29T22:16:09.052+0000] {processor.py:161} INFO - Started process (PID=1847) to work on /opt/airflow/dags/customer_churn_pipeline.py
[2025-09-29T22:16:09.053+0000] {processor.py:830} INFO - Processing file /opt/airflow/dags/customer_churn_pipeline.py for tasks to queue
[2025-09-29T22:16:09.055+0000] {logging_mixin.py:188} INFO - [2025-09-29T22:16:09.055+0000] {dagbag.py:538} INFO - Filling up the DagBag from /opt/airflow/dags/customer_churn_pipeline.py
[2025-09-29T22:16:09.778+0000] {processor.py:840} INFO - DAG(s) 'day7_customer_churn_pipeline' retrieved from /opt/airflow/dags/customer_churn_pipeline.py
[2025-09-29T22:16:09.803+0000] {logging_mixin.py:188} INFO - [2025-09-29T22:16:09.803+0000] {dag.py:3036} INFO - Sync 1 DAGs
[2025-09-29T22:16:09.812+0000] {logging_mixin.py:188} INFO - [2025-09-29T22:16:09.812+0000] {dag.py:3823} INFO - Setting next_dagrun for day7_customer_churn_pipeline to None, run_after=None
[2025-09-29T22:16:09.830+0000] {processor.py:183} INFO - Processing /opt/airflow/dags/customer_churn_pipeline.py took 0.781 seconds
[2025-09-29T22:16:40.428+0000] {processor.py:161} INFO - Started process (PID=1866) to work on /opt/airflow/dags/customer_churn_pipeline.py
[2025-09-29T22:16:40.430+0000] {processor.py:830} INFO - Processing file /opt/airflow/dags/customer_churn_pipeline.py for tasks to queue
[2025-09-29T22:16:40.431+0000] {logging_mixin.py:188} INFO - [2025-09-29T22:16:40.431+0000] {dagbag.py:538} INFO - Filling up the DagBag from /opt/airflow/dags/customer_churn_pipeline.py
[2025-09-29T22:16:41.265+0000] {processor.py:840} INFO - DAG(s) 'day7_customer_churn_pipeline' retrieved from /opt/airflow/dags/customer_churn_pipeline.py
[2025-09-29T22:16:41.287+0000] {logging_mixin.py:188} INFO - [2025-09-29T22:16:41.286+0000] {dag.py:3036} INFO - Sync 1 DAGs
[2025-09-29T22:16:41.178+0000] {logging_mixin.py:188} INFO - [2025-09-29T22:16:41.177+0000] {dag.py:3823} INFO - Setting next_dagrun for day7_customer_churn_pipeline to None, run_after=None
[2025-09-29T22:16:40.698+0000] {processor.py:183} INFO - Processing /opt/airflow/dags/customer_churn_pipeline.py took 0.898 seconds
[2025-09-29T22:17:10.899+0000] {processor.py:161} INFO - Started process (PID=1885) to work on /opt/airflow/dags/customer_churn_pipeline.py
[2025-09-29T22:17:10.900+0000] {processor.py:830} INFO - Processing file /opt/airflow/dags/customer_churn_pipeline.py for tasks to queue
[2025-09-29T22:17:10.903+0000] {logging_mixin.py:188} INFO - [2025-09-29T22:17:10.902+0000] {dagbag.py:538} INFO - Filling up the DagBag from /opt/airflow/dags/customer_churn_pipeline.py
[2025-09-29T22:17:11.696+0000] {processor.py:840} INFO - DAG(s) 'day7_customer_churn_pipeline' retrieved from /opt/airflow/dags/customer_churn_pipeline.py
[2025-09-29T22:17:11.719+0000] {logging_mixin.py:188} INFO - [2025-09-29T22:17:11.719+0000] {dag.py:3036} INFO - Sync 1 DAGs
[2025-09-29T22:17:11.731+0000] {logging_mixin.py:188} INFO - [2025-09-29T22:17:11.731+0000] {dag.py:3823} INFO - Setting next_dagrun for day7_customer_churn_pipeline to None, run_after=None
[2025-09-29T22:17:11.754+0000] {processor.py:183} INFO - Processing /opt/airflow/dags/customer_churn_pipeline.py took 0.859 seconds
[2025-09-29T22:17:42.070+0000] {processor.py:161} INFO - Started process (PID=1904) to work on /opt/airflow/dags/customer_churn_pipeline.py
[2025-09-29T22:17:42.072+0000] {processor.py:830} INFO - Processing file /opt/airflow/dags/customer_churn_pipeline.py for tasks to queue
[2025-09-29T22:17:42.074+0000] {logging_mixin.py:188} INFO - [2025-09-29T22:17:42.073+0000] {dagbag.py:538} INFO - Filling up the DagBag from /opt/airflow/dags/customer_churn_pipeline.py
[2025-09-29T22:17:42.917+0000] {processor.py:840} INFO - DAG(s) 'day7_customer_churn_pipeline' retrieved from /opt/airflow/dags/customer_churn_pipeline.py
[2025-09-29T22:17:42.940+0000] {logging_mixin.py:188} INFO - [2025-09-29T22:17:42.940+0000] {dag.py:3036} INFO - Sync 1 DAGs
[2025-09-29T22:17:42.952+0000] {logging_mixin.py:188} INFO - [2025-09-29T22:17:42.952+0000] {dag.py:3823} INFO - Setting next_dagrun for day7_customer_churn_pipeline to None, run_after=None
[2025-09-29T22:17:42.969+0000] {processor.py:183} INFO - Processing /opt/airflow/dags/customer_churn_pipeline.py took 0.901 seconds
[2025-09-29T22:18:13.010+0000] {processor.py:161} INFO - Started process (PID=1923) to work on /opt/airflow/dags/customer_churn_pipeline.py
[2025-09-29T22:18:13.012+0000] {processor.py:830} INFO - Processing file /opt/airflow/dags/customer_churn_pipeline.py for tasks to queue
[2025-09-29T22:18:13.014+0000] {logging_mixin.py:188} INFO - [2025-09-29T22:18:13.013+0000] {dagbag.py:538} INFO - Filling up the DagBag from /opt/airflow/dags/customer_churn_pipeline.py
[2025-09-29T22:18:13.752+0000] {processor.py:840} INFO - DAG(s) 'day7_customer_churn_pipeline' retrieved from /opt/airflow/dags/customer_churn_pipeline.py
[2025-09-29T22:18:13.777+0000] {logging_mixin.py:188} INFO - [2025-09-29T22:18:13.777+0000] {dag.py:3036} INFO - Sync 1 DAGs
[2025-09-29T22:18:13.788+0000] {logging_mixin.py:188} INFO - [2025-09-29T22:18:13.788+0000] {dag.py:3823} INFO - Setting next_dagrun for day7_customer_churn_pipeline to None, run_after=None
[2025-09-29T22:18:13.806+0000] {processor.py:183} INFO - Processing /opt/airflow/dags/customer_churn_pipeline.py took 0.800 seconds
[2025-09-29T22:18:44.354+0000] {processor.py:161} INFO - Started process (PID=1942) to work on /opt/airflow/dags/customer_churn_pipeline.py
[2025-09-29T22:18:44.355+0000] {processor.py:830} INFO - Processing file /opt/airflow/dags/customer_churn_pipeline.py for tasks to queue
[2025-09-29T22:18:44.358+0000] {logging_mixin.py:188} INFO - [2025-09-29T22:18:44.358+0000] {dagbag.py:538} INFO - Filling up the DagBag from /opt/airflow/dags/customer_churn_pipeline.py
[2025-09-29T22:18:45.188+0000] {processor.py:840} INFO - DAG(s) 'day7_customer_churn_pipeline' retrieved from /opt/airflow/dags/customer_churn_pipeline.py
[2025-09-29T22:18:45.214+0000] {logging_mixin.py:188} INFO - [2025-09-29T22:18:45.214+0000] {dag.py:3036} INFO - Sync 1 DAGs
[2025-09-29T22:18:45.227+0000] {logging_mixin.py:188} INFO - [2025-09-29T22:18:45.227+0000] {dag.py:3823} INFO - Setting next_dagrun for day7_customer_churn_pipeline to None, run_after=None
[2025-09-29T22:18:45.247+0000] {processor.py:183} INFO - Processing /opt/airflow/dags/customer_churn_pipeline.py took 0.896 seconds
[2025-09-29T22:19:16.082+0000] {processor.py:161} INFO - Started process (PID=1961) to work on /opt/airflow/dags/customer_churn_pipeline.py
[2025-09-29T22:19:16.083+0000] {processor.py:830} INFO - Processing file /opt/airflow/dags/customer_churn_pipeline.py for tasks to queue
[2025-09-29T22:19:16.085+0000] {logging_mixin.py:188} INFO - [2025-09-29T22:19:16.085+0000] {dagbag.py:538} INFO - Filling up the DagBag from /opt/airflow/dags/customer_churn_pipeline.py
[2025-09-29T22:19:16.816+0000] {processor.py:840} INFO - DAG(s) 'day7_customer_churn_pipeline' retrieved from /opt/airflow/dags/customer_churn_pipeline.py
[2025-09-29T22:19:16.837+0000] {logging_mixin.py:188} INFO - [2025-09-29T22:19:16.837+0000] {dag.py:3036} INFO - Sync 1 DAGs
[2025-09-29T22:19:16.847+0000] {logging_mixin.py:188} INFO - [2025-09-29T22:19:16.847+0000] {dag.py:3823} INFO - Setting next_dagrun for day7_customer_churn_pipeline to None, run_after=None
[2025-09-29T22:19:16.864+0000] {processor.py:183} INFO - Processing /opt/airflow/dags/customer_churn_pipeline.py took 0.785 seconds
[2025-09-29T22:19:47.490+0000] {processor.py:161} INFO - Started process (PID=1980) to work on /opt/airflow/dags/customer_churn_pipeline.py
[2025-09-29T22:19:47.491+0000] {processor.py:830} INFO - Processing file /opt/airflow/dags/customer_churn_pipeline.py for tasks to queue
[2025-09-29T22:19:47.492+0000] {logging_mixin.py:188} INFO - [2025-09-29T22:19:47.492+0000] {dagbag.py:538} INFO - Filling up the DagBag from /opt/airflow/dags/customer_churn_pipeline.py
[2025-09-29T22:19:48.235+0000] {processor.py:840} INFO - DAG(s) 'day7_customer_churn_pipeline' retrieved from /opt/airflow/dags/customer_churn_pipeline.py
[2025-09-29T22:19:48.257+0000] {logging_mixin.py:188} INFO - [2025-09-29T22:19:48.257+0000] {dag.py:3036} INFO - Sync 1 DAGs
[2025-09-29T22:19:48.268+0000] {logging_mixin.py:188} INFO - [2025-09-29T22:19:48.267+0000] {dag.py:3823} INFO - Setting next_dagrun for day7_customer_churn_pipeline to None, run_after=None
[2025-09-29T22:19:48.283+0000] {processor.py:183} INFO - Processing /opt/airflow/dags/customer_churn_pipeline.py took 0.796 seconds
[2025-09-29T22:20:19.115+0000] {processor.py:161} INFO - Started process (PID=1999) to work on /opt/airflow/dags/customer_churn_pipeline.py
[2025-09-29T22:20:19.116+0000] {processor.py:830} INFO - Processing file /opt/airflow/dags/customer_churn_pipeline.py for tasks to queue
[2025-09-29T22:20:19.117+0000] {logging_mixin.py:188} INFO - [2025-09-29T22:20:19.117+0000] {dagbag.py:538} INFO - Filling up the DagBag from /opt/airflow/dags/customer_churn_pipeline.py
[2025-09-29T22:20:19.837+0000] {processor.py:840} INFO - DAG(s) 'day7_customer_churn_pipeline' retrieved from /opt/airflow/dags/customer_churn_pipeline.py
[2025-09-29T22:20:19.858+0000] {logging_mixin.py:188} INFO - [2025-09-29T22:20:19.858+0000] {dag.py:3036} INFO - Sync 1 DAGs
[2025-09-29T22:20:19.867+0000] {logging_mixin.py:188} INFO - [2025-09-29T22:20:19.867+0000] {dag.py:3823} INFO - Setting next_dagrun for day7_customer_churn_pipeline to None, run_after=None
[2025-09-29T22:20:19.882+0000] {processor.py:183} INFO - Processing /opt/airflow/dags/customer_churn_pipeline.py took 0.770 seconds
[2025-09-29T22:20:50.622+0000] {processor.py:161} INFO - Started process (PID=2018) to work on /opt/airflow/dags/customer_churn_pipeline.py
[2025-09-29T22:20:50.623+0000] {processor.py:830} INFO - Processing file /opt/airflow/dags/customer_churn_pipeline.py for tasks to queue
[2025-09-29T22:20:50.625+0000] {logging_mixin.py:188} INFO - [2025-09-29T22:20:50.625+0000] {dagbag.py:538} INFO - Filling up the DagBag from /opt/airflow/dags/customer_churn_pipeline.py
[2025-09-29T22:20:51.354+0000] {processor.py:840} INFO - DAG(s) 'day7_customer_churn_pipeline' retrieved from /opt/airflow/dags/customer_churn_pipeline.py
[2025-09-29T22:20:51.374+0000] {logging_mixin.py:188} INFO - [2025-09-29T22:20:51.374+0000] {dag.py:3036} INFO - Sync 1 DAGs
[2025-09-29T22:20:51.383+0000] {logging_mixin.py:188} INFO - [2025-09-29T22:20:51.383+0000] {dag.py:3823} INFO - Setting next_dagrun for day7_customer_churn_pipeline to None, run_after=None
[2025-09-29T22:20:51.401+0000] {processor.py:183} INFO - Processing /opt/airflow/dags/customer_churn_pipeline.py took 0.781 seconds
[2025-09-29T22:21:22.068+0000] {processor.py:161} INFO - Started process (PID=2037) to work on /opt/airflow/dags/customer_churn_pipeline.py
[2025-09-29T22:21:22.069+0000] {processor.py:830} INFO - Processing file /opt/airflow/dags/customer_churn_pipeline.py for tasks to queue
[2025-09-29T22:21:22.071+0000] {logging_mixin.py:188} INFO - [2025-09-29T22:21:22.071+0000] {dagbag.py:538} INFO - Filling up the DagBag from /opt/airflow/dags/customer_churn_pipeline.py
[2025-09-29T22:21:22.801+0000] {processor.py:840} INFO - DAG(s) 'day7_customer_churn_pipeline' retrieved from /opt/airflow/dags/customer_churn_pipeline.py
[2025-09-29T22:21:22.823+0000] {logging_mixin.py:188} INFO - [2025-09-29T22:21:22.822+0000] {dag.py:3036} INFO - Sync 1 DAGs
[2025-09-29T22:21:22.832+0000] {logging_mixin.py:188} INFO - [2025-09-29T22:21:22.832+0000] {dag.py:3823} INFO - Setting next_dagrun for day7_customer_churn_pipeline to None, run_after=None
[2025-09-29T22:21:22.857+0000] {processor.py:183} INFO - Processing /opt/airflow/dags/customer_churn_pipeline.py took 0.791 seconds
[2025-09-29T22:21:53.063+0000] {processor.py:161} INFO - Started process (PID=2056) to work on /opt/airflow/dags/customer_churn_pipeline.py
[2025-09-29T22:21:53.065+0000] {processor.py:830} INFO - Processing file /opt/airflow/dags/customer_churn_pipeline.py for tasks to queue
[2025-09-29T22:21:53.067+0000] {logging_mixin.py:188} INFO - [2025-09-29T22:21:53.066+0000] {dagbag.py:538} INFO - Filling up the DagBag from /opt/airflow/dags/customer_churn_pipeline.py
[2025-09-29T22:21:53.786+0000] {processor.py:840} INFO - DAG(s) 'day7_customer_churn_pipeline' retrieved from /opt/airflow/dags/customer_churn_pipeline.py
[2025-09-29T22:21:53.810+0000] {logging_mixin.py:188} INFO - [2025-09-29T22:21:53.809+0000] {dag.py:3036} INFO - Sync 1 DAGs
[2025-09-29T22:21:53.821+0000] {logging_mixin.py:188} INFO - [2025-09-29T22:21:53.821+0000] {dag.py:3823} INFO - Setting next_dagrun for day7_customer_churn_pipeline to None, run_after=None
[2025-09-29T22:21:53.845+0000] {processor.py:183} INFO - Processing /opt/airflow/dags/customer_churn_pipeline.py took 0.785 seconds
[2025-09-29T22:22:24.071+0000] {processor.py:161} INFO - Started process (PID=2075) to work on /opt/airflow/dags/customer_churn_pipeline.py
[2025-09-29T22:22:24.072+0000] {processor.py:830} INFO - Processing file /opt/airflow/dags/customer_churn_pipeline.py for tasks to queue
[2025-09-29T22:22:24.074+0000] {logging_mixin.py:188} INFO - [2025-09-29T22:22:24.074+0000] {dagbag.py:538} INFO - Filling up the DagBag from /opt/airflow/dags/customer_churn_pipeline.py
[2025-09-29T22:22:24.815+0000] {processor.py:840} INFO - DAG(s) 'day7_customer_churn_pipeline' retrieved from /opt/airflow/dags/customer_churn_pipeline.py
[2025-09-29T22:22:24.838+0000] {logging_mixin.py:188} INFO - [2025-09-29T22:22:24.838+0000] {dag.py:3036} INFO - Sync 1 DAGs
[2025-09-29T22:22:24.847+0000] {logging_mixin.py:188} INFO - [2025-09-29T22:22:24.847+0000] {dag.py:3823} INFO - Setting next_dagrun for day7_customer_churn_pipeline to None, run_after=None
[2025-09-29T22:22:24.868+0000] {processor.py:183} INFO - Processing /opt/airflow/dags/customer_churn_pipeline.py took 0.800 seconds
[2025-09-29T22:22:55.172+0000] {processor.py:161} INFO - Started process (PID=2094) to work on /opt/airflow/dags/customer_churn_pipeline.py
[2025-09-29T22:22:55.174+0000] {processor.py:830} INFO - Processing file /opt/airflow/dags/customer_churn_pipeline.py for tasks to queue
[2025-09-29T22:22:55.176+0000] {logging_mixin.py:188} INFO - [2025-09-29T22:22:55.176+0000] {dagbag.py:538} INFO - Filling up the DagBag from /opt/airflow/dags/customer_churn_pipeline.py
[2025-09-29T22:22:55.934+0000] {processor.py:840} INFO - DAG(s) 'day7_customer_churn_pipeline' retrieved from /opt/airflow/dags/customer_churn_pipeline.py
[2025-09-29T22:22:55.961+0000] {logging_mixin.py:188} INFO - [2025-09-29T22:22:55.960+0000] {dag.py:3036} INFO - Sync 1 DAGs
[2025-09-29T22:22:55.976+0000] {logging_mixin.py:188} INFO - [2025-09-29T22:22:55.975+0000] {dag.py:3823} INFO - Setting next_dagrun for day7_customer_churn_pipeline to None, run_after=None
[2025-09-29T22:22:56.004+0000] {processor.py:183} INFO - Processing /opt/airflow/dags/customer_churn_pipeline.py took 0.836 seconds
[2025-09-29T22:23:26.070+0000] {processor.py:161} INFO - Started process (PID=2113) to work on /opt/airflow/dags/customer_churn_pipeline.py
[2025-09-29T22:23:26.071+0000] {processor.py:830} INFO - Processing file /opt/airflow/dags/customer_churn_pipeline.py for tasks to queue
[2025-09-29T22:23:26.073+0000] {logging_mixin.py:188} INFO - [2025-09-29T22:23:26.073+0000] {dagbag.py:538} INFO - Filling up the DagBag from /opt/airflow/dags/customer_churn_pipeline.py
[2025-09-29T22:23:26.836+0000] {processor.py:840} INFO - DAG(s) 'day7_customer_churn_pipeline' retrieved from /opt/airflow/dags/customer_churn_pipeline.py
[2025-09-29T22:23:26.865+0000] {logging_mixin.py:188} INFO - [2025-09-29T22:23:26.865+0000] {dag.py:3036} INFO - Sync 1 DAGs
[2025-09-29T22:23:26.876+0000] {logging_mixin.py:188} INFO - [2025-09-29T22:23:26.876+0000] {dag.py:3823} INFO - Setting next_dagrun for day7_customer_churn_pipeline to None, run_after=None
[2025-09-29T22:23:26.897+0000] {processor.py:183} INFO - Processing /opt/airflow/dags/customer_churn_pipeline.py took 0.830 seconds
[2025-09-29T22:23:57.065+0000] {processor.py:161} INFO - Started process (PID=2132) to work on /opt/airflow/dags/customer_churn_pipeline.py
[2025-09-29T22:23:57.066+0000] {processor.py:830} INFO - Processing file /opt/airflow/dags/customer_churn_pipeline.py for tasks to queue
[2025-09-29T22:23:57.068+0000] {logging_mixin.py:188} INFO - [2025-09-29T22:23:57.068+0000] {dagbag.py:538} INFO - Filling up the DagBag from /opt/airflow/dags/customer_churn_pipeline.py
[2025-09-29T22:23:57.856+0000] {processor.py:840} INFO - DAG(s) 'day7_customer_churn_pipeline' retrieved from /opt/airflow/dags/customer_churn_pipeline.py
[2025-09-29T22:23:57.876+0000] {logging_mixin.py:188} INFO - [2025-09-29T22:23:57.876+0000] {dag.py:3036} INFO - Sync 1 DAGs
[2025-09-29T22:23:57.887+0000] {logging_mixin.py:188} INFO - [2025-09-29T22:23:57.887+0000] {dag.py:3823} INFO - Setting next_dagrun for day7_customer_churn_pipeline to None, run_after=None
[2025-09-29T22:23:57.904+0000] {processor.py:183} INFO - Processing /opt/airflow/dags/customer_churn_pipeline.py took 0.842 seconds
[2025-09-29T22:24:28.579+0000] {processor.py:161} INFO - Started process (PID=2151) to work on /opt/airflow/dags/customer_churn_pipeline.py
[2025-09-29T22:24:28.581+0000] {processor.py:830} INFO - Processing file /opt/airflow/dags/customer_churn_pipeline.py for tasks to queue
[2025-09-29T22:24:28.584+0000] {logging_mixin.py:188} INFO - [2025-09-29T22:24:28.584+0000] {dagbag.py:538} INFO - Filling up the DagBag from /opt/airflow/dags/customer_churn_pipeline.py
[2025-09-29T22:24:29.543+0000] {processor.py:840} INFO - DAG(s) 'day7_customer_churn_pipeline' retrieved from /opt/airflow/dags/customer_churn_pipeline.py
[2025-09-29T22:24:29.565+0000] {logging_mixin.py:188} INFO - [2025-09-29T22:24:29.564+0000] {dag.py:3036} INFO - Sync 1 DAGs
[2025-09-29T22:24:29.575+0000] {logging_mixin.py:188} INFO - [2025-09-29T22:24:29.575+0000] {dag.py:3823} INFO - Setting next_dagrun for day7_customer_churn_pipeline to None, run_after=None
[2025-09-29T22:24:29.595+0000] {processor.py:183} INFO - Processing /opt/airflow/dags/customer_churn_pipeline.py took 1.020 seconds
[2025-09-29T22:25:00.306+0000] {processor.py:161} INFO - Started process (PID=2170) to work on /opt/airflow/dags/customer_churn_pipeline.py
[2025-09-29T22:25:00.307+0000] {processor.py:830} INFO - Processing file /opt/airflow/dags/customer_churn_pipeline.py for tasks to queue
[2025-09-29T22:25:00.310+0000] {logging_mixin.py:188} INFO - [2025-09-29T22:25:00.310+0000] {dagbag.py:538} INFO - Filling up the DagBag from /opt/airflow/dags/customer_churn_pipeline.py
[2025-09-29T22:25:01.076+0000] {processor.py:840} INFO - DAG(s) 'day7_customer_churn_pipeline' retrieved from /opt/airflow/dags/customer_churn_pipeline.py
[2025-09-29T22:25:01.101+0000] {logging_mixin.py:188} INFO - [2025-09-29T22:25:01.100+0000] {dag.py:3036} INFO - Sync 1 DAGs
[2025-09-29T22:25:01.112+0000] {logging_mixin.py:188} INFO - [2025-09-29T22:25:01.112+0000] {dag.py:3823} INFO - Setting next_dagrun for day7_customer_churn_pipeline to None, run_after=None
[2025-09-29T22:25:01.134+0000] {processor.py:183} INFO - Processing /opt/airflow/dags/customer_churn_pipeline.py took 0.832 seconds
[2025-09-29T22:25:31.806+0000] {processor.py:161} INFO - Started process (PID=2189) to work on /opt/airflow/dags/customer_churn_pipeline.py
[2025-09-29T22:25:31.808+0000] {processor.py:830} INFO - Processing file /opt/airflow/dags/customer_churn_pipeline.py for tasks to queue
[2025-09-29T22:25:31.813+0000] {logging_mixin.py:188} INFO - [2025-09-29T22:25:31.812+0000] {dagbag.py:538} INFO - Filling up the DagBag from /opt/airflow/dags/customer_churn_pipeline.py
[2025-09-29T22:25:32.582+0000] {processor.py:840} INFO - DAG(s) 'day7_customer_churn_pipeline' retrieved from /opt/airflow/dags/customer_churn_pipeline.py
[2025-09-29T22:25:32.602+0000] {logging_mixin.py:188} INFO - [2025-09-29T22:25:32.601+0000] {dag.py:3036} INFO - Sync 1 DAGs
[2025-09-29T22:25:32.614+0000] {logging_mixin.py:188} INFO - [2025-09-29T22:25:32.613+0000] {dag.py:3823} INFO - Setting next_dagrun for day7_customer_churn_pipeline to None, run_after=None
[2025-09-29T22:25:32.634+0000] {processor.py:183} INFO - Processing /opt/airflow/dags/customer_churn_pipeline.py took 0.831 seconds
[2025-09-29T22:26:03.193+0000] {processor.py:161} INFO - Started process (PID=2208) to work on /opt/airflow/dags/customer_churn_pipeline.py
[2025-09-29T22:26:03.194+0000] {processor.py:830} INFO - Processing file /opt/airflow/dags/customer_churn_pipeline.py for tasks to queue
[2025-09-29T22:26:03.196+0000] {logging_mixin.py:188} INFO - [2025-09-29T22:26:03.196+0000] {dagbag.py:538} INFO - Filling up the DagBag from /opt/airflow/dags/customer_churn_pipeline.py
[2025-09-29T22:26:03.911+0000] {processor.py:840} INFO - DAG(s) 'day7_customer_churn_pipeline' retrieved from /opt/airflow/dags/customer_churn_pipeline.py
[2025-09-29T22:26:03.932+0000] {logging_mixin.py:188} INFO - [2025-09-29T22:26:03.931+0000] {dag.py:3036} INFO - Sync 1 DAGs
[2025-09-29T22:26:03.942+0000] {logging_mixin.py:188} INFO - [2025-09-29T22:26:03.941+0000] {dag.py:3823} INFO - Setting next_dagrun for day7_customer_churn_pipeline to None, run_after=None
[2025-09-29T22:26:03.957+0000] {processor.py:183} INFO - Processing /opt/airflow/dags/customer_churn_pipeline.py took 0.767 seconds
[2025-09-29T22:26:34.650+0000] {processor.py:161} INFO - Started process (PID=2227) to work on /opt/airflow/dags/customer_churn_pipeline.py
[2025-09-29T22:26:34.651+0000] {processor.py:830} INFO - Processing file /opt/airflow/dags/customer_churn_pipeline.py for tasks to queue
[2025-09-29T22:26:34.653+0000] {logging_mixin.py:188} INFO - [2025-09-29T22:26:34.653+0000] {dagbag.py:538} INFO - Filling up the DagBag from /opt/airflow/dags/customer_churn_pipeline.py
[2025-09-29T22:26:35.443+0000] {processor.py:840} INFO - DAG(s) 'day7_customer_churn_pipeline' retrieved from /opt/airflow/dags/customer_churn_pipeline.py
[2025-09-29T22:26:35.469+0000] {logging_mixin.py:188} INFO - [2025-09-29T22:26:35.468+0000] {dag.py:3036} INFO - Sync 1 DAGs
[2025-09-29T22:26:35.483+0000] {logging_mixin.py:188} INFO - [2025-09-29T22:26:35.482+0000] {dag.py:3823} INFO - Setting next_dagrun for day7_customer_churn_pipeline to None, run_after=None
[2025-09-29T22:26:35.507+0000] {processor.py:183} INFO - Processing /opt/airflow/dags/customer_churn_pipeline.py took 0.860 seconds
[2025-09-29T22:27:06.053+0000] {processor.py:161} INFO - Started process (PID=2246) to work on /opt/airflow/dags/customer_churn_pipeline.py
[2025-09-29T22:27:06.054+0000] {processor.py:830} INFO - Processing file /opt/airflow/dags/customer_churn_pipeline.py for tasks to queue
[2025-09-29T22:27:06.055+0000] {logging_mixin.py:188} INFO - [2025-09-29T22:27:06.055+0000] {dagbag.py:538} INFO - Filling up the DagBag from /opt/airflow/dags/customer_churn_pipeline.py
[2025-09-29T22:27:06.817+0000] {processor.py:840} INFO - DAG(s) 'day7_customer_churn_pipeline' retrieved from /opt/airflow/dags/customer_churn_pipeline.py
[2025-09-29T22:27:06.837+0000] {logging_mixin.py:188} INFO - [2025-09-29T22:27:06.837+0000] {dag.py:3036} INFO - Sync 1 DAGs
[2025-09-29T22:27:06.847+0000] {logging_mixin.py:188} INFO - [2025-09-29T22:27:06.847+0000] {dag.py:3823} INFO - Setting next_dagrun for day7_customer_churn_pipeline to None, run_after=None
[2025-09-29T22:27:06.865+0000] {processor.py:183} INFO - Processing /opt/airflow/dags/customer_churn_pipeline.py took 0.815 seconds
[2025-09-29T22:27:37.469+0000] {processor.py:161} INFO - Started process (PID=2265) to work on /opt/airflow/dags/customer_churn_pipeline.py
[2025-09-29T22:27:37.471+0000] {processor.py:830} INFO - Processing file /opt/airflow/dags/customer_churn_pipeline.py for tasks to queue
[2025-09-29T22:27:37.473+0000] {logging_mixin.py:188} INFO - [2025-09-29T22:27:37.473+0000] {dagbag.py:538} INFO - Filling up the DagBag from /opt/airflow/dags/customer_churn_pipeline.py
[2025-09-29T22:27:38.269+0000] {processor.py:840} INFO - DAG(s) 'day7_customer_churn_pipeline' retrieved from /opt/airflow/dags/customer_churn_pipeline.py
[2025-09-29T22:27:38.290+0000] {logging_mixin.py:188} INFO - [2025-09-29T22:27:38.290+0000] {dag.py:3036} INFO - Sync 1 DAGs
[2025-09-29T22:27:38.302+0000] {logging_mixin.py:188} INFO - [2025-09-29T22:27:38.302+0000] {dag.py:3823} INFO - Setting next_dagrun for day7_customer_churn_pipeline to None, run_after=None
[2025-09-29T22:27:38.324+0000] {processor.py:183} INFO - Processing /opt/airflow/dags/customer_churn_pipeline.py took 0.858 seconds
[2025-09-29T22:28:08.849+0000] {processor.py:161} INFO - Started process (PID=2284) to work on /opt/airflow/dags/customer_churn_pipeline.py
[2025-09-29T22:28:08.850+0000] {processor.py:830} INFO - Processing file /opt/airflow/dags/customer_churn_pipeline.py for tasks to queue
[2025-09-29T22:28:08.852+0000] {logging_mixin.py:188} INFO - [2025-09-29T22:28:08.852+0000] {dagbag.py:538} INFO - Filling up the DagBag from /opt/airflow/dags/customer_churn_pipeline.py
[2025-09-29T22:28:09.583+0000] {processor.py:840} INFO - DAG(s) 'day7_customer_churn_pipeline' retrieved from /opt/airflow/dags/customer_churn_pipeline.py
[2025-09-29T22:28:09.607+0000] {logging_mixin.py:188} INFO - [2025-09-29T22:28:09.607+0000] {dag.py:3036} INFO - Sync 1 DAGs
[2025-09-29T22:28:09.618+0000] {logging_mixin.py:188} INFO - [2025-09-29T22:28:09.618+0000] {dag.py:3823} INFO - Setting next_dagrun for day7_customer_churn_pipeline to None, run_after=None
[2025-09-29T22:28:09.637+0000] {processor.py:183} INFO - Processing /opt/airflow/dags/customer_churn_pipeline.py took 0.791 seconds
[2025-09-29T22:28:39.705+0000] {processor.py:161} INFO - Started process (PID=2303) to work on /opt/airflow/dags/customer_churn_pipeline.py
[2025-09-29T22:28:39.706+0000] {processor.py:830} INFO - Processing file /opt/airflow/dags/customer_churn_pipeline.py for tasks to queue
[2025-09-29T22:28:39.707+0000] {logging_mixin.py:188} INFO - [2025-09-29T22:28:39.707+0000] {dagbag.py:538} INFO - Filling up the DagBag from /opt/airflow/dags/customer_churn_pipeline.py
[2025-09-29T22:28:40.434+0000] {processor.py:840} INFO - DAG(s) 'day7_customer_churn_pipeline' retrieved from /opt/airflow/dags/customer_churn_pipeline.py
[2025-09-29T22:28:40.456+0000] {logging_mixin.py:188} INFO - [2025-09-29T22:28:40.456+0000] {dag.py:3036} INFO - Sync 1 DAGs
[2025-09-29T22:28:40.466+0000] {logging_mixin.py:188} INFO - [2025-09-29T22:28:40.466+0000] {dag.py:3823} INFO - Setting next_dagrun for day7_customer_churn_pipeline to None, run_after=None
[2025-09-29T22:28:40.482+0000] {processor.py:183} INFO - Processing /opt/airflow/dags/customer_churn_pipeline.py took 0.780 seconds
[2025-09-29T22:29:10.800+0000] {processor.py:161} INFO - Started process (PID=2322) to work on /opt/airflow/dags/customer_churn_pipeline.py
[2025-09-29T22:29:10.801+0000] {processor.py:830} INFO - Processing file /opt/airflow/dags/customer_churn_pipeline.py for tasks to queue
[2025-09-29T22:29:10.803+0000] {logging_mixin.py:188} INFO - [2025-09-29T22:29:10.803+0000] {dagbag.py:538} INFO - Filling up the DagBag from /opt/airflow/dags/customer_churn_pipeline.py
[2025-09-29T22:29:11.606+0000] {processor.py:840} INFO - DAG(s) 'day7_customer_churn_pipeline' retrieved from /opt/airflow/dags/customer_churn_pipeline.py
[2025-09-29T22:29:11.641+0000] {logging_mixin.py:188} INFO - [2025-09-29T22:29:11.641+0000] {dag.py:3036} INFO - Sync 1 DAGs
[2025-09-29T22:29:11.652+0000] {logging_mixin.py:188} INFO - [2025-09-29T22:29:11.652+0000] {dag.py:3823} INFO - Setting next_dagrun for day7_customer_churn_pipeline to None, run_after=None
[2025-09-29T22:29:11.682+0000] {processor.py:183} INFO - Processing /opt/airflow/dags/customer_churn_pipeline.py took 0.884 seconds
[2025-09-29T22:29:42.552+0000] {processor.py:161} INFO - Started process (PID=2341) to work on /opt/airflow/dags/customer_churn_pipeline.py
[2025-09-29T22:29:42.554+0000] {processor.py:830} INFO - Processing file /opt/airflow/dags/customer_churn_pipeline.py for tasks to queue
[2025-09-29T22:29:42.556+0000] {logging_mixin.py:188} INFO - [2025-09-29T22:29:42.556+0000] {dagbag.py:538} INFO - Filling up the DagBag from /opt/airflow/dags/customer_churn_pipeline.py
[2025-09-29T22:29:43.329+0000] {processor.py:840} INFO - DAG(s) 'day7_customer_churn_pipeline' retrieved from /opt/airflow/dags/customer_churn_pipeline.py
[2025-09-29T22:29:43.352+0000] {logging_mixin.py:188} INFO - [2025-09-29T22:29:43.352+0000] {dag.py:3036} INFO - Sync 1 DAGs
[2025-09-29T22:29:43.364+0000] {logging_mixin.py:188} INFO - [2025-09-29T22:29:43.364+0000] {dag.py:3823} INFO - Setting next_dagrun for day7_customer_churn_pipeline to None, run_after=None
[2025-09-29T22:29:43.385+0000] {processor.py:183} INFO - Processing /opt/airflow/dags/customer_churn_pipeline.py took 0.836 seconds
[2025-09-29T22:30:14.282+0000] {processor.py:161} INFO - Started process (PID=2360) to work on /opt/airflow/dags/customer_churn_pipeline.py
[2025-09-29T22:30:14.283+0000] {processor.py:830} INFO - Processing file /opt/airflow/dags/customer_churn_pipeline.py for tasks to queue
[2025-09-29T22:30:14.285+0000] {logging_mixin.py:188} INFO - [2025-09-29T22:30:14.285+0000] {dagbag.py:538} INFO - Filling up the DagBag from /opt/airflow/dags/customer_churn_pipeline.py
[2025-09-29T22:30:15.017+0000] {processor.py:840} INFO - DAG(s) 'day7_customer_churn_pipeline' retrieved from /opt/airflow/dags/customer_churn_pipeline.py
[2025-09-29T22:30:15.037+0000] {logging_mixin.py:188} INFO - [2025-09-29T22:30:15.037+0000] {dag.py:3036} INFO - Sync 1 DAGs
[2025-09-29T22:30:15.051+0000] {logging_mixin.py:188} INFO - [2025-09-29T22:30:15.050+0000] {dag.py:3823} INFO - Setting next_dagrun for day7_customer_churn_pipeline to None, run_after=None
[2025-09-29T22:30:15.068+0000] {processor.py:183} INFO - Processing /opt/airflow/dags/customer_churn_pipeline.py took 0.788 seconds
[2025-09-29T22:30:45.710+0000] {processor.py:161} INFO - Started process (PID=2379) to work on /opt/airflow/dags/customer_churn_pipeline.py
[2025-09-29T22:30:45.711+0000] {processor.py:830} INFO - Processing file /opt/airflow/dags/customer_churn_pipeline.py for tasks to queue
[2025-09-29T22:30:45.713+0000] {logging_mixin.py:188} INFO - [2025-09-29T22:30:45.713+0000] {dagbag.py:538} INFO - Filling up the DagBag from /opt/airflow/dags/customer_churn_pipeline.py
[2025-09-29T22:30:46.426+0000] {processor.py:840} INFO - DAG(s) 'day7_customer_churn_pipeline' retrieved from /opt/airflow/dags/customer_churn_pipeline.py
[2025-09-29T22:30:46.447+0000] {logging_mixin.py:188} INFO - [2025-09-29T22:30:46.447+0000] {dag.py:3036} INFO - Sync 1 DAGs
[2025-09-29T22:30:46.458+0000] {logging_mixin.py:188} INFO - [2025-09-29T22:30:46.457+0000] {dag.py:3823} INFO - Setting next_dagrun for day7_customer_churn_pipeline to None, run_after=None
[2025-09-29T22:30:46.475+0000] {processor.py:183} INFO - Processing /opt/airflow/dags/customer_churn_pipeline.py took 0.767 seconds
[2025-09-29T22:31:17.033+0000] {processor.py:161} INFO - Started process (PID=2398) to work on /opt/airflow/dags/customer_churn_pipeline.py
[2025-09-29T22:31:17.034+0000] {processor.py:830} INFO - Processing file /opt/airflow/dags/customer_churn_pipeline.py for tasks to queue
[2025-09-29T22:31:17.036+0000] {logging_mixin.py:188} INFO - [2025-09-29T22:31:17.036+0000] {dagbag.py:538} INFO - Filling up the DagBag from /opt/airflow/dags/customer_churn_pipeline.py
[2025-09-29T22:31:17.759+0000] {processor.py:840} INFO - DAG(s) 'day7_customer_churn_pipeline' retrieved from /opt/airflow/dags/customer_churn_pipeline.py
[2025-09-29T22:31:17.781+0000] {logging_mixin.py:188} INFO - [2025-09-29T22:31:17.780+0000] {dag.py:3036} INFO - Sync 1 DAGs
[2025-09-29T22:31:17.790+0000] {logging_mixin.py:188} INFO - [2025-09-29T22:31:17.790+0000] {dag.py:3823} INFO - Setting next_dagrun for day7_customer_churn_pipeline to None, run_after=None
[2025-09-29T22:31:17.817+0000] {processor.py:183} INFO - Processing /opt/airflow/dags/customer_churn_pipeline.py took 0.787 seconds
[2025-09-29T22:31:48.400+0000] {processor.py:161} INFO - Started process (PID=2417) to work on /opt/airflow/dags/customer_churn_pipeline.py
[2025-09-29T22:31:48.401+0000] {processor.py:830} INFO - Processing file /opt/airflow/dags/customer_churn_pipeline.py for tasks to queue
[2025-09-29T22:31:48.403+0000] {logging_mixin.py:188} INFO - [2025-09-29T22:31:48.403+0000] {dagbag.py:538} INFO - Filling up the DagBag from /opt/airflow/dags/customer_churn_pipeline.py
[2025-09-29T22:31:48.369+0000] {processor.py:840} INFO - DAG(s) 'day7_customer_churn_pipeline' retrieved from /opt/airflow/dags/customer_churn_pipeline.py
[2025-09-29T22:31:48.389+0000] {logging_mixin.py:188} INFO - [2025-09-29T22:31:48.388+0000] {dag.py:3036} INFO - Sync 1 DAGs
[2025-09-29T22:31:48.398+0000] {logging_mixin.py:188} INFO - [2025-09-29T22:31:48.398+0000] {dag.py:3823} INFO - Setting next_dagrun for day7_customer_churn_pipeline to None, run_after=None
[2025-09-29T22:31:48.416+0000] {processor.py:183} INFO - Processing /opt/airflow/dags/customer_churn_pipeline.py took 0.801 seconds
[2025-09-29T22:32:19.016+0000] {processor.py:161} INFO - Started process (PID=2436) to work on /opt/airflow/dags/customer_churn_pipeline.py
[2025-09-29T22:32:19.017+0000] {processor.py:830} INFO - Processing file /opt/airflow/dags/customer_churn_pipeline.py for tasks to queue
[2025-09-29T22:32:19.019+0000] {logging_mixin.py:188} INFO - [2025-09-29T22:32:19.019+0000] {dagbag.py:538} INFO - Filling up the DagBag from /opt/airflow/dags/customer_churn_pipeline.py
[2025-09-29T22:32:19.728+0000] {processor.py:840} INFO - DAG(s) 'day7_customer_churn_pipeline' retrieved from /opt/airflow/dags/customer_churn_pipeline.py
[2025-09-29T22:32:19.749+0000] {logging_mixin.py:188} INFO - [2025-09-29T22:32:19.749+0000] {dag.py:3036} INFO - Sync 1 DAGs
[2025-09-29T22:32:19.763+0000] {logging_mixin.py:188} INFO - [2025-09-29T22:32:19.762+0000] {dag.py:3823} INFO - Setting next_dagrun for day7_customer_churn_pipeline to None, run_after=None
[2025-09-29T22:32:19.780+0000] {processor.py:183} INFO - Processing /opt/airflow/dags/customer_churn_pipeline.py took 0.766 seconds
[2025-09-29T22:32:50.376+0000] {processor.py:161} INFO - Started process (PID=2455) to work on /opt/airflow/dags/customer_churn_pipeline.py
[2025-09-29T22:32:50.377+0000] {processor.py:830} INFO - Processing file /opt/airflow/dags/customer_churn_pipeline.py for tasks to queue
[2025-09-29T22:32:50.378+0000] {logging_mixin.py:188} INFO - [2025-09-29T22:32:50.378+0000] {dagbag.py:538} INFO - Filling up the DagBag from /opt/airflow/dags/customer_churn_pipeline.py
[2025-09-29T22:32:51.072+0000] {processor.py:840} INFO - DAG(s) 'day7_customer_churn_pipeline' retrieved from /opt/airflow/dags/customer_churn_pipeline.py
[2025-09-29T22:32:51.095+0000] {logging_mixin.py:188} INFO - [2025-09-29T22:32:51.095+0000] {dag.py:3036} INFO - Sync 1 DAGs
[2025-09-29T22:32:51.105+0000] {logging_mixin.py:188} INFO - [2025-09-29T22:32:51.105+0000] {dag.py:3823} INFO - Setting next_dagrun for day7_customer_churn_pipeline to None, run_after=None
[2025-09-29T22:32:51.126+0000] {processor.py:183} INFO - Processing /opt/airflow/dags/customer_churn_pipeline.py took 0.753 seconds
[2025-09-29T22:33:21.581+0000] {processor.py:161} INFO - Started process (PID=2474) to work on /opt/airflow/dags/customer_churn_pipeline.py
[2025-09-29T22:33:21.582+0000] {processor.py:830} INFO - Processing file /opt/airflow/dags/customer_churn_pipeline.py for tasks to queue
[2025-09-29T22:33:21.584+0000] {logging_mixin.py:188} INFO - [2025-09-29T22:33:21.583+0000] {dagbag.py:538} INFO - Filling up the DagBag from /opt/airflow/dags/customer_churn_pipeline.py
[2025-09-29T22:33:22.294+0000] {processor.py:840} INFO - DAG(s) 'day7_customer_churn_pipeline' retrieved from /opt/airflow/dags/customer_churn_pipeline.py
[2025-09-29T22:33:22.313+0000] {logging_mixin.py:188} INFO - [2025-09-29T22:33:22.313+0000] {dag.py:3036} INFO - Sync 1 DAGs
[2025-09-29T22:33:22.321+0000] {logging_mixin.py:188} INFO - [2025-09-29T22:33:22.321+0000] {dag.py:3823} INFO - Setting next_dagrun for day7_customer_churn_pipeline to None, run_after=None
[2025-09-29T22:33:22.337+0000] {processor.py:183} INFO - Processing /opt/airflow/dags/customer_churn_pipeline.py took 0.759 seconds
[2025-09-29T22:33:52.579+0000] {processor.py:161} INFO - Started process (PID=2493) to work on /opt/airflow/dags/customer_churn_pipeline.py
[2025-09-29T22:33:52.581+0000] {processor.py:830} INFO - Processing file /opt/airflow/dags/customer_churn_pipeline.py for tasks to queue
[2025-09-29T22:33:52.582+0000] {logging_mixin.py:188} INFO - [2025-09-29T22:33:52.582+0000] {dagbag.py:538} INFO - Filling up the DagBag from /opt/airflow/dags/customer_churn_pipeline.py
[2025-09-29T22:33:53.270+0000] {processor.py:840} INFO - DAG(s) 'day7_customer_churn_pipeline' retrieved from /opt/airflow/dags/customer_churn_pipeline.py
[2025-09-29T22:33:53.291+0000] {logging_mixin.py:188} INFO - [2025-09-29T22:33:53.290+0000] {dag.py:3036} INFO - Sync 1 DAGs
[2025-09-29T22:33:53.302+0000] {logging_mixin.py:188} INFO - [2025-09-29T22:33:53.302+0000] {dag.py:3823} INFO - Setting next_dagrun for day7_customer_churn_pipeline to None, run_after=None
[2025-09-29T22:33:53.323+0000] {processor.py:183} INFO - Processing /opt/airflow/dags/customer_churn_pipeline.py took 0.747 seconds
[2025-09-29T22:34:23.849+0000] {processor.py:161} INFO - Started process (PID=2512) to work on /opt/airflow/dags/customer_churn_pipeline.py
[2025-09-29T22:34:23.850+0000] {processor.py:830} INFO - Processing file /opt/airflow/dags/customer_churn_pipeline.py for tasks to queue
[2025-09-29T22:34:23.852+0000] {logging_mixin.py:188} INFO - [2025-09-29T22:34:23.852+0000] {dagbag.py:538} INFO - Filling up the DagBag from /opt/airflow/dags/customer_churn_pipeline.py
[2025-09-29T22:34:24.624+0000] {processor.py:840} INFO - DAG(s) 'day7_customer_churn_pipeline' retrieved from /opt/airflow/dags/customer_churn_pipeline.py
[2025-09-29T22:34:24.649+0000] {logging_mixin.py:188} INFO - [2025-09-29T22:34:24.649+0000] {dag.py:3036} INFO - Sync 1 DAGs
[2025-09-29T22:34:24.660+0000] {logging_mixin.py:188} INFO - [2025-09-29T22:34:24.660+0000] {dag.py:3823} INFO - Setting next_dagrun for day7_customer_churn_pipeline to None, run_after=None
[2025-09-29T22:34:24.679+0000] {processor.py:183} INFO - Processing /opt/airflow/dags/customer_churn_pipeline.py took 0.833 seconds
[2025-09-29T22:34:54.827+0000] {processor.py:161} INFO - Started process (PID=2531) to work on /opt/airflow/dags/customer_churn_pipeline.py
[2025-09-29T22:34:54.828+0000] {processor.py:830} INFO - Processing file /opt/airflow/dags/customer_churn_pipeline.py for tasks to queue
[2025-09-29T22:34:54.830+0000] {logging_mixin.py:188} INFO - [2025-09-29T22:34:54.830+0000] {dagbag.py:538} INFO - Filling up the DagBag from /opt/airflow/dags/customer_churn_pipeline.py
[2025-09-29T22:34:55.565+0000] {processor.py:840} INFO - DAG(s) 'day7_customer_churn_pipeline' retrieved from /opt/airflow/dags/customer_churn_pipeline.py
[2025-09-29T22:34:55.584+0000] {logging_mixin.py:188} INFO - [2025-09-29T22:34:55.583+0000] {dag.py:3036} INFO - Sync 1 DAGs
[2025-09-29T22:34:55.592+0000] {logging_mixin.py:188} INFO - [2025-09-29T22:34:55.592+0000] {dag.py:3823} INFO - Setting next_dagrun for day7_customer_churn_pipeline to None, run_after=None
[2025-09-29T22:34:55.611+0000] {processor.py:183} INFO - Processing /opt/airflow/dags/customer_churn_pipeline.py took 0.788 seconds
[2025-09-29T22:35:25.780+0000] {processor.py:161} INFO - Started process (PID=2550) to work on /opt/airflow/dags/customer_churn_pipeline.py
[2025-09-29T22:35:25.781+0000] {processor.py:830} INFO - Processing file /opt/airflow/dags/customer_churn_pipeline.py for tasks to queue
[2025-09-29T22:35:25.783+0000] {logging_mixin.py:188} INFO - [2025-09-29T22:35:25.782+0000] {dagbag.py:538} INFO - Filling up the DagBag from /opt/airflow/dags/customer_churn_pipeline.py
[2025-09-29T22:35:26.509+0000] {processor.py:840} INFO - DAG(s) 'day7_customer_churn_pipeline' retrieved from /opt/airflow/dags/customer_churn_pipeline.py
[2025-09-29T22:35:26.528+0000] {logging_mixin.py:188} INFO - [2025-09-29T22:35:26.528+0000] {dag.py:3036} INFO - Sync 1 DAGs
[2025-09-29T22:35:26.538+0000] {logging_mixin.py:188} INFO - [2025-09-29T22:35:26.537+0000] {dag.py:3823} INFO - Setting next_dagrun for day7_customer_churn_pipeline to None, run_after=None
[2025-09-29T22:35:26.555+0000] {processor.py:183} INFO - Processing /opt/airflow/dags/customer_churn_pipeline.py took 0.779 seconds
[2025-09-29T22:35:56.665+0000] {processor.py:161} INFO - Started process (PID=2569) to work on /opt/airflow/dags/customer_churn_pipeline.py
[2025-09-29T22:35:56.666+0000] {processor.py:830} INFO - Processing file /opt/airflow/dags/customer_churn_pipeline.py for tasks to queue
[2025-09-29T22:35:56.669+0000] {logging_mixin.py:188} INFO - [2025-09-29T22:35:56.668+0000] {dagbag.py:538} INFO - Filling up the DagBag from /opt/airflow/dags/customer_churn_pipeline.py
[2025-09-29T22:35:57.395+0000] {processor.py:840} INFO - DAG(s) 'day7_customer_churn_pipeline' retrieved from /opt/airflow/dags/customer_churn_pipeline.py
[2025-09-29T22:35:57.416+0000] {logging_mixin.py:188} INFO - [2025-09-29T22:35:57.416+0000] {dag.py:3036} INFO - Sync 1 DAGs
[2025-09-29T22:35:57.425+0000] {logging_mixin.py:188} INFO - [2025-09-29T22:35:57.425+0000] {dag.py:3823} INFO - Setting next_dagrun for day7_customer_churn_pipeline to None, run_after=None
[2025-09-29T22:35:57.442+0000] {processor.py:183} INFO - Processing /opt/airflow/dags/customer_churn_pipeline.py took 0.780 seconds
[2025-09-29T22:36:27.589+0000] {processor.py:161} INFO - Started process (PID=2588) to work on /opt/airflow/dags/customer_churn_pipeline.py
[2025-09-29T22:36:27.591+0000] {processor.py:830} INFO - Processing file /opt/airflow/dags/customer_churn_pipeline.py for tasks to queue
[2025-09-29T22:36:27.593+0000] {logging_mixin.py:188} INFO - [2025-09-29T22:36:27.592+0000] {dagbag.py:538} INFO - Filling up the DagBag from /opt/airflow/dags/customer_churn_pipeline.py
[2025-09-29T22:36:28.286+0000] {processor.py:840} INFO - DAG(s) 'day7_customer_churn_pipeline' retrieved from /opt/airflow/dags/customer_churn_pipeline.py
[2025-09-29T22:36:28.309+0000] {logging_mixin.py:188} INFO - [2025-09-29T22:36:28.309+0000] {dag.py:3036} INFO - Sync 1 DAGs
[2025-09-29T22:36:28.319+0000] {logging_mixin.py:188} INFO - [2025-09-29T22:36:28.319+0000] {dag.py:3823} INFO - Setting next_dagrun for day7_customer_churn_pipeline to None, run_after=None
[2025-09-29T22:36:28.335+0000] {processor.py:183} INFO - Processing /opt/airflow/dags/customer_churn_pipeline.py took 0.749 seconds
[2025-09-29T22:36:58.522+0000] {processor.py:161} INFO - Started process (PID=2607) to work on /opt/airflow/dags/customer_churn_pipeline.py
[2025-09-29T22:36:58.524+0000] {processor.py:830} INFO - Processing file /opt/airflow/dags/customer_churn_pipeline.py for tasks to queue
[2025-09-29T22:36:58.526+0000] {logging_mixin.py:188} INFO - [2025-09-29T22:36:58.525+0000] {dagbag.py:538} INFO - Filling up the DagBag from /opt/airflow/dags/customer_churn_pipeline.py
[2025-09-29T22:36:59.293+0000] {processor.py:840} INFO - DAG(s) 'day7_customer_churn_pipeline' retrieved from /opt/airflow/dags/customer_churn_pipeline.py
[2025-09-29T22:36:59.320+0000] {logging_mixin.py:188} INFO - [2025-09-29T22:36:59.319+0000] {dag.py:3036} INFO - Sync 1 DAGs
[2025-09-29T22:36:59.330+0000] {logging_mixin.py:188} INFO - [2025-09-29T22:36:59.330+0000] {dag.py:3823} INFO - Setting next_dagrun for day7_customer_churn_pipeline to None, run_after=None
[2025-09-29T22:36:59.347+0000] {processor.py:183} INFO - Processing /opt/airflow/dags/customer_churn_pipeline.py took 0.829 seconds
[2025-09-29T22:37:29.815+0000] {processor.py:161} INFO - Started process (PID=2626) to work on /opt/airflow/dags/customer_churn_pipeline.py
[2025-09-29T22:37:29.816+0000] {processor.py:830} INFO - Processing file /opt/airflow/dags/customer_churn_pipeline.py for tasks to queue
[2025-09-29T22:37:29.818+0000] {logging_mixin.py:188} INFO - [2025-09-29T22:37:29.818+0000] {dagbag.py:538} INFO - Filling up the DagBag from /opt/airflow/dags/customer_churn_pipeline.py
[2025-09-29T22:37:30.543+0000] {processor.py:840} INFO - DAG(s) 'day7_customer_churn_pipeline' retrieved from /opt/airflow/dags/customer_churn_pipeline.py
[2025-09-29T22:37:30.563+0000] {logging_mixin.py:188} INFO - [2025-09-29T22:37:30.563+0000] {dag.py:3036} INFO - Sync 1 DAGs
[2025-09-29T22:37:30.572+0000] {logging_mixin.py:188} INFO - [2025-09-29T22:37:30.572+0000] {dag.py:3823} INFO - Setting next_dagrun for day7_customer_churn_pipeline to None, run_after=None
[2025-09-29T22:37:30.590+0000] {processor.py:183} INFO - Processing /opt/airflow/dags/customer_churn_pipeline.py took 0.778 seconds
[2025-09-29T22:38:00.872+0000] {processor.py:161} INFO - Started process (PID=2645) to work on /opt/airflow/dags/customer_churn_pipeline.py
[2025-09-29T22:38:00.873+0000] {processor.py:830} INFO - Processing file /opt/airflow/dags/customer_churn_pipeline.py for tasks to queue
[2025-09-29T22:38:00.875+0000] {logging_mixin.py:188} INFO - [2025-09-29T22:38:00.875+0000] {dagbag.py:538} INFO - Filling up the DagBag from /opt/airflow/dags/customer_churn_pipeline.py
[2025-09-29T22:38:01.609+0000] {processor.py:840} INFO - DAG(s) 'day7_customer_churn_pipeline' retrieved from /opt/airflow/dags/customer_churn_pipeline.py
[2025-09-29T22:38:01.633+0000] {logging_mixin.py:188} INFO - [2025-09-29T22:38:01.633+0000] {dag.py:3036} INFO - Sync 1 DAGs
[2025-09-29T22:38:01.644+0000] {logging_mixin.py:188} INFO - [2025-09-29T22:38:01.644+0000] {dag.py:3823} INFO - Setting next_dagrun for day7_customer_churn_pipeline to None, run_after=None
[2025-09-29T22:38:01.667+0000] {processor.py:183} INFO - Processing /opt/airflow/dags/customer_churn_pipeline.py took 0.799 seconds
[2025-09-29T22:38:32.086+0000] {processor.py:161} INFO - Started process (PID=2664) to work on /opt/airflow/dags/customer_churn_pipeline.py
[2025-09-29T22:38:32.088+0000] {processor.py:830} INFO - Processing file /opt/airflow/dags/customer_churn_pipeline.py for tasks to queue
[2025-09-29T22:38:32.090+0000] {logging_mixin.py:188} INFO - [2025-09-29T22:38:32.089+0000] {dagbag.py:538} INFO - Filling up the DagBag from /opt/airflow/dags/customer_churn_pipeline.py
[2025-09-29T22:38:32.871+0000] {processor.py:840} INFO - DAG(s) 'day7_customer_churn_pipeline' retrieved from /opt/airflow/dags/customer_churn_pipeline.py
[2025-09-29T22:38:32.893+0000] {logging_mixin.py:188} INFO - [2025-09-29T22:38:32.893+0000] {dag.py:3036} INFO - Sync 1 DAGs
[2025-09-29T22:38:32.904+0000] {logging_mixin.py:188} INFO - [2025-09-29T22:38:32.903+0000] {dag.py:3823} INFO - Setting next_dagrun for day7_customer_churn_pipeline to None, run_after=None
[2025-09-29T22:38:32.927+0000] {processor.py:183} INFO - Processing /opt/airflow/dags/customer_churn_pipeline.py took 0.844 seconds
[2025-09-29T22:39:03.389+0000] {processor.py:161} INFO - Started process (PID=2683) to work on /opt/airflow/dags/customer_churn_pipeline.py
[2025-09-29T22:39:03.391+0000] {processor.py:830} INFO - Processing file /opt/airflow/dags/customer_churn_pipeline.py for tasks to queue
[2025-09-29T22:39:03.393+0000] {logging_mixin.py:188} INFO - [2025-09-29T22:39:03.393+0000] {dagbag.py:538} INFO - Filling up the DagBag from /opt/airflow/dags/customer_churn_pipeline.py
[2025-09-29T22:39:04.163+0000] {processor.py:840} INFO - DAG(s) 'day7_customer_churn_pipeline' retrieved from /opt/airflow/dags/customer_churn_pipeline.py
[2025-09-29T22:39:04.188+0000] {logging_mixin.py:188} INFO - [2025-09-29T22:39:04.188+0000] {dag.py:3036} INFO - Sync 1 DAGs
[2025-09-29T22:39:04.201+0000] {logging_mixin.py:188} INFO - [2025-09-29T22:39:04.200+0000] {dag.py:3823} INFO - Setting next_dagrun for day7_customer_churn_pipeline to None, run_after=None
[2025-09-29T22:39:04.220+0000] {processor.py:183} INFO - Processing /opt/airflow/dags/customer_churn_pipeline.py took 0.834 seconds
[2025-09-29T22:39:34.437+0000] {processor.py:161} INFO - Started process (PID=2702) to work on /opt/airflow/dags/customer_churn_pipeline.py
[2025-09-29T22:39:34.439+0000] {processor.py:830} INFO - Processing file /opt/airflow/dags/customer_churn_pipeline.py for tasks to queue
[2025-09-29T22:39:34.440+0000] {logging_mixin.py:188} INFO - [2025-09-29T22:39:34.440+0000] {dagbag.py:538} INFO - Filling up the DagBag from /opt/airflow/dags/customer_churn_pipeline.py
[2025-09-29T22:39:35.133+0000] {processor.py:840} INFO - DAG(s) 'day7_customer_churn_pipeline' retrieved from /opt/airflow/dags/customer_churn_pipeline.py
[2025-09-29T22:39:35.153+0000] {logging_mixin.py:188} INFO - [2025-09-29T22:39:35.153+0000] {dag.py:3036} INFO - Sync 1 DAGs
[2025-09-29T22:39:35.162+0000] {logging_mixin.py:188} INFO - [2025-09-29T22:39:35.162+0000] {dag.py:3823} INFO - Setting next_dagrun for day7_customer_churn_pipeline to None, run_after=None
[2025-09-29T22:39:35.177+0000] {processor.py:183} INFO - Processing /opt/airflow/dags/customer_churn_pipeline.py took 0.743 seconds
