[2025-09-27T09:57:42.267+0000] {processor.py:161} INFO - Started process (PID=61) to work on /opt/airflow/dags/customer_churn_pipeline.py
[2025-09-27T09:57:42.272+0000] {processor.py:830} INFO - Processing file /opt/airflow/dags/customer_churn_pipeline.py for tasks to queue
[2025-09-27T09:57:42.281+0000] {logging_mixin.py:188} INFO - [2025-09-27T09:57:42.279+0000] {dagbag.py:538} INFO - Filling up the DagBag from /opt/airflow/dags/customer_churn_pipeline.py
[2025-09-27T09:57:47.248+0000] {processor.py:840} INFO - DAG(s) 'day7_customer_churn_pipeline' retrieved from /opt/airflow/dags/customer_churn_pipeline.py
[2025-09-27T09:57:47.459+0000] {logging_mixin.py:188} INFO - [2025-09-27T09:57:47.458+0000] {dag.py:3036} INFO - Sync 1 DAGs
[2025-09-27T09:57:47.513+0000] {logging_mixin.py:188} INFO - [2025-09-27T09:57:47.512+0000] {dag.py:3823} INFO - Setting next_dagrun for day7_customer_churn_pipeline to None, run_after=None
[2025-09-27T09:57:47.622+0000] {processor.py:183} INFO - Processing /opt/airflow/dags/customer_churn_pipeline.py took 5.365 seconds
[2025-09-27T09:58:17.954+0000] {processor.py:161} INFO - Started process (PID=80) to work on /opt/airflow/dags/customer_churn_pipeline.py
[2025-09-27T09:58:17.956+0000] {processor.py:830} INFO - Processing file /opt/airflow/dags/customer_churn_pipeline.py for tasks to queue
[2025-09-27T09:58:17.960+0000] {logging_mixin.py:188} INFO - [2025-09-27T09:58:17.959+0000] {dagbag.py:538} INFO - Filling up the DagBag from /opt/airflow/dags/customer_churn_pipeline.py
[2025-09-27T09:58:19.371+0000] {processor.py:840} INFO - DAG(s) 'day7_customer_churn_pipeline' retrieved from /opt/airflow/dags/customer_churn_pipeline.py
[2025-09-27T09:58:19.423+0000] {logging_mixin.py:188} INFO - [2025-09-27T09:58:19.423+0000] {dag.py:3036} INFO - Sync 1 DAGs
[2025-09-27T09:58:19.442+0000] {logging_mixin.py:188} INFO - [2025-09-27T09:58:19.442+0000] {dag.py:3823} INFO - Setting next_dagrun for day7_customer_churn_pipeline to None, run_after=None
[2025-09-27T09:58:19.482+0000] {processor.py:183} INFO - Processing /opt/airflow/dags/customer_churn_pipeline.py took 1.534 seconds
[2025-09-27T09:58:50.142+0000] {processor.py:161} INFO - Started process (PID=99) to work on /opt/airflow/dags/customer_churn_pipeline.py
[2025-09-27T09:58:50.145+0000] {processor.py:830} INFO - Processing file /opt/airflow/dags/customer_churn_pipeline.py for tasks to queue
[2025-09-27T09:58:50.149+0000] {logging_mixin.py:188} INFO - [2025-09-27T09:58:50.148+0000] {dagbag.py:538} INFO - Filling up the DagBag from /opt/airflow/dags/customer_churn_pipeline.py
[2025-09-27T09:58:51.711+0000] {processor.py:840} INFO - DAG(s) 'day7_customer_churn_pipeline' retrieved from /opt/airflow/dags/customer_churn_pipeline.py
[2025-09-27T09:58:51.758+0000] {logging_mixin.py:188} INFO - [2025-09-27T09:58:51.757+0000] {dag.py:3036} INFO - Sync 1 DAGs
[2025-09-27T09:58:51.773+0000] {logging_mixin.py:188} INFO - [2025-09-27T09:58:51.773+0000] {dag.py:3823} INFO - Setting next_dagrun for day7_customer_churn_pipeline to None, run_after=None
[2025-09-27T09:58:51.798+0000] {processor.py:183} INFO - Processing /opt/airflow/dags/customer_churn_pipeline.py took 1.664 seconds
[2025-09-27T09:59:21.942+0000] {processor.py:161} INFO - Started process (PID=118) to work on /opt/airflow/dags/customer_churn_pipeline.py
[2025-09-27T09:59:21.944+0000] {processor.py:830} INFO - Processing file /opt/airflow/dags/customer_churn_pipeline.py for tasks to queue
[2025-09-27T09:59:21.947+0000] {logging_mixin.py:188} INFO - [2025-09-27T09:59:21.947+0000] {dagbag.py:538} INFO - Filling up the DagBag from /opt/airflow/dags/customer_churn_pipeline.py
[2025-09-27T09:59:23.107+0000] {processor.py:840} INFO - DAG(s) 'day7_customer_churn_pipeline' retrieved from /opt/airflow/dags/customer_churn_pipeline.py
[2025-09-27T09:59:23.134+0000] {logging_mixin.py:188} INFO - [2025-09-27T09:59:23.133+0000] {dag.py:3036} INFO - Sync 1 DAGs
[2025-09-27T09:59:23.149+0000] {logging_mixin.py:188} INFO - [2025-09-27T09:59:23.149+0000] {dag.py:3823} INFO - Setting next_dagrun for day7_customer_churn_pipeline to None, run_after=None
[2025-09-27T09:59:23.171+0000] {processor.py:183} INFO - Processing /opt/airflow/dags/customer_churn_pipeline.py took 1.232 seconds
[2025-09-27T09:59:53.287+0000] {processor.py:161} INFO - Started process (PID=137) to work on /opt/airflow/dags/customer_churn_pipeline.py
[2025-09-27T09:59:53.289+0000] {processor.py:830} INFO - Processing file /opt/airflow/dags/customer_churn_pipeline.py for tasks to queue
[2025-09-27T09:59:53.293+0000] {logging_mixin.py:188} INFO - [2025-09-27T09:59:53.292+0000] {dagbag.py:538} INFO - Filling up the DagBag from /opt/airflow/dags/customer_churn_pipeline.py
[2025-09-27T09:59:54.204+0000] {processor.py:840} INFO - DAG(s) 'day7_customer_churn_pipeline' retrieved from /opt/airflow/dags/customer_churn_pipeline.py
[2025-09-27T09:59:54.227+0000] {logging_mixin.py:188} INFO - [2025-09-27T09:59:54.227+0000] {dag.py:3036} INFO - Sync 1 DAGs
[2025-09-27T09:59:54.238+0000] {logging_mixin.py:188} INFO - [2025-09-27T09:59:54.237+0000] {dag.py:3823} INFO - Setting next_dagrun for day7_customer_churn_pipeline to None, run_after=None
[2025-09-27T09:59:54.269+0000] {processor.py:183} INFO - Processing /opt/airflow/dags/customer_churn_pipeline.py took 0.987 seconds
[2025-09-27T10:00:25.191+0000] {processor.py:161} INFO - Started process (PID=156) to work on /opt/airflow/dags/customer_churn_pipeline.py
[2025-09-27T10:00:25.193+0000] {processor.py:830} INFO - Processing file /opt/airflow/dags/customer_churn_pipeline.py for tasks to queue
[2025-09-27T10:00:25.195+0000] {logging_mixin.py:188} INFO - [2025-09-27T10:00:25.195+0000] {dagbag.py:538} INFO - Filling up the DagBag from /opt/airflow/dags/customer_churn_pipeline.py
[2025-09-27T10:00:26.212+0000] {processor.py:840} INFO - DAG(s) 'day7_customer_churn_pipeline' retrieved from /opt/airflow/dags/customer_churn_pipeline.py
[2025-09-27T10:00:26.235+0000] {logging_mixin.py:188} INFO - [2025-09-27T10:00:26.234+0000] {dag.py:3036} INFO - Sync 1 DAGs
[2025-09-27T10:00:26.248+0000] {logging_mixin.py:188} INFO - [2025-09-27T10:00:26.248+0000] {dag.py:3823} INFO - Setting next_dagrun for day7_customer_churn_pipeline to None, run_after=None
[2025-09-27T10:00:26.272+0000] {processor.py:183} INFO - Processing /opt/airflow/dags/customer_churn_pipeline.py took 1.087 seconds
[2025-09-27T10:00:56.843+0000] {processor.py:161} INFO - Started process (PID=175) to work on /opt/airflow/dags/customer_churn_pipeline.py
[2025-09-27T10:00:56.845+0000] {processor.py:830} INFO - Processing file /opt/airflow/dags/customer_churn_pipeline.py for tasks to queue
[2025-09-27T10:00:56.847+0000] {logging_mixin.py:188} INFO - [2025-09-27T10:00:56.847+0000] {dagbag.py:538} INFO - Filling up the DagBag from /opt/airflow/dags/customer_churn_pipeline.py
[2025-09-27T10:00:57.782+0000] {processor.py:840} INFO - DAG(s) 'day7_customer_churn_pipeline' retrieved from /opt/airflow/dags/customer_churn_pipeline.py
[2025-09-27T10:00:57.805+0000] {logging_mixin.py:188} INFO - [2025-09-27T10:00:57.805+0000] {dag.py:3036} INFO - Sync 1 DAGs
[2025-09-27T10:00:57.815+0000] {logging_mixin.py:188} INFO - [2025-09-27T10:00:57.815+0000] {dag.py:3823} INFO - Setting next_dagrun for day7_customer_churn_pipeline to None, run_after=None
[2025-09-27T10:00:57.838+0000] {processor.py:183} INFO - Processing /opt/airflow/dags/customer_churn_pipeline.py took 0.997 seconds
[2025-09-27T10:01:28.474+0000] {processor.py:161} INFO - Started process (PID=194) to work on /opt/airflow/dags/customer_churn_pipeline.py
[2025-09-27T10:01:28.476+0000] {processor.py:830} INFO - Processing file /opt/airflow/dags/customer_churn_pipeline.py for tasks to queue
[2025-09-27T10:01:28.478+0000] {logging_mixin.py:188} INFO - [2025-09-27T10:01:28.478+0000] {dagbag.py:538} INFO - Filling up the DagBag from /opt/airflow/dags/customer_churn_pipeline.py
[2025-09-27T10:01:29.489+0000] {processor.py:840} INFO - DAG(s) 'day7_customer_churn_pipeline' retrieved from /opt/airflow/dags/customer_churn_pipeline.py
[2025-09-27T10:01:29.555+0000] {logging_mixin.py:188} INFO - [2025-09-27T10:01:29.554+0000] {dag.py:3036} INFO - Sync 1 DAGs
[2025-09-27T10:01:29.589+0000] {logging_mixin.py:188} INFO - [2025-09-27T10:01:29.589+0000] {dag.py:3823} INFO - Setting next_dagrun for day7_customer_churn_pipeline to None, run_after=None
[2025-09-27T10:01:29.618+0000] {processor.py:183} INFO - Processing /opt/airflow/dags/customer_churn_pipeline.py took 1.149 seconds
[2025-09-27T10:01:59.861+0000] {processor.py:161} INFO - Started process (PID=213) to work on /opt/airflow/dags/customer_churn_pipeline.py
[2025-09-27T10:01:59.863+0000] {processor.py:830} INFO - Processing file /opt/airflow/dags/customer_churn_pipeline.py for tasks to queue
[2025-09-27T10:01:59.867+0000] {logging_mixin.py:188} INFO - [2025-09-27T10:01:59.866+0000] {dagbag.py:538} INFO - Filling up the DagBag from /opt/airflow/dags/customer_churn_pipeline.py
[2025-09-27T10:02:00.843+0000] {processor.py:840} INFO - DAG(s) 'day7_customer_churn_pipeline' retrieved from /opt/airflow/dags/customer_churn_pipeline.py
[2025-09-27T10:02:00.871+0000] {logging_mixin.py:188} INFO - [2025-09-27T10:02:00.870+0000] {dag.py:3036} INFO - Sync 1 DAGs
[2025-09-27T10:02:00.884+0000] {logging_mixin.py:188} INFO - [2025-09-27T10:02:00.884+0000] {dag.py:3823} INFO - Setting next_dagrun for day7_customer_churn_pipeline to None, run_after=None
[2025-09-27T10:02:00.907+0000] {processor.py:183} INFO - Processing /opt/airflow/dags/customer_churn_pipeline.py took 1.050 seconds
[2025-09-27T10:02:31.270+0000] {processor.py:161} INFO - Started process (PID=232) to work on /opt/airflow/dags/customer_churn_pipeline.py
[2025-09-27T10:02:31.272+0000] {processor.py:830} INFO - Processing file /opt/airflow/dags/customer_churn_pipeline.py for tasks to queue
[2025-09-27T10:02:31.275+0000] {logging_mixin.py:188} INFO - [2025-09-27T10:02:31.274+0000] {dagbag.py:538} INFO - Filling up the DagBag from /opt/airflow/dags/customer_churn_pipeline.py
[2025-09-27T10:02:32.233+0000] {processor.py:840} INFO - DAG(s) 'day7_customer_churn_pipeline' retrieved from /opt/airflow/dags/customer_churn_pipeline.py
[2025-09-27T10:02:32.290+0000] {logging_mixin.py:188} INFO - [2025-09-27T10:02:32.289+0000] {dag.py:3036} INFO - Sync 1 DAGs
[2025-09-27T10:02:32.313+0000] {logging_mixin.py:188} INFO - [2025-09-27T10:02:32.313+0000] {dag.py:3823} INFO - Setting next_dagrun for day7_customer_churn_pipeline to None, run_after=None
[2025-09-27T10:02:32.349+0000] {processor.py:183} INFO - Processing /opt/airflow/dags/customer_churn_pipeline.py took 1.082 seconds
[2025-09-27T10:03:03.001+0000] {processor.py:161} INFO - Started process (PID=251) to work on /opt/airflow/dags/customer_churn_pipeline.py
[2025-09-27T10:03:03.003+0000] {processor.py:830} INFO - Processing file /opt/airflow/dags/customer_churn_pipeline.py for tasks to queue
[2025-09-27T10:03:03.005+0000] {logging_mixin.py:188} INFO - [2025-09-27T10:03:03.004+0000] {dagbag.py:538} INFO - Filling up the DagBag from /opt/airflow/dags/customer_churn_pipeline.py
[2025-09-27T10:03:04.113+0000] {processor.py:840} INFO - DAG(s) 'day7_customer_churn_pipeline' retrieved from /opt/airflow/dags/customer_churn_pipeline.py
[2025-09-27T10:03:04.133+0000] {logging_mixin.py:188} INFO - [2025-09-27T10:03:04.132+0000] {dag.py:3036} INFO - Sync 1 DAGs
[2025-09-27T10:03:04.142+0000] {logging_mixin.py:188} INFO - [2025-09-27T10:03:04.142+0000] {dag.py:3823} INFO - Setting next_dagrun for day7_customer_churn_pipeline to None, run_after=None
[2025-09-27T10:03:04.163+0000] {processor.py:183} INFO - Processing /opt/airflow/dags/customer_churn_pipeline.py took 1.166 seconds
[2025-09-27T10:03:34.658+0000] {processor.py:161} INFO - Started process (PID=270) to work on /opt/airflow/dags/customer_churn_pipeline.py
[2025-09-27T10:03:34.660+0000] {processor.py:830} INFO - Processing file /opt/airflow/dags/customer_churn_pipeline.py for tasks to queue
[2025-09-27T10:03:34.662+0000] {logging_mixin.py:188} INFO - [2025-09-27T10:03:34.662+0000] {dagbag.py:538} INFO - Filling up the DagBag from /opt/airflow/dags/customer_churn_pipeline.py
[2025-09-27T10:03:35.655+0000] {processor.py:840} INFO - DAG(s) 'day7_customer_churn_pipeline' retrieved from /opt/airflow/dags/customer_churn_pipeline.py
[2025-09-27T10:03:35.680+0000] {logging_mixin.py:188} INFO - [2025-09-27T10:03:35.680+0000] {dag.py:3036} INFO - Sync 1 DAGs
[2025-09-27T10:03:35.691+0000] {logging_mixin.py:188} INFO - [2025-09-27T10:03:35.691+0000] {dag.py:3823} INFO - Setting next_dagrun for day7_customer_churn_pipeline to None, run_after=None
[2025-09-27T10:03:35.720+0000] {processor.py:183} INFO - Processing /opt/airflow/dags/customer_churn_pipeline.py took 1.067 seconds
[2025-09-27T10:04:06.469+0000] {processor.py:161} INFO - Started process (PID=289) to work on /opt/airflow/dags/customer_churn_pipeline.py
[2025-09-27T10:04:06.471+0000] {processor.py:830} INFO - Processing file /opt/airflow/dags/customer_churn_pipeline.py for tasks to queue
[2025-09-27T10:04:06.473+0000] {logging_mixin.py:188} INFO - [2025-09-27T10:04:06.473+0000] {dagbag.py:538} INFO - Filling up the DagBag from /opt/airflow/dags/customer_churn_pipeline.py
[2025-09-27T10:04:07.500+0000] {processor.py:840} INFO - DAG(s) 'day7_customer_churn_pipeline' retrieved from /opt/airflow/dags/customer_churn_pipeline.py
[2025-09-27T10:04:07.539+0000] {logging_mixin.py:188} INFO - [2025-09-27T10:04:07.539+0000] {dag.py:3036} INFO - Sync 1 DAGs
[2025-09-27T10:04:07.555+0000] {logging_mixin.py:188} INFO - [2025-09-27T10:04:07.554+0000] {dag.py:3823} INFO - Setting next_dagrun for day7_customer_churn_pipeline to None, run_after=None
[2025-09-27T10:04:07.591+0000] {processor.py:183} INFO - Processing /opt/airflow/dags/customer_churn_pipeline.py took 1.124 seconds
[2025-09-27T10:04:37.892+0000] {processor.py:161} INFO - Started process (PID=308) to work on /opt/airflow/dags/customer_churn_pipeline.py
[2025-09-27T10:04:37.895+0000] {processor.py:830} INFO - Processing file /opt/airflow/dags/customer_churn_pipeline.py for tasks to queue
[2025-09-27T10:04:37.899+0000] {logging_mixin.py:188} INFO - [2025-09-27T10:04:37.898+0000] {dagbag.py:538} INFO - Filling up the DagBag from /opt/airflow/dags/customer_churn_pipeline.py
[2025-09-27T10:04:38.770+0000] {processor.py:840} INFO - DAG(s) 'day7_customer_churn_pipeline' retrieved from /opt/airflow/dags/customer_churn_pipeline.py
[2025-09-27T10:04:38.795+0000] {logging_mixin.py:188} INFO - [2025-09-27T10:04:38.794+0000] {dag.py:3036} INFO - Sync 1 DAGs
[2025-09-27T10:04:38.805+0000] {logging_mixin.py:188} INFO - [2025-09-27T10:04:38.804+0000] {dag.py:3823} INFO - Setting next_dagrun for day7_customer_churn_pipeline to None, run_after=None
[2025-09-27T10:04:38.831+0000] {processor.py:183} INFO - Processing /opt/airflow/dags/customer_churn_pipeline.py took 0.944 seconds
[2025-09-27T10:05:09.669+0000] {processor.py:161} INFO - Started process (PID=327) to work on /opt/airflow/dags/customer_churn_pipeline.py
[2025-09-27T10:05:09.671+0000] {processor.py:830} INFO - Processing file /opt/airflow/dags/customer_churn_pipeline.py for tasks to queue
[2025-09-27T10:05:09.674+0000] {logging_mixin.py:188} INFO - [2025-09-27T10:05:09.674+0000] {dagbag.py:538} INFO - Filling up the DagBag from /opt/airflow/dags/customer_churn_pipeline.py
[2025-09-27T10:05:10.701+0000] {processor.py:840} INFO - DAG(s) 'day7_customer_churn_pipeline' retrieved from /opt/airflow/dags/customer_churn_pipeline.py
[2025-09-27T10:05:10.735+0000] {logging_mixin.py:188} INFO - [2025-09-27T10:05:10.734+0000] {dag.py:3036} INFO - Sync 1 DAGs
[2025-09-27T10:05:10.749+0000] {logging_mixin.py:188} INFO - [2025-09-27T10:05:10.748+0000] {dag.py:3823} INFO - Setting next_dagrun for day7_customer_churn_pipeline to None, run_after=None
[2025-09-27T10:05:10.776+0000] {processor.py:183} INFO - Processing /opt/airflow/dags/customer_churn_pipeline.py took 1.110 seconds
[2025-09-27T10:05:41.018+0000] {processor.py:161} INFO - Started process (PID=346) to work on /opt/airflow/dags/customer_churn_pipeline.py
[2025-09-27T10:05:41.023+0000] {processor.py:830} INFO - Processing file /opt/airflow/dags/customer_churn_pipeline.py for tasks to queue
[2025-09-27T10:05:41.026+0000] {logging_mixin.py:188} INFO - [2025-09-27T10:05:41.026+0000] {dagbag.py:538} INFO - Filling up the DagBag from /opt/airflow/dags/customer_churn_pipeline.py
[2025-09-27T10:05:42.003+0000] {processor.py:840} INFO - DAG(s) 'day7_customer_churn_pipeline' retrieved from /opt/airflow/dags/customer_churn_pipeline.py
[2025-09-27T10:05:42.030+0000] {logging_mixin.py:188} INFO - [2025-09-27T10:05:42.029+0000] {dag.py:3036} INFO - Sync 1 DAGs
[2025-09-27T10:05:42.043+0000] {logging_mixin.py:188} INFO - [2025-09-27T10:05:42.042+0000] {dag.py:3823} INFO - Setting next_dagrun for day7_customer_churn_pipeline to None, run_after=None
[2025-09-27T10:05:42.069+0000] {processor.py:183} INFO - Processing /opt/airflow/dags/customer_churn_pipeline.py took 0.990 seconds
[2025-09-27T10:06:12.562+0000] {processor.py:161} INFO - Started process (PID=365) to work on /opt/airflow/dags/customer_churn_pipeline.py
[2025-09-27T10:06:12.565+0000] {processor.py:830} INFO - Processing file /opt/airflow/dags/customer_churn_pipeline.py for tasks to queue
[2025-09-27T10:06:12.567+0000] {logging_mixin.py:188} INFO - [2025-09-27T10:06:12.567+0000] {dagbag.py:538} INFO - Filling up the DagBag from /opt/airflow/dags/customer_churn_pipeline.py
[2025-09-27T10:06:13.790+0000] {processor.py:840} INFO - DAG(s) 'day7_customer_churn_pipeline' retrieved from /opt/airflow/dags/customer_churn_pipeline.py
[2025-09-27T10:06:13.818+0000] {logging_mixin.py:188} INFO - [2025-09-27T10:06:13.817+0000] {dag.py:3036} INFO - Sync 1 DAGs
[2025-09-27T10:06:13.829+0000] {logging_mixin.py:188} INFO - [2025-09-27T10:06:13.829+0000] {dag.py:3823} INFO - Setting next_dagrun for day7_customer_churn_pipeline to None, run_after=None
[2025-09-27T10:06:13.862+0000] {processor.py:183} INFO - Processing /opt/airflow/dags/customer_churn_pipeline.py took 1.302 seconds
[2025-09-27T10:06:43.939+0000] {processor.py:161} INFO - Started process (PID=384) to work on /opt/airflow/dags/customer_churn_pipeline.py
[2025-09-27T10:06:43.941+0000] {processor.py:830} INFO - Processing file /opt/airflow/dags/customer_churn_pipeline.py for tasks to queue
[2025-09-27T10:06:43.946+0000] {logging_mixin.py:188} INFO - [2025-09-27T10:06:43.945+0000] {dagbag.py:538} INFO - Filling up the DagBag from /opt/airflow/dags/customer_churn_pipeline.py
[2025-09-27T10:06:44.887+0000] {processor.py:840} INFO - DAG(s) 'day7_customer_churn_pipeline' retrieved from /opt/airflow/dags/customer_churn_pipeline.py
[2025-09-27T10:06:44.910+0000] {logging_mixin.py:188} INFO - [2025-09-27T10:06:44.910+0000] {dag.py:3036} INFO - Sync 1 DAGs
[2025-09-27T10:06:44.924+0000] {logging_mixin.py:188} INFO - [2025-09-27T10:06:44.923+0000] {dag.py:3823} INFO - Setting next_dagrun for day7_customer_churn_pipeline to None, run_after=None
[2025-09-27T10:06:44.949+0000] {processor.py:183} INFO - Processing /opt/airflow/dags/customer_churn_pipeline.py took 1.013 seconds
[2025-09-27T10:07:15.280+0000] {processor.py:161} INFO - Started process (PID=403) to work on /opt/airflow/dags/customer_churn_pipeline.py
[2025-09-27T10:07:15.281+0000] {processor.py:830} INFO - Processing file /opt/airflow/dags/customer_churn_pipeline.py for tasks to queue
[2025-09-27T10:07:15.283+0000] {logging_mixin.py:188} INFO - [2025-09-27T10:07:15.283+0000] {dagbag.py:538} INFO - Filling up the DagBag from /opt/airflow/dags/customer_churn_pipeline.py
[2025-09-27T10:07:16.121+0000] {processor.py:840} INFO - DAG(s) 'day7_customer_churn_pipeline' retrieved from /opt/airflow/dags/customer_churn_pipeline.py
[2025-09-27T10:07:16.145+0000] {logging_mixin.py:188} INFO - [2025-09-27T10:07:16.144+0000] {dag.py:3036} INFO - Sync 1 DAGs
[2025-09-27T10:07:16.159+0000] {logging_mixin.py:188} INFO - [2025-09-27T10:07:16.158+0000] {dag.py:3823} INFO - Setting next_dagrun for day7_customer_churn_pipeline to None, run_after=None
[2025-09-27T10:07:16.183+0000] {processor.py:183} INFO - Processing /opt/airflow/dags/customer_churn_pipeline.py took 0.906 seconds
[2025-09-27T10:07:46.754+0000] {processor.py:161} INFO - Started process (PID=422) to work on /opt/airflow/dags/customer_churn_pipeline.py
[2025-09-27T10:07:46.755+0000] {processor.py:830} INFO - Processing file /opt/airflow/dags/customer_churn_pipeline.py for tasks to queue
[2025-09-27T10:07:46.756+0000] {logging_mixin.py:188} INFO - [2025-09-27T10:07:46.756+0000] {dagbag.py:538} INFO - Filling up the DagBag from /opt/airflow/dags/customer_churn_pipeline.py
[2025-09-27T10:07:47.793+0000] {processor.py:840} INFO - DAG(s) 'day7_customer_churn_pipeline' retrieved from /opt/airflow/dags/customer_churn_pipeline.py
[2025-09-27T10:07:47.822+0000] {logging_mixin.py:188} INFO - [2025-09-27T10:07:47.822+0000] {dag.py:3036} INFO - Sync 1 DAGs
[2025-09-27T10:07:47.842+0000] {logging_mixin.py:188} INFO - [2025-09-27T10:07:47.842+0000] {dag.py:3823} INFO - Setting next_dagrun for day7_customer_churn_pipeline to None, run_after=None
[2025-09-27T10:07:47.872+0000] {processor.py:183} INFO - Processing /opt/airflow/dags/customer_churn_pipeline.py took 1.121 seconds
[2025-09-27T10:08:18.188+0000] {processor.py:161} INFO - Started process (PID=441) to work on /opt/airflow/dags/customer_churn_pipeline.py
[2025-09-27T10:08:18.190+0000] {processor.py:830} INFO - Processing file /opt/airflow/dags/customer_churn_pipeline.py for tasks to queue
[2025-09-27T10:08:18.194+0000] {logging_mixin.py:188} INFO - [2025-09-27T10:08:18.193+0000] {dagbag.py:538} INFO - Filling up the DagBag from /opt/airflow/dags/customer_churn_pipeline.py
[2025-09-27T10:08:19.146+0000] {processor.py:840} INFO - DAG(s) 'day7_customer_churn_pipeline' retrieved from /opt/airflow/dags/customer_churn_pipeline.py
[2025-09-27T10:08:19.177+0000] {logging_mixin.py:188} INFO - [2025-09-27T10:08:19.177+0000] {dag.py:3036} INFO - Sync 1 DAGs
[2025-09-27T10:08:19.190+0000] {logging_mixin.py:188} INFO - [2025-09-27T10:08:19.190+0000] {dag.py:3823} INFO - Setting next_dagrun for day7_customer_churn_pipeline to None, run_after=None
[2025-09-27T10:08:19.211+0000] {processor.py:183} INFO - Processing /opt/airflow/dags/customer_churn_pipeline.py took 1.029 seconds
[2025-09-27T10:08:49.635+0000] {processor.py:161} INFO - Started process (PID=460) to work on /opt/airflow/dags/customer_churn_pipeline.py
[2025-09-27T10:08:49.638+0000] {processor.py:830} INFO - Processing file /opt/airflow/dags/customer_churn_pipeline.py for tasks to queue
[2025-09-27T10:08:49.642+0000] {logging_mixin.py:188} INFO - [2025-09-27T10:08:49.642+0000] {dagbag.py:538} INFO - Filling up the DagBag from /opt/airflow/dags/customer_churn_pipeline.py
[2025-09-27T10:08:50.577+0000] {processor.py:840} INFO - DAG(s) 'day7_customer_churn_pipeline' retrieved from /opt/airflow/dags/customer_churn_pipeline.py
[2025-09-27T10:08:50.602+0000] {logging_mixin.py:188} INFO - [2025-09-27T10:08:50.602+0000] {dag.py:3036} INFO - Sync 1 DAGs
[2025-09-27T10:08:50.611+0000] {logging_mixin.py:188} INFO - [2025-09-27T10:08:50.611+0000] {dag.py:3823} INFO - Setting next_dagrun for day7_customer_churn_pipeline to None, run_after=None
[2025-09-27T10:08:50.635+0000] {processor.py:183} INFO - Processing /opt/airflow/dags/customer_churn_pipeline.py took 1.006 seconds
[2025-09-27T10:09:20.982+0000] {processor.py:161} INFO - Started process (PID=479) to work on /opt/airflow/dags/customer_churn_pipeline.py
[2025-09-27T10:09:20.984+0000] {processor.py:830} INFO - Processing file /opt/airflow/dags/customer_churn_pipeline.py for tasks to queue
[2025-09-27T10:09:20.987+0000] {logging_mixin.py:188} INFO - [2025-09-27T10:09:20.986+0000] {dagbag.py:538} INFO - Filling up the DagBag from /opt/airflow/dags/customer_churn_pipeline.py
[2025-09-27T10:09:21.933+0000] {processor.py:840} INFO - DAG(s) 'day7_customer_churn_pipeline' retrieved from /opt/airflow/dags/customer_churn_pipeline.py
[2025-09-27T10:09:21.964+0000] {logging_mixin.py:188} INFO - [2025-09-27T10:09:21.964+0000] {dag.py:3036} INFO - Sync 1 DAGs
[2025-09-27T10:09:21.980+0000] {logging_mixin.py:188} INFO - [2025-09-27T10:09:21.980+0000] {dag.py:3823} INFO - Setting next_dagrun for day7_customer_churn_pipeline to None, run_after=None
[2025-09-27T10:09:22.007+0000] {processor.py:183} INFO - Processing /opt/airflow/dags/customer_churn_pipeline.py took 1.030 seconds
[2025-09-27T10:09:52.594+0000] {processor.py:161} INFO - Started process (PID=498) to work on /opt/airflow/dags/customer_churn_pipeline.py
[2025-09-27T10:09:52.597+0000] {processor.py:830} INFO - Processing file /opt/airflow/dags/customer_churn_pipeline.py for tasks to queue
[2025-09-27T10:09:52.601+0000] {logging_mixin.py:188} INFO - [2025-09-27T10:09:52.600+0000] {dagbag.py:538} INFO - Filling up the DagBag from /opt/airflow/dags/customer_churn_pipeline.py
[2025-09-27T10:09:53.600+0000] {processor.py:840} INFO - DAG(s) 'day7_customer_churn_pipeline' retrieved from /opt/airflow/dags/customer_churn_pipeline.py
[2025-09-27T10:09:53.621+0000] {logging_mixin.py:188} INFO - [2025-09-27T10:09:53.620+0000] {dag.py:3036} INFO - Sync 1 DAGs
[2025-09-27T10:09:53.630+0000] {logging_mixin.py:188} INFO - [2025-09-27T10:09:53.630+0000] {dag.py:3823} INFO - Setting next_dagrun for day7_customer_churn_pipeline to None, run_after=None
[2025-09-27T10:09:53.653+0000] {processor.py:183} INFO - Processing /opt/airflow/dags/customer_churn_pipeline.py took 1.064 seconds
[2025-09-27T10:10:24.376+0000] {processor.py:161} INFO - Started process (PID=517) to work on /opt/airflow/dags/customer_churn_pipeline.py
[2025-09-27T10:10:24.379+0000] {processor.py:830} INFO - Processing file /opt/airflow/dags/customer_churn_pipeline.py for tasks to queue
[2025-09-27T10:10:24.382+0000] {logging_mixin.py:188} INFO - [2025-09-27T10:10:24.381+0000] {dagbag.py:538} INFO - Filling up the DagBag from /opt/airflow/dags/customer_churn_pipeline.py
[2025-09-27T10:10:25.349+0000] {processor.py:840} INFO - DAG(s) 'day7_customer_churn_pipeline' retrieved from /opt/airflow/dags/customer_churn_pipeline.py
[2025-09-27T10:10:25.376+0000] {logging_mixin.py:188} INFO - [2025-09-27T10:10:25.375+0000] {dag.py:3036} INFO - Sync 1 DAGs
[2025-09-27T10:10:25.388+0000] {logging_mixin.py:188} INFO - [2025-09-27T10:10:25.388+0000] {dag.py:3823} INFO - Setting next_dagrun for day7_customer_churn_pipeline to None, run_after=None
[2025-09-27T10:10:25.430+0000] {processor.py:183} INFO - Processing /opt/airflow/dags/customer_churn_pipeline.py took 1.059 seconds
[2025-09-27T10:10:55.818+0000] {processor.py:161} INFO - Started process (PID=536) to work on /opt/airflow/dags/customer_churn_pipeline.py
[2025-09-27T10:10:55.819+0000] {processor.py:830} INFO - Processing file /opt/airflow/dags/customer_churn_pipeline.py for tasks to queue
[2025-09-27T10:10:55.823+0000] {logging_mixin.py:188} INFO - [2025-09-27T10:10:55.822+0000] {dagbag.py:538} INFO - Filling up the DagBag from /opt/airflow/dags/customer_churn_pipeline.py
[2025-09-27T10:10:56.848+0000] {processor.py:840} INFO - DAG(s) 'day7_customer_churn_pipeline' retrieved from /opt/airflow/dags/customer_churn_pipeline.py
[2025-09-27T10:10:56.882+0000] {logging_mixin.py:188} INFO - [2025-09-27T10:10:56.882+0000] {dag.py:3036} INFO - Sync 1 DAGs
[2025-09-27T10:10:56.892+0000] {logging_mixin.py:188} INFO - [2025-09-27T10:10:56.892+0000] {dag.py:3823} INFO - Setting next_dagrun for day7_customer_churn_pipeline to None, run_after=None
[2025-09-27T10:10:56.942+0000] {processor.py:183} INFO - Processing /opt/airflow/dags/customer_churn_pipeline.py took 1.135 seconds
[2025-09-27T10:11:27.384+0000] {processor.py:161} INFO - Started process (PID=555) to work on /opt/airflow/dags/customer_churn_pipeline.py
[2025-09-27T10:11:27.400+0000] {processor.py:830} INFO - Processing file /opt/airflow/dags/customer_churn_pipeline.py for tasks to queue
[2025-09-27T10:11:27.569+0000] {logging_mixin.py:188} INFO - [2025-09-27T10:11:27.562+0000] {dagbag.py:538} INFO - Filling up the DagBag from /opt/airflow/dags/customer_churn_pipeline.py
[2025-09-27T10:11:28.967+0000] {processor.py:840} INFO - DAG(s) 'day7_customer_churn_pipeline' retrieved from /opt/airflow/dags/customer_churn_pipeline.py
[2025-09-27T10:11:28.993+0000] {logging_mixin.py:188} INFO - [2025-09-27T10:11:28.992+0000] {dag.py:3036} INFO - Sync 1 DAGs
[2025-09-27T10:11:29.007+0000] {logging_mixin.py:188} INFO - [2025-09-27T10:11:29.007+0000] {dag.py:3823} INFO - Setting next_dagrun for day7_customer_churn_pipeline to None, run_after=None
[2025-09-27T10:11:29.035+0000] {processor.py:183} INFO - Processing /opt/airflow/dags/customer_churn_pipeline.py took 1.658 seconds
[2025-09-27T10:11:59.464+0000] {processor.py:161} INFO - Started process (PID=574) to work on /opt/airflow/dags/customer_churn_pipeline.py
[2025-09-27T10:11:59.465+0000] {processor.py:830} INFO - Processing file /opt/airflow/dags/customer_churn_pipeline.py for tasks to queue
[2025-09-27T10:11:59.468+0000] {logging_mixin.py:188} INFO - [2025-09-27T10:11:59.468+0000] {dagbag.py:538} INFO - Filling up the DagBag from /opt/airflow/dags/customer_churn_pipeline.py
[2025-09-27T10:12:00.413+0000] {processor.py:840} INFO - DAG(s) 'day7_customer_churn_pipeline' retrieved from /opt/airflow/dags/customer_churn_pipeline.py
[2025-09-27T10:12:00.435+0000] {logging_mixin.py:188} INFO - [2025-09-27T10:12:00.435+0000] {dag.py:3036} INFO - Sync 1 DAGs
[2025-09-27T10:12:00.446+0000] {logging_mixin.py:188} INFO - [2025-09-27T10:12:00.446+0000] {dag.py:3823} INFO - Setting next_dagrun for day7_customer_churn_pipeline to None, run_after=None
[2025-09-27T10:12:00.470+0000] {processor.py:183} INFO - Processing /opt/airflow/dags/customer_churn_pipeline.py took 1.010 seconds
[2025-09-27T10:12:30.864+0000] {processor.py:161} INFO - Started process (PID=593) to work on /opt/airflow/dags/customer_churn_pipeline.py
[2025-09-27T10:12:30.866+0000] {processor.py:830} INFO - Processing file /opt/airflow/dags/customer_churn_pipeline.py for tasks to queue
[2025-09-27T10:12:30.869+0000] {logging_mixin.py:188} INFO - [2025-09-27T10:12:30.869+0000] {dagbag.py:538} INFO - Filling up the DagBag from /opt/airflow/dags/customer_churn_pipeline.py
[2025-09-27T10:12:31.867+0000] {processor.py:840} INFO - DAG(s) 'day7_customer_churn_pipeline' retrieved from /opt/airflow/dags/customer_churn_pipeline.py
[2025-09-27T10:12:31.890+0000] {logging_mixin.py:188} INFO - [2025-09-27T10:12:31.889+0000] {dag.py:3036} INFO - Sync 1 DAGs
[2025-09-27T10:12:31.900+0000] {logging_mixin.py:188} INFO - [2025-09-27T10:12:31.900+0000] {dag.py:3823} INFO - Setting next_dagrun for day7_customer_churn_pipeline to None, run_after=None
[2025-09-27T10:12:31.928+0000] {processor.py:183} INFO - Processing /opt/airflow/dags/customer_churn_pipeline.py took 1.068 seconds
[2025-09-27T10:13:02.328+0000] {processor.py:161} INFO - Started process (PID=612) to work on /opt/airflow/dags/customer_churn_pipeline.py
[2025-09-27T10:13:02.330+0000] {processor.py:830} INFO - Processing file /opt/airflow/dags/customer_churn_pipeline.py for tasks to queue
[2025-09-27T10:13:02.332+0000] {logging_mixin.py:188} INFO - [2025-09-27T10:13:02.331+0000] {dagbag.py:538} INFO - Filling up the DagBag from /opt/airflow/dags/customer_churn_pipeline.py
[2025-09-27T10:13:03.314+0000] {processor.py:840} INFO - DAG(s) 'day7_customer_churn_pipeline' retrieved from /opt/airflow/dags/customer_churn_pipeline.py
[2025-09-27T10:13:03.343+0000] {logging_mixin.py:188} INFO - [2025-09-27T10:13:03.342+0000] {dag.py:3036} INFO - Sync 1 DAGs
[2025-09-27T10:13:03.359+0000] {logging_mixin.py:188} INFO - [2025-09-27T10:13:03.358+0000] {dag.py:3823} INFO - Setting next_dagrun for day7_customer_churn_pipeline to None, run_after=None
[2025-09-27T10:13:03.393+0000] {processor.py:183} INFO - Processing /opt/airflow/dags/customer_churn_pipeline.py took 1.070 seconds
[2025-09-27T10:13:34.048+0000] {processor.py:161} INFO - Started process (PID=631) to work on /opt/airflow/dags/customer_churn_pipeline.py
[2025-09-27T10:13:34.050+0000] {processor.py:830} INFO - Processing file /opt/airflow/dags/customer_churn_pipeline.py for tasks to queue
[2025-09-27T10:13:34.052+0000] {logging_mixin.py:188} INFO - [2025-09-27T10:13:34.052+0000] {dagbag.py:538} INFO - Filling up the DagBag from /opt/airflow/dags/customer_churn_pipeline.py
[2025-09-27T10:13:35.017+0000] {processor.py:840} INFO - DAG(s) 'day7_customer_churn_pipeline' retrieved from /opt/airflow/dags/customer_churn_pipeline.py
[2025-09-27T10:13:35.039+0000] {logging_mixin.py:188} INFO - [2025-09-27T10:13:35.038+0000] {dag.py:3036} INFO - Sync 1 DAGs
[2025-09-27T10:13:35.054+0000] {logging_mixin.py:188} INFO - [2025-09-27T10:13:35.054+0000] {dag.py:3823} INFO - Setting next_dagrun for day7_customer_churn_pipeline to None, run_after=None
[2025-09-27T10:13:35.074+0000] {processor.py:183} INFO - Processing /opt/airflow/dags/customer_churn_pipeline.py took 1.031 seconds
[2025-09-27T10:14:05.614+0000] {processor.py:161} INFO - Started process (PID=650) to work on /opt/airflow/dags/customer_churn_pipeline.py
[2025-09-27T10:14:05.616+0000] {processor.py:830} INFO - Processing file /opt/airflow/dags/customer_churn_pipeline.py for tasks to queue
[2025-09-27T10:14:05.619+0000] {logging_mixin.py:188} INFO - [2025-09-27T10:14:05.618+0000] {dagbag.py:538} INFO - Filling up the DagBag from /opt/airflow/dags/customer_churn_pipeline.py
[2025-09-27T10:14:07.095+0000] {processor.py:840} INFO - DAG(s) 'day7_customer_churn_pipeline' retrieved from /opt/airflow/dags/customer_churn_pipeline.py
[2025-09-27T10:14:07.122+0000] {logging_mixin.py:188} INFO - [2025-09-27T10:14:07.121+0000] {dag.py:3036} INFO - Sync 1 DAGs
[2025-09-27T10:14:07.133+0000] {logging_mixin.py:188} INFO - [2025-09-27T10:14:07.132+0000] {dag.py:3823} INFO - Setting next_dagrun for day7_customer_churn_pipeline to None, run_after=None
[2025-09-27T10:14:07.183+0000] {processor.py:183} INFO - Processing /opt/airflow/dags/customer_churn_pipeline.py took 1.572 seconds
[2025-09-27T10:14:37.637+0000] {processor.py:161} INFO - Started process (PID=669) to work on /opt/airflow/dags/customer_churn_pipeline.py
[2025-09-27T10:14:37.639+0000] {processor.py:830} INFO - Processing file /opt/airflow/dags/customer_churn_pipeline.py for tasks to queue
[2025-09-27T10:14:37.643+0000] {logging_mixin.py:188} INFO - [2025-09-27T10:14:37.642+0000] {dagbag.py:538} INFO - Filling up the DagBag from /opt/airflow/dags/customer_churn_pipeline.py
[2025-09-27T10:14:39.191+0000] {processor.py:840} INFO - DAG(s) 'day7_customer_churn_pipeline' retrieved from /opt/airflow/dags/customer_churn_pipeline.py
[2025-09-27T10:14:39.226+0000] {logging_mixin.py:188} INFO - [2025-09-27T10:14:39.225+0000] {dag.py:3036} INFO - Sync 1 DAGs
[2025-09-27T10:14:39.247+0000] {logging_mixin.py:188} INFO - [2025-09-27T10:14:39.246+0000] {dag.py:3823} INFO - Setting next_dagrun for day7_customer_churn_pipeline to None, run_after=None
[2025-09-27T10:14:39.308+0000] {processor.py:183} INFO - Processing /opt/airflow/dags/customer_churn_pipeline.py took 1.677 seconds
[2025-09-27T10:15:09.884+0000] {processor.py:161} INFO - Started process (PID=688) to work on /opt/airflow/dags/customer_churn_pipeline.py
[2025-09-27T10:15:09.887+0000] {processor.py:830} INFO - Processing file /opt/airflow/dags/customer_churn_pipeline.py for tasks to queue
[2025-09-27T10:15:09.890+0000] {logging_mixin.py:188} INFO - [2025-09-27T10:15:09.889+0000] {dagbag.py:538} INFO - Filling up the DagBag from /opt/airflow/dags/customer_churn_pipeline.py
[2025-09-27T10:15:11.100+0000] {processor.py:840} INFO - DAG(s) 'day7_customer_churn_pipeline' retrieved from /opt/airflow/dags/customer_churn_pipeline.py
[2025-09-27T10:15:11.129+0000] {logging_mixin.py:188} INFO - [2025-09-27T10:15:11.128+0000] {dag.py:3036} INFO - Sync 1 DAGs
[2025-09-27T10:15:11.143+0000] {logging_mixin.py:188} INFO - [2025-09-27T10:15:11.143+0000] {dag.py:3823} INFO - Setting next_dagrun for day7_customer_churn_pipeline to None, run_after=None
[2025-09-27T10:15:11.181+0000] {processor.py:183} INFO - Processing /opt/airflow/dags/customer_churn_pipeline.py took 1.301 seconds
[2025-09-27T10:15:41.516+0000] {processor.py:161} INFO - Started process (PID=707) to work on /opt/airflow/dags/customer_churn_pipeline.py
[2025-09-27T10:15:41.519+0000] {processor.py:830} INFO - Processing file /opt/airflow/dags/customer_churn_pipeline.py for tasks to queue
[2025-09-27T10:15:41.524+0000] {logging_mixin.py:188} INFO - [2025-09-27T10:15:41.524+0000] {dagbag.py:538} INFO - Filling up the DagBag from /opt/airflow/dags/customer_churn_pipeline.py
[2025-09-27T10:15:42.657+0000] {processor.py:840} INFO - DAG(s) 'day7_customer_churn_pipeline' retrieved from /opt/airflow/dags/customer_churn_pipeline.py
[2025-09-27T10:15:42.682+0000] {logging_mixin.py:188} INFO - [2025-09-27T10:15:42.682+0000] {dag.py:3036} INFO - Sync 1 DAGs
[2025-09-27T10:15:42.697+0000] {logging_mixin.py:188} INFO - [2025-09-27T10:15:42.697+0000] {dag.py:3823} INFO - Setting next_dagrun for day7_customer_churn_pipeline to None, run_after=None
[2025-09-27T10:15:42.736+0000] {processor.py:183} INFO - Processing /opt/airflow/dags/customer_churn_pipeline.py took 1.344 seconds
[2025-09-27T10:16:13.490+0000] {processor.py:161} INFO - Started process (PID=726) to work on /opt/airflow/dags/customer_churn_pipeline.py
[2025-09-27T10:16:13.493+0000] {processor.py:830} INFO - Processing file /opt/airflow/dags/customer_churn_pipeline.py for tasks to queue
[2025-09-27T10:16:13.498+0000] {logging_mixin.py:188} INFO - [2025-09-27T10:16:13.497+0000] {dagbag.py:538} INFO - Filling up the DagBag from /opt/airflow/dags/customer_churn_pipeline.py
[2025-09-27T10:16:14.588+0000] {processor.py:840} INFO - DAG(s) 'day7_customer_churn_pipeline' retrieved from /opt/airflow/dags/customer_churn_pipeline.py
[2025-09-27T10:16:14.617+0000] {logging_mixin.py:188} INFO - [2025-09-27T10:16:14.617+0000] {dag.py:3036} INFO - Sync 1 DAGs
[2025-09-27T10:16:14.628+0000] {logging_mixin.py:188} INFO - [2025-09-27T10:16:14.628+0000] {dag.py:3823} INFO - Setting next_dagrun for day7_customer_churn_pipeline to None, run_after=None
[2025-09-27T10:16:14.655+0000] {processor.py:183} INFO - Processing /opt/airflow/dags/customer_churn_pipeline.py took 1.168 seconds
[2025-09-27T10:16:44.993+0000] {processor.py:161} INFO - Started process (PID=745) to work on /opt/airflow/dags/customer_churn_pipeline.py
[2025-09-27T10:16:44.995+0000] {processor.py:830} INFO - Processing file /opt/airflow/dags/customer_churn_pipeline.py for tasks to queue
[2025-09-27T10:16:44.998+0000] {logging_mixin.py:188} INFO - [2025-09-27T10:16:44.997+0000] {dagbag.py:538} INFO - Filling up the DagBag from /opt/airflow/dags/customer_churn_pipeline.py
[2025-09-27T10:16:46.006+0000] {processor.py:840} INFO - DAG(s) 'day7_customer_churn_pipeline' retrieved from /opt/airflow/dags/customer_churn_pipeline.py
[2025-09-27T10:16:46.026+0000] {logging_mixin.py:188} INFO - [2025-09-27T10:16:46.025+0000] {dag.py:3036} INFO - Sync 1 DAGs
[2025-09-27T10:16:46.036+0000] {logging_mixin.py:188} INFO - [2025-09-27T10:16:46.036+0000] {dag.py:3823} INFO - Setting next_dagrun for day7_customer_churn_pipeline to None, run_after=None
[2025-09-27T10:16:46.060+0000] {processor.py:183} INFO - Processing /opt/airflow/dags/customer_churn_pipeline.py took 1.071 seconds
[2025-09-27T10:17:16.398+0000] {processor.py:161} INFO - Started process (PID=764) to work on /opt/airflow/dags/customer_churn_pipeline.py
[2025-09-27T10:17:16.400+0000] {processor.py:830} INFO - Processing file /opt/airflow/dags/customer_churn_pipeline.py for tasks to queue
[2025-09-27T10:17:16.404+0000] {logging_mixin.py:188} INFO - [2025-09-27T10:17:16.404+0000] {dagbag.py:538} INFO - Filling up the DagBag from /opt/airflow/dags/customer_churn_pipeline.py
[2025-09-27T10:17:17.375+0000] {processor.py:840} INFO - DAG(s) 'day7_customer_churn_pipeline' retrieved from /opt/airflow/dags/customer_churn_pipeline.py
[2025-09-27T10:17:17.401+0000] {logging_mixin.py:188} INFO - [2025-09-27T10:17:17.401+0000] {dag.py:3036} INFO - Sync 1 DAGs
[2025-09-27T10:17:17.415+0000] {logging_mixin.py:188} INFO - [2025-09-27T10:17:17.415+0000] {dag.py:3823} INFO - Setting next_dagrun for day7_customer_churn_pipeline to None, run_after=None
[2025-09-27T10:17:17.447+0000] {processor.py:183} INFO - Processing /opt/airflow/dags/customer_churn_pipeline.py took 1.052 seconds
[2025-09-27T10:17:48.086+0000] {processor.py:161} INFO - Started process (PID=783) to work on /opt/airflow/dags/customer_churn_pipeline.py
[2025-09-27T10:17:48.148+0000] {processor.py:830} INFO - Processing file /opt/airflow/dags/customer_churn_pipeline.py for tasks to queue
[2025-09-27T10:17:48.159+0000] {logging_mixin.py:188} INFO - [2025-09-27T10:17:48.158+0000] {dagbag.py:538} INFO - Filling up the DagBag from /opt/airflow/dags/customer_churn_pipeline.py
[2025-09-27T10:17:49.194+0000] {processor.py:840} INFO - DAG(s) 'day7_customer_churn_pipeline' retrieved from /opt/airflow/dags/customer_churn_pipeline.py
[2025-09-27T10:17:49.230+0000] {logging_mixin.py:188} INFO - [2025-09-27T10:17:49.229+0000] {dag.py:3036} INFO - Sync 1 DAGs
[2025-09-27T10:17:49.242+0000] {logging_mixin.py:188} INFO - [2025-09-27T10:17:49.242+0000] {dag.py:3823} INFO - Setting next_dagrun for day7_customer_churn_pipeline to None, run_after=None
[2025-09-27T10:17:49.274+0000] {processor.py:183} INFO - Processing /opt/airflow/dags/customer_churn_pipeline.py took 1.195 seconds
[2025-09-27T10:18:19.494+0000] {processor.py:161} INFO - Started process (PID=802) to work on /opt/airflow/dags/customer_churn_pipeline.py
[2025-09-27T10:18:19.497+0000] {processor.py:830} INFO - Processing file /opt/airflow/dags/customer_churn_pipeline.py for tasks to queue
[2025-09-27T10:18:19.502+0000] {logging_mixin.py:188} INFO - [2025-09-27T10:18:19.501+0000] {dagbag.py:538} INFO - Filling up the DagBag from /opt/airflow/dags/customer_churn_pipeline.py
[2025-09-27T10:18:20.380+0000] {processor.py:840} INFO - DAG(s) 'day7_customer_churn_pipeline' retrieved from /opt/airflow/dags/customer_churn_pipeline.py
[2025-09-27T10:18:20.404+0000] {logging_mixin.py:188} INFO - [2025-09-27T10:18:20.404+0000] {dag.py:3036} INFO - Sync 1 DAGs
[2025-09-27T10:18:20.419+0000] {logging_mixin.py:188} INFO - [2025-09-27T10:18:20.419+0000] {dag.py:3823} INFO - Setting next_dagrun for day7_customer_churn_pipeline to None, run_after=None
[2025-09-27T10:18:20.439+0000] {processor.py:183} INFO - Processing /opt/airflow/dags/customer_churn_pipeline.py took 0.950 seconds
[2025-09-27T10:18:50.935+0000] {processor.py:161} INFO - Started process (PID=821) to work on /opt/airflow/dags/customer_churn_pipeline.py
[2025-09-27T10:18:50.937+0000] {processor.py:830} INFO - Processing file /opt/airflow/dags/customer_churn_pipeline.py for tasks to queue
[2025-09-27T10:18:50.940+0000] {logging_mixin.py:188} INFO - [2025-09-27T10:18:50.939+0000] {dagbag.py:538} INFO - Filling up the DagBag from /opt/airflow/dags/customer_churn_pipeline.py
[2025-09-27T10:18:52.085+0000] {processor.py:840} INFO - DAG(s) 'day7_customer_churn_pipeline' retrieved from /opt/airflow/dags/customer_churn_pipeline.py
[2025-09-27T10:18:52.110+0000] {logging_mixin.py:188} INFO - [2025-09-27T10:18:52.110+0000] {dag.py:3036} INFO - Sync 1 DAGs
[2025-09-27T10:18:52.130+0000] {logging_mixin.py:188} INFO - [2025-09-27T10:18:52.130+0000] {dag.py:3823} INFO - Setting next_dagrun for day7_customer_churn_pipeline to None, run_after=None
[2025-09-27T10:18:52.153+0000] {processor.py:183} INFO - Processing /opt/airflow/dags/customer_churn_pipeline.py took 1.222 seconds
[2025-09-27T10:19:22.354+0000] {processor.py:161} INFO - Started process (PID=840) to work on /opt/airflow/dags/customer_churn_pipeline.py
[2025-09-27T10:19:22.357+0000] {processor.py:830} INFO - Processing file /opt/airflow/dags/customer_churn_pipeline.py for tasks to queue
[2025-09-27T10:19:22.363+0000] {logging_mixin.py:188} INFO - [2025-09-27T10:19:22.362+0000] {dagbag.py:538} INFO - Filling up the DagBag from /opt/airflow/dags/customer_churn_pipeline.py
[2025-09-27T10:19:23.282+0000] {processor.py:840} INFO - DAG(s) 'day7_customer_churn_pipeline' retrieved from /opt/airflow/dags/customer_churn_pipeline.py
[2025-09-27T10:19:23.303+0000] {logging_mixin.py:188} INFO - [2025-09-27T10:19:23.302+0000] {dag.py:3036} INFO - Sync 1 DAGs
[2025-09-27T10:19:23.312+0000] {logging_mixin.py:188} INFO - [2025-09-27T10:19:23.312+0000] {dag.py:3823} INFO - Setting next_dagrun for day7_customer_churn_pipeline to None, run_after=None
[2025-09-27T10:19:23.333+0000] {processor.py:183} INFO - Processing /opt/airflow/dags/customer_churn_pipeline.py took 0.986 seconds
[2025-09-27T10:19:53.794+0000] {processor.py:161} INFO - Started process (PID=859) to work on /opt/airflow/dags/customer_churn_pipeline.py
[2025-09-27T10:19:53.797+0000] {processor.py:830} INFO - Processing file /opt/airflow/dags/customer_churn_pipeline.py for tasks to queue
[2025-09-27T10:19:53.801+0000] {logging_mixin.py:188} INFO - [2025-09-27T10:19:53.801+0000] {dagbag.py:538} INFO - Filling up the DagBag from /opt/airflow/dags/customer_churn_pipeline.py
[2025-09-27T10:19:54.890+0000] {processor.py:840} INFO - DAG(s) 'day7_customer_churn_pipeline' retrieved from /opt/airflow/dags/customer_churn_pipeline.py
[2025-09-27T10:19:54.917+0000] {logging_mixin.py:188} INFO - [2025-09-27T10:19:54.916+0000] {dag.py:3036} INFO - Sync 1 DAGs
[2025-09-27T10:19:54.928+0000] {logging_mixin.py:188} INFO - [2025-09-27T10:19:54.928+0000] {dag.py:3823} INFO - Setting next_dagrun for day7_customer_churn_pipeline to None, run_after=None
[2025-09-27T10:19:54.946+0000] {processor.py:183} INFO - Processing /opt/airflow/dags/customer_churn_pipeline.py took 1.157 seconds
[2025-09-27T10:20:25.211+0000] {processor.py:161} INFO - Started process (PID=878) to work on /opt/airflow/dags/customer_churn_pipeline.py
[2025-09-27T10:20:25.214+0000] {processor.py:830} INFO - Processing file /opt/airflow/dags/customer_churn_pipeline.py for tasks to queue
[2025-09-27T10:20:25.229+0000] {logging_mixin.py:188} INFO - [2025-09-27T10:20:25.229+0000] {dagbag.py:538} INFO - Filling up the DagBag from /opt/airflow/dags/customer_churn_pipeline.py
[2025-09-27T10:20:26.167+0000] {processor.py:840} INFO - DAG(s) 'day7_customer_churn_pipeline' retrieved from /opt/airflow/dags/customer_churn_pipeline.py
[2025-09-27T10:20:26.192+0000] {logging_mixin.py:188} INFO - [2025-09-27T10:20:26.191+0000] {dag.py:3036} INFO - Sync 1 DAGs
[2025-09-27T10:20:26.203+0000] {logging_mixin.py:188} INFO - [2025-09-27T10:20:26.203+0000] {dag.py:3823} INFO - Setting next_dagrun for day7_customer_churn_pipeline to None, run_after=None
[2025-09-27T10:20:26.236+0000] {processor.py:183} INFO - Processing /opt/airflow/dags/customer_churn_pipeline.py took 1.031 seconds
[2025-09-27T10:20:57.537+0000] {processor.py:161} INFO - Started process (PID=897) to work on /opt/airflow/dags/customer_churn_pipeline.py
[2025-09-27T10:20:57.731+0000] {processor.py:830} INFO - Processing file /opt/airflow/dags/customer_churn_pipeline.py for tasks to queue
[2025-09-27T10:20:57.776+0000] {logging_mixin.py:188} INFO - [2025-09-27T10:20:57.776+0000] {dagbag.py:538} INFO - Filling up the DagBag from /opt/airflow/dags/customer_churn_pipeline.py
[2025-09-27T10:20:59.200+0000] {processor.py:840} INFO - DAG(s) 'day7_customer_churn_pipeline' retrieved from /opt/airflow/dags/customer_churn_pipeline.py
[2025-09-27T10:20:59.257+0000] {logging_mixin.py:188} INFO - [2025-09-27T10:20:59.256+0000] {dag.py:3036} INFO - Sync 1 DAGs
[2025-09-27T10:20:59.299+0000] {logging_mixin.py:188} INFO - [2025-09-27T10:20:59.299+0000] {dag.py:3823} INFO - Setting next_dagrun for day7_customer_churn_pipeline to None, run_after=None
[2025-09-27T10:20:59.367+0000] {processor.py:183} INFO - Processing /opt/airflow/dags/customer_churn_pipeline.py took 1.848 seconds
[2025-09-27T10:21:29.819+0000] {processor.py:161} INFO - Started process (PID=916) to work on /opt/airflow/dags/customer_churn_pipeline.py
[2025-09-27T10:21:29.821+0000] {processor.py:830} INFO - Processing file /opt/airflow/dags/customer_churn_pipeline.py for tasks to queue
[2025-09-27T10:21:29.824+0000] {logging_mixin.py:188} INFO - [2025-09-27T10:21:29.824+0000] {dagbag.py:538} INFO - Filling up the DagBag from /opt/airflow/dags/customer_churn_pipeline.py
[2025-09-27T10:21:30.776+0000] {processor.py:840} INFO - DAG(s) 'day7_customer_churn_pipeline' retrieved from /opt/airflow/dags/customer_churn_pipeline.py
[2025-09-27T10:21:30.800+0000] {logging_mixin.py:188} INFO - [2025-09-27T10:21:30.799+0000] {dag.py:3036} INFO - Sync 1 DAGs
[2025-09-27T10:21:30.811+0000] {logging_mixin.py:188} INFO - [2025-09-27T10:21:30.811+0000] {dag.py:3823} INFO - Setting next_dagrun for day7_customer_churn_pipeline to None, run_after=None
[2025-09-27T10:21:30.843+0000] {processor.py:183} INFO - Processing /opt/airflow/dags/customer_churn_pipeline.py took 1.031 seconds
[2025-09-27T10:22:01.425+0000] {processor.py:161} INFO - Started process (PID=935) to work on /opt/airflow/dags/customer_churn_pipeline.py
[2025-09-27T10:22:01.426+0000] {processor.py:830} INFO - Processing file /opt/airflow/dags/customer_churn_pipeline.py for tasks to queue
[2025-09-27T10:22:01.431+0000] {logging_mixin.py:188} INFO - [2025-09-27T10:22:01.431+0000] {dagbag.py:538} INFO - Filling up the DagBag from /opt/airflow/dags/customer_churn_pipeline.py
[2025-09-27T10:22:02.470+0000] {processor.py:840} INFO - DAG(s) 'day7_customer_churn_pipeline' retrieved from /opt/airflow/dags/customer_churn_pipeline.py
[2025-09-27T10:22:02.496+0000] {logging_mixin.py:188} INFO - [2025-09-27T10:22:02.496+0000] {dag.py:3036} INFO - Sync 1 DAGs
[2025-09-27T10:22:02.509+0000] {logging_mixin.py:188} INFO - [2025-09-27T10:22:02.509+0000] {dag.py:3823} INFO - Setting next_dagrun for day7_customer_churn_pipeline to None, run_after=None
[2025-09-27T10:22:02.578+0000] {processor.py:183} INFO - Processing /opt/airflow/dags/customer_churn_pipeline.py took 1.157 seconds
[2025-09-27T10:22:33.347+0000] {processor.py:161} INFO - Started process (PID=954) to work on /opt/airflow/dags/customer_churn_pipeline.py
[2025-09-27T10:22:33.349+0000] {processor.py:830} INFO - Processing file /opt/airflow/dags/customer_churn_pipeline.py for tasks to queue
[2025-09-27T10:22:33.353+0000] {logging_mixin.py:188} INFO - [2025-09-27T10:22:33.352+0000] {dagbag.py:538} INFO - Filling up the DagBag from /opt/airflow/dags/customer_churn_pipeline.py
[2025-09-27T10:22:34.388+0000] {processor.py:840} INFO - DAG(s) 'day7_customer_churn_pipeline' retrieved from /opt/airflow/dags/customer_churn_pipeline.py
[2025-09-27T10:22:34.413+0000] {logging_mixin.py:188} INFO - [2025-09-27T10:22:34.412+0000] {dag.py:3036} INFO - Sync 1 DAGs
[2025-09-27T10:22:34.425+0000] {logging_mixin.py:188} INFO - [2025-09-27T10:22:34.425+0000] {dag.py:3823} INFO - Setting next_dagrun for day7_customer_churn_pipeline to None, run_after=None
[2025-09-27T10:22:34.456+0000] {processor.py:183} INFO - Processing /opt/airflow/dags/customer_churn_pipeline.py took 1.113 seconds
[2025-09-27T10:23:05.026+0000] {processor.py:161} INFO - Started process (PID=973) to work on /opt/airflow/dags/customer_churn_pipeline.py
[2025-09-27T10:23:05.028+0000] {processor.py:830} INFO - Processing file /opt/airflow/dags/customer_churn_pipeline.py for tasks to queue
[2025-09-27T10:23:05.031+0000] {logging_mixin.py:188} INFO - [2025-09-27T10:23:05.031+0000] {dagbag.py:538} INFO - Filling up the DagBag from /opt/airflow/dags/customer_churn_pipeline.py
[2025-09-27T10:23:05.952+0000] {processor.py:840} INFO - DAG(s) 'day7_customer_churn_pipeline' retrieved from /opt/airflow/dags/customer_churn_pipeline.py
[2025-09-27T10:23:05.979+0000] {logging_mixin.py:188} INFO - [2025-09-27T10:23:05.978+0000] {dag.py:3036} INFO - Sync 1 DAGs
[2025-09-27T10:23:05.990+0000] {logging_mixin.py:188} INFO - [2025-09-27T10:23:05.990+0000] {dag.py:3823} INFO - Setting next_dagrun for day7_customer_churn_pipeline to None, run_after=None
[2025-09-27T10:23:06.011+0000] {processor.py:183} INFO - Processing /opt/airflow/dags/customer_churn_pipeline.py took 0.989 seconds
[2025-09-27T10:23:36.939+0000] {processor.py:161} INFO - Started process (PID=992) to work on /opt/airflow/dags/customer_churn_pipeline.py
[2025-09-27T10:23:36.940+0000] {processor.py:830} INFO - Processing file /opt/airflow/dags/customer_churn_pipeline.py for tasks to queue
[2025-09-27T10:23:36.942+0000] {logging_mixin.py:188} INFO - [2025-09-27T10:23:36.942+0000] {dagbag.py:538} INFO - Filling up the DagBag from /opt/airflow/dags/customer_churn_pipeline.py
[2025-09-27T10:23:37.822+0000] {processor.py:840} INFO - DAG(s) 'day7_customer_churn_pipeline' retrieved from /opt/airflow/dags/customer_churn_pipeline.py
[2025-09-27T10:23:37.846+0000] {logging_mixin.py:188} INFO - [2025-09-27T10:23:37.845+0000] {dag.py:3036} INFO - Sync 1 DAGs
[2025-09-27T10:23:37.860+0000] {logging_mixin.py:188} INFO - [2025-09-27T10:23:37.860+0000] {dag.py:3823} INFO - Setting next_dagrun for day7_customer_churn_pipeline to None, run_after=None
[2025-09-27T10:23:37.889+0000] {processor.py:183} INFO - Processing /opt/airflow/dags/customer_churn_pipeline.py took 0.953 seconds
[2025-09-27T10:24:08.476+0000] {processor.py:161} INFO - Started process (PID=1011) to work on /opt/airflow/dags/customer_churn_pipeline.py
[2025-09-27T10:24:08.479+0000] {processor.py:830} INFO - Processing file /opt/airflow/dags/customer_churn_pipeline.py for tasks to queue
[2025-09-27T10:24:08.485+0000] {logging_mixin.py:188} INFO - [2025-09-27T10:24:08.484+0000] {dagbag.py:538} INFO - Filling up the DagBag from /opt/airflow/dags/customer_churn_pipeline.py
[2025-09-27T10:24:09.525+0000] {processor.py:840} INFO - DAG(s) 'day7_customer_churn_pipeline' retrieved from /opt/airflow/dags/customer_churn_pipeline.py
[2025-09-27T10:24:09.551+0000] {logging_mixin.py:188} INFO - [2025-09-27T10:24:09.550+0000] {dag.py:3036} INFO - Sync 1 DAGs
[2025-09-27T10:24:09.564+0000] {logging_mixin.py:188} INFO - [2025-09-27T10:24:09.564+0000] {dag.py:3823} INFO - Setting next_dagrun for day7_customer_churn_pipeline to None, run_after=None
[2025-09-27T10:24:09.582+0000] {processor.py:183} INFO - Processing /opt/airflow/dags/customer_churn_pipeline.py took 1.113 seconds
[2025-09-27T10:24:39.922+0000] {processor.py:161} INFO - Started process (PID=1030) to work on /opt/airflow/dags/customer_churn_pipeline.py
[2025-09-27T10:24:39.925+0000] {processor.py:830} INFO - Processing file /opt/airflow/dags/customer_churn_pipeline.py for tasks to queue
[2025-09-27T10:24:39.929+0000] {logging_mixin.py:188} INFO - [2025-09-27T10:24:39.929+0000] {dagbag.py:538} INFO - Filling up the DagBag from /opt/airflow/dags/customer_churn_pipeline.py
[2025-09-27T10:24:40.817+0000] {processor.py:840} INFO - DAG(s) 'day7_customer_churn_pipeline' retrieved from /opt/airflow/dags/customer_churn_pipeline.py
[2025-09-27T10:24:40.845+0000] {logging_mixin.py:188} INFO - [2025-09-27T10:24:40.844+0000] {dag.py:3036} INFO - Sync 1 DAGs
[2025-09-27T10:24:40.856+0000] {logging_mixin.py:188} INFO - [2025-09-27T10:24:40.856+0000] {dag.py:3823} INFO - Setting next_dagrun for day7_customer_churn_pipeline to None, run_after=None
[2025-09-27T10:24:40.884+0000] {processor.py:183} INFO - Processing /opt/airflow/dags/customer_churn_pipeline.py took 0.970 seconds
[2025-09-27T10:25:11.330+0000] {processor.py:161} INFO - Started process (PID=1049) to work on /opt/airflow/dags/customer_churn_pipeline.py
[2025-09-27T10:25:11.333+0000] {processor.py:830} INFO - Processing file /opt/airflow/dags/customer_churn_pipeline.py for tasks to queue
[2025-09-27T10:25:11.337+0000] {logging_mixin.py:188} INFO - [2025-09-27T10:25:11.336+0000] {dagbag.py:538} INFO - Filling up the DagBag from /opt/airflow/dags/customer_churn_pipeline.py
[2025-09-27T10:25:12.272+0000] {processor.py:840} INFO - DAG(s) 'day7_customer_churn_pipeline' retrieved from /opt/airflow/dags/customer_churn_pipeline.py
[2025-09-27T10:25:12.294+0000] {logging_mixin.py:188} INFO - [2025-09-27T10:25:12.294+0000] {dag.py:3036} INFO - Sync 1 DAGs
[2025-09-27T10:25:12.314+0000] {logging_mixin.py:188} INFO - [2025-09-27T10:25:12.314+0000] {dag.py:3823} INFO - Setting next_dagrun for day7_customer_churn_pipeline to None, run_after=None
[2025-09-27T10:25:12.337+0000] {processor.py:183} INFO - Processing /opt/airflow/dags/customer_churn_pipeline.py took 1.012 seconds
[2025-09-27T10:25:42.745+0000] {processor.py:161} INFO - Started process (PID=1068) to work on /opt/airflow/dags/customer_churn_pipeline.py
[2025-09-27T10:25:42.747+0000] {processor.py:830} INFO - Processing file /opt/airflow/dags/customer_churn_pipeline.py for tasks to queue
[2025-09-27T10:25:42.751+0000] {logging_mixin.py:188} INFO - [2025-09-27T10:25:42.751+0000] {dagbag.py:538} INFO - Filling up the DagBag from /opt/airflow/dags/customer_churn_pipeline.py
[2025-09-27T10:25:43.633+0000] {processor.py:840} INFO - DAG(s) 'day7_customer_churn_pipeline' retrieved from /opt/airflow/dags/customer_churn_pipeline.py
[2025-09-27T10:25:43.654+0000] {logging_mixin.py:188} INFO - [2025-09-27T10:25:43.654+0000] {dag.py:3036} INFO - Sync 1 DAGs
[2025-09-27T10:25:43.664+0000] {logging_mixin.py:188} INFO - [2025-09-27T10:25:43.664+0000] {dag.py:3823} INFO - Setting next_dagrun for day7_customer_churn_pipeline to None, run_after=None
[2025-09-27T10:25:43.696+0000] {processor.py:183} INFO - Processing /opt/airflow/dags/customer_churn_pipeline.py took 0.956 seconds
[2025-09-27T10:26:14.386+0000] {processor.py:161} INFO - Started process (PID=1087) to work on /opt/airflow/dags/customer_churn_pipeline.py
[2025-09-27T10:26:14.397+0000] {processor.py:830} INFO - Processing file /opt/airflow/dags/customer_churn_pipeline.py for tasks to queue
[2025-09-27T10:26:14.406+0000] {logging_mixin.py:188} INFO - [2025-09-27T10:26:14.405+0000] {dagbag.py:538} INFO - Filling up the DagBag from /opt/airflow/dags/customer_churn_pipeline.py
[2025-09-27T10:26:15.393+0000] {processor.py:840} INFO - DAG(s) 'day7_customer_churn_pipeline' retrieved from /opt/airflow/dags/customer_churn_pipeline.py
[2025-09-27T10:26:15.426+0000] {logging_mixin.py:188} INFO - [2025-09-27T10:26:15.426+0000] {dag.py:3036} INFO - Sync 1 DAGs
[2025-09-27T10:26:15.453+0000] {logging_mixin.py:188} INFO - [2025-09-27T10:26:15.453+0000] {dag.py:3823} INFO - Setting next_dagrun for day7_customer_churn_pipeline to None, run_after=None
[2025-09-27T10:26:15.642+0000] {processor.py:183} INFO - Processing /opt/airflow/dags/customer_churn_pipeline.py took 1.147 seconds
[2025-09-27T10:26:45.992+0000] {processor.py:161} INFO - Started process (PID=1106) to work on /opt/airflow/dags/customer_churn_pipeline.py
[2025-09-27T10:26:45.994+0000] {processor.py:830} INFO - Processing file /opt/airflow/dags/customer_churn_pipeline.py for tasks to queue
[2025-09-27T10:26:45.997+0000] {logging_mixin.py:188} INFO - [2025-09-27T10:26:45.996+0000] {dagbag.py:538} INFO - Filling up the DagBag from /opt/airflow/dags/customer_churn_pipeline.py
[2025-09-27T10:26:46.890+0000] {processor.py:840} INFO - DAG(s) 'day7_customer_churn_pipeline' retrieved from /opt/airflow/dags/customer_churn_pipeline.py
[2025-09-27T10:26:46.916+0000] {logging_mixin.py:188} INFO - [2025-09-27T10:26:46.916+0000] {dag.py:3036} INFO - Sync 1 DAGs
[2025-09-27T10:26:46.931+0000] {logging_mixin.py:188} INFO - [2025-09-27T10:26:46.931+0000] {dag.py:3823} INFO - Setting next_dagrun for day7_customer_churn_pipeline to None, run_after=None
[2025-09-27T10:26:46.952+0000] {processor.py:183} INFO - Processing /opt/airflow/dags/customer_churn_pipeline.py took 0.964 seconds
[2025-09-27T10:27:17.514+0000] {processor.py:161} INFO - Started process (PID=1125) to work on /opt/airflow/dags/customer_churn_pipeline.py
[2025-09-27T10:27:17.516+0000] {processor.py:830} INFO - Processing file /opt/airflow/dags/customer_churn_pipeline.py for tasks to queue
[2025-09-27T10:27:17.519+0000] {logging_mixin.py:188} INFO - [2025-09-27T10:27:17.519+0000] {dagbag.py:538} INFO - Filling up the DagBag from /opt/airflow/dags/customer_churn_pipeline.py
[2025-09-27T10:27:18.419+0000] {processor.py:840} INFO - DAG(s) 'day7_customer_churn_pipeline' retrieved from /opt/airflow/dags/customer_churn_pipeline.py
[2025-09-27T10:27:18.449+0000] {logging_mixin.py:188} INFO - [2025-09-27T10:27:18.449+0000] {dag.py:3036} INFO - Sync 1 DAGs
[2025-09-27T10:27:18.465+0000] {logging_mixin.py:188} INFO - [2025-09-27T10:27:18.464+0000] {dag.py:3823} INFO - Setting next_dagrun for day7_customer_churn_pipeline to None, run_after=None
[2025-09-27T10:27:18.495+0000] {processor.py:183} INFO - Processing /opt/airflow/dags/customer_churn_pipeline.py took 0.986 seconds
[2025-09-27T10:27:49.176+0000] {processor.py:161} INFO - Started process (PID=1144) to work on /opt/airflow/dags/customer_churn_pipeline.py
[2025-09-27T10:27:49.178+0000] {processor.py:830} INFO - Processing file /opt/airflow/dags/customer_churn_pipeline.py for tasks to queue
[2025-09-27T10:27:49.181+0000] {logging_mixin.py:188} INFO - [2025-09-27T10:27:49.181+0000] {dagbag.py:538} INFO - Filling up the DagBag from /opt/airflow/dags/customer_churn_pipeline.py
[2025-09-27T10:27:50.042+0000] {processor.py:840} INFO - DAG(s) 'day7_customer_churn_pipeline' retrieved from /opt/airflow/dags/customer_churn_pipeline.py
[2025-09-27T10:27:50.064+0000] {logging_mixin.py:188} INFO - [2025-09-27T10:27:50.063+0000] {dag.py:3036} INFO - Sync 1 DAGs
[2025-09-27T10:27:50.073+0000] {logging_mixin.py:188} INFO - [2025-09-27T10:27:50.073+0000] {dag.py:3823} INFO - Setting next_dagrun for day7_customer_churn_pipeline to None, run_after=None
[2025-09-27T10:27:50.107+0000] {processor.py:183} INFO - Processing /opt/airflow/dags/customer_churn_pipeline.py took 0.936 seconds
[2025-09-27T10:28:20.602+0000] {processor.py:161} INFO - Started process (PID=1163) to work on /opt/airflow/dags/customer_churn_pipeline.py
[2025-09-27T10:28:20.604+0000] {processor.py:830} INFO - Processing file /opt/airflow/dags/customer_churn_pipeline.py for tasks to queue
[2025-09-27T10:28:20.607+0000] {logging_mixin.py:188} INFO - [2025-09-27T10:28:20.607+0000] {dagbag.py:538} INFO - Filling up the DagBag from /opt/airflow/dags/customer_churn_pipeline.py
[2025-09-27T10:28:21.482+0000] {processor.py:840} INFO - DAG(s) 'day7_customer_churn_pipeline' retrieved from /opt/airflow/dags/customer_churn_pipeline.py
[2025-09-27T10:28:21.515+0000] {logging_mixin.py:188} INFO - [2025-09-27T10:28:21.514+0000] {dag.py:3036} INFO - Sync 1 DAGs
[2025-09-27T10:28:21.527+0000] {logging_mixin.py:188} INFO - [2025-09-27T10:28:21.526+0000] {dag.py:3823} INFO - Setting next_dagrun for day7_customer_churn_pipeline to None, run_after=None
[2025-09-27T10:28:21.566+0000] {processor.py:183} INFO - Processing /opt/airflow/dags/customer_churn_pipeline.py took 0.969 seconds
[2025-09-27T10:28:52.091+0000] {processor.py:161} INFO - Started process (PID=1182) to work on /opt/airflow/dags/customer_churn_pipeline.py
[2025-09-27T10:28:52.093+0000] {processor.py:830} INFO - Processing file /opt/airflow/dags/customer_churn_pipeline.py for tasks to queue
[2025-09-27T10:28:52.095+0000] {logging_mixin.py:188} INFO - [2025-09-27T10:28:52.095+0000] {dagbag.py:538} INFO - Filling up the DagBag from /opt/airflow/dags/customer_churn_pipeline.py
[2025-09-27T10:28:53.082+0000] {processor.py:840} INFO - DAG(s) 'day7_customer_churn_pipeline' retrieved from /opt/airflow/dags/customer_churn_pipeline.py
[2025-09-27T10:28:53.107+0000] {logging_mixin.py:188} INFO - [2025-09-27T10:28:53.107+0000] {dag.py:3036} INFO - Sync 1 DAGs
[2025-09-27T10:28:53.119+0000] {logging_mixin.py:188} INFO - [2025-09-27T10:28:53.119+0000] {dag.py:3823} INFO - Setting next_dagrun for day7_customer_churn_pipeline to None, run_after=None
[2025-09-27T10:28:53.146+0000] {processor.py:183} INFO - Processing /opt/airflow/dags/customer_churn_pipeline.py took 1.057 seconds
[2025-09-27T10:29:23.561+0000] {processor.py:161} INFO - Started process (PID=1201) to work on /opt/airflow/dags/customer_churn_pipeline.py
[2025-09-27T10:29:23.566+0000] {processor.py:830} INFO - Processing file /opt/airflow/dags/customer_churn_pipeline.py for tasks to queue
[2025-09-27T10:29:23.570+0000] {logging_mixin.py:188} INFO - [2025-09-27T10:29:23.569+0000] {dagbag.py:538} INFO - Filling up the DagBag from /opt/airflow/dags/customer_churn_pipeline.py
[2025-09-27T10:29:24.407+0000] {processor.py:840} INFO - DAG(s) 'day7_customer_churn_pipeline' retrieved from /opt/airflow/dags/customer_churn_pipeline.py
[2025-09-27T10:29:24.430+0000] {logging_mixin.py:188} INFO - [2025-09-27T10:29:24.429+0000] {dag.py:3036} INFO - Sync 1 DAGs
[2025-09-27T10:29:24.442+0000] {logging_mixin.py:188} INFO - [2025-09-27T10:29:24.442+0000] {dag.py:3823} INFO - Setting next_dagrun for day7_customer_churn_pipeline to None, run_after=None
[2025-09-27T10:29:24.478+0000] {processor.py:183} INFO - Processing /opt/airflow/dags/customer_churn_pipeline.py took 0.921 seconds
[2025-09-27T10:52:41.024+0000] {processor.py:161} INFO - Started process (PID=1220) to work on /opt/airflow/dags/customer_churn_pipeline.py
[2025-09-27T10:52:41.029+0000] {processor.py:830} INFO - Processing file /opt/airflow/dags/customer_churn_pipeline.py for tasks to queue
[2025-09-27T10:52:41.033+0000] {logging_mixin.py:188} INFO - [2025-09-27T10:52:41.033+0000] {dagbag.py:538} INFO - Filling up the DagBag from /opt/airflow/dags/customer_churn_pipeline.py
[2025-09-27T10:52:42.052+0000] {processor.py:840} INFO - DAG(s) 'day7_customer_churn_pipeline' retrieved from /opt/airflow/dags/customer_churn_pipeline.py
[2025-09-27T10:52:42.116+0000] {logging_mixin.py:188} INFO - [2025-09-27T10:52:42.115+0000] {dag.py:3036} INFO - Sync 1 DAGs
[2025-09-27T10:52:42.132+0000] {logging_mixin.py:188} INFO - [2025-09-27T10:52:42.132+0000] {dag.py:3823} INFO - Setting next_dagrun for day7_customer_churn_pipeline to None, run_after=None
[2025-09-27T10:52:42.158+0000] {processor.py:183} INFO - Processing /opt/airflow/dags/customer_churn_pipeline.py took 1.138 seconds
[2025-09-27T10:53:12.537+0000] {processor.py:161} INFO - Started process (PID=1239) to work on /opt/airflow/dags/customer_churn_pipeline.py
[2025-09-27T10:53:12.538+0000] {processor.py:830} INFO - Processing file /opt/airflow/dags/customer_churn_pipeline.py for tasks to queue
[2025-09-27T10:53:12.540+0000] {logging_mixin.py:188} INFO - [2025-09-27T10:53:12.540+0000] {dagbag.py:538} INFO - Filling up the DagBag from /opt/airflow/dags/customer_churn_pipeline.py
[2025-09-27T10:53:13.498+0000] {processor.py:840} INFO - DAG(s) 'day7_customer_churn_pipeline' retrieved from /opt/airflow/dags/customer_churn_pipeline.py
[2025-09-27T10:53:13.526+0000] {logging_mixin.py:188} INFO - [2025-09-27T10:53:13.525+0000] {dag.py:3036} INFO - Sync 1 DAGs
[2025-09-27T10:53:13.545+0000] {logging_mixin.py:188} INFO - [2025-09-27T10:53:13.545+0000] {dag.py:3823} INFO - Setting next_dagrun for day7_customer_churn_pipeline to None, run_after=None
[2025-09-27T10:53:13.604+0000] {processor.py:183} INFO - Processing /opt/airflow/dags/customer_churn_pipeline.py took 1.071 seconds
[2025-09-27T10:53:44.029+0000] {processor.py:161} INFO - Started process (PID=1258) to work on /opt/airflow/dags/customer_churn_pipeline.py
[2025-09-27T10:53:44.039+0000] {processor.py:830} INFO - Processing file /opt/airflow/dags/customer_churn_pipeline.py for tasks to queue
[2025-09-27T10:53:44.048+0000] {logging_mixin.py:188} INFO - [2025-09-27T10:53:44.047+0000] {dagbag.py:538} INFO - Filling up the DagBag from /opt/airflow/dags/customer_churn_pipeline.py
[2025-09-27T10:53:45.121+0000] {processor.py:840} INFO - DAG(s) 'day7_customer_churn_pipeline' retrieved from /opt/airflow/dags/customer_churn_pipeline.py
[2025-09-27T10:53:45.145+0000] {logging_mixin.py:188} INFO - [2025-09-27T10:53:45.145+0000] {dag.py:3036} INFO - Sync 1 DAGs
[2025-09-27T10:53:45.158+0000] {logging_mixin.py:188} INFO - [2025-09-27T10:53:45.157+0000] {dag.py:3823} INFO - Setting next_dagrun for day7_customer_churn_pipeline to None, run_after=None
[2025-09-27T10:53:45.191+0000] {processor.py:183} INFO - Processing /opt/airflow/dags/customer_churn_pipeline.py took 1.166 seconds
[2025-09-27T10:54:15.524+0000] {processor.py:161} INFO - Started process (PID=1277) to work on /opt/airflow/dags/customer_churn_pipeline.py
[2025-09-27T10:54:15.526+0000] {processor.py:830} INFO - Processing file /opt/airflow/dags/customer_churn_pipeline.py for tasks to queue
[2025-09-27T10:54:15.530+0000] {logging_mixin.py:188} INFO - [2025-09-27T10:54:15.529+0000] {dagbag.py:538} INFO - Filling up the DagBag from /opt/airflow/dags/customer_churn_pipeline.py
[2025-09-27T10:54:16.492+0000] {processor.py:840} INFO - DAG(s) 'day7_customer_churn_pipeline' retrieved from /opt/airflow/dags/customer_churn_pipeline.py
[2025-09-27T10:54:16.527+0000] {logging_mixin.py:188} INFO - [2025-09-27T10:54:16.527+0000] {dag.py:3036} INFO - Sync 1 DAGs
[2025-09-27T10:54:16.541+0000] {logging_mixin.py:188} INFO - [2025-09-27T10:54:16.541+0000] {dag.py:3823} INFO - Setting next_dagrun for day7_customer_churn_pipeline to None, run_after=None
[2025-09-27T10:54:16.563+0000] {processor.py:183} INFO - Processing /opt/airflow/dags/customer_churn_pipeline.py took 0.956 seconds
[2025-09-27T10:54:47.114+0000] {processor.py:161} INFO - Started process (PID=1296) to work on /opt/airflow/dags/customer_churn_pipeline.py
[2025-09-27T10:54:47.115+0000] {processor.py:830} INFO - Processing file /opt/airflow/dags/customer_churn_pipeline.py for tasks to queue
[2025-09-27T10:54:47.119+0000] {logging_mixin.py:188} INFO - [2025-09-27T10:54:47.118+0000] {dagbag.py:538} INFO - Filling up the DagBag from /opt/airflow/dags/customer_churn_pipeline.py
[2025-09-27T10:54:48.031+0000] {processor.py:840} INFO - DAG(s) 'day7_customer_churn_pipeline' retrieved from /opt/airflow/dags/customer_churn_pipeline.py
[2025-09-27T10:54:48.059+0000] {logging_mixin.py:188} INFO - [2025-09-27T10:54:48.059+0000] {dag.py:3036} INFO - Sync 1 DAGs
[2025-09-27T10:54:48.077+0000] {logging_mixin.py:188} INFO - [2025-09-27T10:54:48.077+0000] {dag.py:3823} INFO - Setting next_dagrun for day7_customer_churn_pipeline to None, run_after=None
[2025-09-27T10:54:48.109+0000] {processor.py:183} INFO - Processing /opt/airflow/dags/customer_churn_pipeline.py took 1.001 seconds
[2025-09-27T10:55:18.657+0000] {processor.py:161} INFO - Started process (PID=1315) to work on /opt/airflow/dags/customer_churn_pipeline.py
[2025-09-27T10:55:18.660+0000] {processor.py:830} INFO - Processing file /opt/airflow/dags/customer_churn_pipeline.py for tasks to queue
[2025-09-27T10:55:18.663+0000] {logging_mixin.py:188} INFO - [2025-09-27T10:55:18.662+0000] {dagbag.py:538} INFO - Filling up the DagBag from /opt/airflow/dags/customer_churn_pipeline.py
[2025-09-27T10:55:19.539+0000] {processor.py:840} INFO - DAG(s) 'day7_customer_churn_pipeline' retrieved from /opt/airflow/dags/customer_churn_pipeline.py
[2025-09-27T10:55:19.563+0000] {logging_mixin.py:188} INFO - [2025-09-27T10:55:19.563+0000] {dag.py:3036} INFO - Sync 1 DAGs
[2025-09-27T10:55:19.576+0000] {logging_mixin.py:188} INFO - [2025-09-27T10:55:19.576+0000] {dag.py:3823} INFO - Setting next_dagrun for day7_customer_churn_pipeline to None, run_after=None
[2025-09-27T10:55:19.604+0000] {processor.py:183} INFO - Processing /opt/airflow/dags/customer_churn_pipeline.py took 0.951 seconds
[2025-09-27T10:55:50.094+0000] {processor.py:161} INFO - Started process (PID=1334) to work on /opt/airflow/dags/customer_churn_pipeline.py
[2025-09-27T10:55:50.096+0000] {processor.py:830} INFO - Processing file /opt/airflow/dags/customer_churn_pipeline.py for tasks to queue
[2025-09-27T10:55:50.100+0000] {logging_mixin.py:188} INFO - [2025-09-27T10:55:50.099+0000] {dagbag.py:538} INFO - Filling up the DagBag from /opt/airflow/dags/customer_churn_pipeline.py
[2025-09-27T10:55:51.045+0000] {processor.py:840} INFO - DAG(s) 'day7_customer_churn_pipeline' retrieved from /opt/airflow/dags/customer_churn_pipeline.py
[2025-09-27T10:55:51.072+0000] {logging_mixin.py:188} INFO - [2025-09-27T10:55:51.071+0000] {dag.py:3036} INFO - Sync 1 DAGs
[2025-09-27T10:55:51.082+0000] {logging_mixin.py:188} INFO - [2025-09-27T10:55:51.082+0000] {dag.py:3823} INFO - Setting next_dagrun for day7_customer_churn_pipeline to None, run_after=None
[2025-09-27T10:55:51.103+0000] {processor.py:183} INFO - Processing /opt/airflow/dags/customer_churn_pipeline.py took 1.012 seconds
[2025-09-27T10:56:21.549+0000] {processor.py:161} INFO - Started process (PID=1353) to work on /opt/airflow/dags/customer_churn_pipeline.py
[2025-09-27T10:56:21.551+0000] {processor.py:830} INFO - Processing file /opt/airflow/dags/customer_churn_pipeline.py for tasks to queue
[2025-09-27T10:56:21.554+0000] {logging_mixin.py:188} INFO - [2025-09-27T10:56:21.553+0000] {dagbag.py:538} INFO - Filling up the DagBag from /opt/airflow/dags/customer_churn_pipeline.py
[2025-09-27T10:56:22.436+0000] {processor.py:840} INFO - DAG(s) 'day7_customer_churn_pipeline' retrieved from /opt/airflow/dags/customer_churn_pipeline.py
[2025-09-27T10:56:22.462+0000] {logging_mixin.py:188} INFO - [2025-09-27T10:56:22.462+0000] {dag.py:3036} INFO - Sync 1 DAGs
[2025-09-27T10:56:22.475+0000] {logging_mixin.py:188} INFO - [2025-09-27T10:56:22.475+0000] {dag.py:3823} INFO - Setting next_dagrun for day7_customer_churn_pipeline to None, run_after=None
[2025-09-27T10:56:22.503+0000] {processor.py:183} INFO - Processing /opt/airflow/dags/customer_churn_pipeline.py took 0.958 seconds
[2025-09-27T10:56:53.052+0000] {processor.py:161} INFO - Started process (PID=1372) to work on /opt/airflow/dags/customer_churn_pipeline.py
[2025-09-27T10:56:53.054+0000] {processor.py:830} INFO - Processing file /opt/airflow/dags/customer_churn_pipeline.py for tasks to queue
[2025-09-27T10:56:53.057+0000] {logging_mixin.py:188} INFO - [2025-09-27T10:56:53.056+0000] {dagbag.py:538} INFO - Filling up the DagBag from /opt/airflow/dags/customer_churn_pipeline.py
[2025-09-27T10:56:53.896+0000] {processor.py:840} INFO - DAG(s) 'day7_customer_churn_pipeline' retrieved from /opt/airflow/dags/customer_churn_pipeline.py
[2025-09-27T10:56:53.918+0000] {logging_mixin.py:188} INFO - [2025-09-27T10:56:53.918+0000] {dag.py:3036} INFO - Sync 1 DAGs
[2025-09-27T10:56:53.928+0000] {logging_mixin.py:188} INFO - [2025-09-27T10:56:53.928+0000] {dag.py:3823} INFO - Setting next_dagrun for day7_customer_churn_pipeline to None, run_after=None
[2025-09-27T10:56:53.950+0000] {processor.py:183} INFO - Processing /opt/airflow/dags/customer_churn_pipeline.py took 0.904 seconds
[2025-09-27T10:57:24.507+0000] {processor.py:161} INFO - Started process (PID=1391) to work on /opt/airflow/dags/customer_churn_pipeline.py
[2025-09-27T10:57:24.509+0000] {processor.py:830} INFO - Processing file /opt/airflow/dags/customer_churn_pipeline.py for tasks to queue
[2025-09-27T10:57:24.512+0000] {logging_mixin.py:188} INFO - [2025-09-27T10:57:24.512+0000] {dagbag.py:538} INFO - Filling up the DagBag from /opt/airflow/dags/customer_churn_pipeline.py
[2025-09-27T10:57:25.396+0000] {processor.py:840} INFO - DAG(s) 'day7_customer_churn_pipeline' retrieved from /opt/airflow/dags/customer_churn_pipeline.py
[2025-09-27T10:57:25.425+0000] {logging_mixin.py:188} INFO - [2025-09-27T10:57:25.425+0000] {dag.py:3036} INFO - Sync 1 DAGs
[2025-09-27T10:57:25.444+0000] {logging_mixin.py:188} INFO - [2025-09-27T10:57:25.444+0000] {dag.py:3823} INFO - Setting next_dagrun for day7_customer_churn_pipeline to None, run_after=None
[2025-09-27T10:57:25.473+0000] {processor.py:183} INFO - Processing /opt/airflow/dags/customer_churn_pipeline.py took 0.971 seconds
[2025-09-27T10:57:56.170+0000] {processor.py:161} INFO - Started process (PID=1410) to work on /opt/airflow/dags/customer_churn_pipeline.py
[2025-09-27T10:57:56.172+0000] {processor.py:830} INFO - Processing file /opt/airflow/dags/customer_churn_pipeline.py for tasks to queue
[2025-09-27T10:57:56.177+0000] {logging_mixin.py:188} INFO - [2025-09-27T10:57:56.177+0000] {dagbag.py:538} INFO - Filling up the DagBag from /opt/airflow/dags/customer_churn_pipeline.py
[2025-09-27T10:57:57.357+0000] {processor.py:840} INFO - DAG(s) 'day7_customer_churn_pipeline' retrieved from /opt/airflow/dags/customer_churn_pipeline.py
[2025-09-27T10:57:57.386+0000] {logging_mixin.py:188} INFO - [2025-09-27T10:57:57.385+0000] {dag.py:3036} INFO - Sync 1 DAGs
[2025-09-27T10:57:57.399+0000] {logging_mixin.py:188} INFO - [2025-09-27T10:57:57.399+0000] {dag.py:3823} INFO - Setting next_dagrun for day7_customer_churn_pipeline to None, run_after=None
[2025-09-27T10:57:57.426+0000] {processor.py:183} INFO - Processing /opt/airflow/dags/customer_churn_pipeline.py took 1.258 seconds
[2025-09-27T10:58:27.616+0000] {processor.py:161} INFO - Started process (PID=1429) to work on /opt/airflow/dags/customer_churn_pipeline.py
[2025-09-27T10:58:27.617+0000] {processor.py:830} INFO - Processing file /opt/airflow/dags/customer_churn_pipeline.py for tasks to queue
[2025-09-27T10:58:27.619+0000] {logging_mixin.py:188} INFO - [2025-09-27T10:58:27.619+0000] {dagbag.py:538} INFO - Filling up the DagBag from /opt/airflow/dags/customer_churn_pipeline.py
[2025-09-27T10:58:28.443+0000] {processor.py:840} INFO - DAG(s) 'day7_customer_churn_pipeline' retrieved from /opt/airflow/dags/customer_churn_pipeline.py
[2025-09-27T10:58:28.465+0000] {logging_mixin.py:188} INFO - [2025-09-27T10:58:28.464+0000] {dag.py:3036} INFO - Sync 1 DAGs
[2025-09-27T10:58:28.474+0000] {logging_mixin.py:188} INFO - [2025-09-27T10:58:28.474+0000] {dag.py:3823} INFO - Setting next_dagrun for day7_customer_churn_pipeline to None, run_after=None
[2025-09-27T10:58:28.493+0000] {processor.py:183} INFO - Processing /opt/airflow/dags/customer_churn_pipeline.py took 0.880 seconds
[2025-09-27T10:58:59.095+0000] {processor.py:161} INFO - Started process (PID=1448) to work on /opt/airflow/dags/customer_churn_pipeline.py
[2025-09-27T10:58:59.098+0000] {processor.py:830} INFO - Processing file /opt/airflow/dags/customer_churn_pipeline.py for tasks to queue
[2025-09-27T10:58:59.101+0000] {logging_mixin.py:188} INFO - [2025-09-27T10:58:59.100+0000] {dagbag.py:538} INFO - Filling up the DagBag from /opt/airflow/dags/customer_churn_pipeline.py
[2025-09-27T10:59:00.012+0000] {processor.py:840} INFO - DAG(s) 'day7_customer_churn_pipeline' retrieved from /opt/airflow/dags/customer_churn_pipeline.py
[2025-09-27T10:59:00.048+0000] {logging_mixin.py:188} INFO - [2025-09-27T10:59:00.047+0000] {dag.py:3036} INFO - Sync 1 DAGs
[2025-09-27T10:59:00.088+0000] {logging_mixin.py:188} INFO - [2025-09-27T10:59:00.088+0000] {dag.py:3823} INFO - Setting next_dagrun for day7_customer_churn_pipeline to None, run_after=None
[2025-09-27T10:59:00.124+0000] {processor.py:183} INFO - Processing /opt/airflow/dags/customer_churn_pipeline.py took 1.033 seconds
[2025-09-27T10:59:30.543+0000] {processor.py:161} INFO - Started process (PID=1467) to work on /opt/airflow/dags/customer_churn_pipeline.py
[2025-09-27T10:59:30.545+0000] {processor.py:830} INFO - Processing file /opt/airflow/dags/customer_churn_pipeline.py for tasks to queue
[2025-09-27T10:59:30.548+0000] {logging_mixin.py:188} INFO - [2025-09-27T10:59:30.547+0000] {dagbag.py:538} INFO - Filling up the DagBag from /opt/airflow/dags/customer_churn_pipeline.py
[2025-09-27T10:59:31.549+0000] {processor.py:840} INFO - DAG(s) 'day7_customer_churn_pipeline' retrieved from /opt/airflow/dags/customer_churn_pipeline.py
[2025-09-27T10:59:31.577+0000] {logging_mixin.py:188} INFO - [2025-09-27T10:59:31.576+0000] {dag.py:3036} INFO - Sync 1 DAGs
[2025-09-27T10:59:31.590+0000] {logging_mixin.py:188} INFO - [2025-09-27T10:59:31.589+0000] {dag.py:3823} INFO - Setting next_dagrun for day7_customer_churn_pipeline to None, run_after=None
[2025-09-27T10:59:31.613+0000] {processor.py:183} INFO - Processing /opt/airflow/dags/customer_churn_pipeline.py took 1.074 seconds
[2025-09-27T11:00:02.058+0000] {processor.py:161} INFO - Started process (PID=1486) to work on /opt/airflow/dags/customer_churn_pipeline.py
[2025-09-27T11:00:02.059+0000] {processor.py:830} INFO - Processing file /opt/airflow/dags/customer_churn_pipeline.py for tasks to queue
[2025-09-27T11:00:02.061+0000] {logging_mixin.py:188} INFO - [2025-09-27T11:00:02.061+0000] {dagbag.py:538} INFO - Filling up the DagBag from /opt/airflow/dags/customer_churn_pipeline.py
[2025-09-27T11:00:03.002+0000] {processor.py:840} INFO - DAG(s) 'day7_customer_churn_pipeline' retrieved from /opt/airflow/dags/customer_churn_pipeline.py
[2025-09-27T11:00:03.038+0000] {logging_mixin.py:188} INFO - [2025-09-27T11:00:03.038+0000] {dag.py:3036} INFO - Sync 1 DAGs
[2025-09-27T11:00:03.054+0000] {logging_mixin.py:188} INFO - [2025-09-27T11:00:03.053+0000] {dag.py:3823} INFO - Setting next_dagrun for day7_customer_churn_pipeline to None, run_after=None
[2025-09-27T11:00:03.111+0000] {processor.py:183} INFO - Processing /opt/airflow/dags/customer_churn_pipeline.py took 1.056 seconds
[2025-09-27T11:00:33.650+0000] {processor.py:161} INFO - Started process (PID=1505) to work on /opt/airflow/dags/customer_churn_pipeline.py
[2025-09-27T11:00:33.652+0000] {processor.py:830} INFO - Processing file /opt/airflow/dags/customer_churn_pipeline.py for tasks to queue
[2025-09-27T11:00:33.655+0000] {logging_mixin.py:188} INFO - [2025-09-27T11:00:33.655+0000] {dagbag.py:538} INFO - Filling up the DagBag from /opt/airflow/dags/customer_churn_pipeline.py
[2025-09-27T11:00:34.824+0000] {processor.py:840} INFO - DAG(s) 'day7_customer_churn_pipeline' retrieved from /opt/airflow/dags/customer_churn_pipeline.py
[2025-09-27T11:00:34.849+0000] {logging_mixin.py:188} INFO - [2025-09-27T11:00:34.849+0000] {dag.py:3036} INFO - Sync 1 DAGs
[2025-09-27T11:00:34.862+0000] {logging_mixin.py:188} INFO - [2025-09-27T11:00:34.862+0000] {dag.py:3823} INFO - Setting next_dagrun for day7_customer_churn_pipeline to None, run_after=None
[2025-09-27T11:00:34.892+0000] {processor.py:183} INFO - Processing /opt/airflow/dags/customer_churn_pipeline.py took 1.247 seconds
[2025-09-27T11:01:05.385+0000] {processor.py:161} INFO - Started process (PID=1524) to work on /opt/airflow/dags/customer_churn_pipeline.py
[2025-09-27T11:01:05.387+0000] {processor.py:830} INFO - Processing file /opt/airflow/dags/customer_churn_pipeline.py for tasks to queue
[2025-09-27T11:01:05.391+0000] {logging_mixin.py:188} INFO - [2025-09-27T11:01:05.391+0000] {dagbag.py:538} INFO - Filling up the DagBag from /opt/airflow/dags/customer_churn_pipeline.py
[2025-09-27T11:01:06.505+0000] {processor.py:840} INFO - DAG(s) 'day7_customer_churn_pipeline' retrieved from /opt/airflow/dags/customer_churn_pipeline.py
[2025-09-27T11:01:06.544+0000] {logging_mixin.py:188} INFO - [2025-09-27T11:01:06.543+0000] {dag.py:3036} INFO - Sync 1 DAGs
[2025-09-27T11:01:06.563+0000] {logging_mixin.py:188} INFO - [2025-09-27T11:01:06.562+0000] {dag.py:3823} INFO - Setting next_dagrun for day7_customer_churn_pipeline to None, run_after=None
[2025-09-27T11:01:06.609+0000] {processor.py:183} INFO - Processing /opt/airflow/dags/customer_churn_pipeline.py took 1.232 seconds
[2025-09-27T11:01:36.969+0000] {processor.py:161} INFO - Started process (PID=1543) to work on /opt/airflow/dags/customer_churn_pipeline.py
[2025-09-27T11:01:36.975+0000] {processor.py:830} INFO - Processing file /opt/airflow/dags/customer_churn_pipeline.py for tasks to queue
[2025-09-27T11:01:36.978+0000] {logging_mixin.py:188} INFO - [2025-09-27T11:01:36.978+0000] {dagbag.py:538} INFO - Filling up the DagBag from /opt/airflow/dags/customer_churn_pipeline.py
[2025-09-27T11:01:38.232+0000] {processor.py:840} INFO - DAG(s) 'day7_customer_churn_pipeline' retrieved from /opt/airflow/dags/customer_churn_pipeline.py
[2025-09-27T11:01:38.267+0000] {logging_mixin.py:188} INFO - [2025-09-27T11:01:38.266+0000] {dag.py:3036} INFO - Sync 1 DAGs
[2025-09-27T11:01:38.282+0000] {logging_mixin.py:188} INFO - [2025-09-27T11:01:38.282+0000] {dag.py:3823} INFO - Setting next_dagrun for day7_customer_churn_pipeline to None, run_after=None
[2025-09-27T11:01:38.307+0000] {processor.py:183} INFO - Processing /opt/airflow/dags/customer_churn_pipeline.py took 1.345 seconds
[2025-09-27T11:07:20.888+0000] {processor.py:161} INFO - Started process (PID=1562) to work on /opt/airflow/dags/customer_churn_pipeline.py
[2025-09-27T11:07:20.889+0000] {processor.py:830} INFO - Processing file /opt/airflow/dags/customer_churn_pipeline.py for tasks to queue
[2025-09-27T11:07:20.891+0000] {logging_mixin.py:188} INFO - [2025-09-27T11:07:20.891+0000] {dagbag.py:538} INFO - Filling up the DagBag from /opt/airflow/dags/customer_churn_pipeline.py
[2025-09-27T11:07:22.356+0000] {processor.py:840} INFO - DAG(s) 'day7_customer_churn_pipeline' retrieved from /opt/airflow/dags/customer_churn_pipeline.py
[2025-09-27T11:07:22.398+0000] {logging_mixin.py:188} INFO - [2025-09-27T11:07:22.397+0000] {dag.py:3036} INFO - Sync 1 DAGs
[2025-09-27T11:07:22.423+0000] {logging_mixin.py:188} INFO - [2025-09-27T11:07:22.422+0000] {dag.py:3823} INFO - Setting next_dagrun for day7_customer_churn_pipeline to None, run_after=None
[2025-09-27T11:07:22.456+0000] {processor.py:183} INFO - Processing /opt/airflow/dags/customer_churn_pipeline.py took 1.571 seconds
[2025-09-27T11:07:52.710+0000] {processor.py:161} INFO - Started process (PID=1581) to work on /opt/airflow/dags/customer_churn_pipeline.py
[2025-09-27T11:07:52.712+0000] {processor.py:830} INFO - Processing file /opt/airflow/dags/customer_churn_pipeline.py for tasks to queue
[2025-09-27T11:07:52.714+0000] {logging_mixin.py:188} INFO - [2025-09-27T11:07:52.714+0000] {dagbag.py:538} INFO - Filling up the DagBag from /opt/airflow/dags/customer_churn_pipeline.py
[2025-09-27T11:07:53.571+0000] {processor.py:840} INFO - DAG(s) 'day7_customer_churn_pipeline' retrieved from /opt/airflow/dags/customer_churn_pipeline.py
[2025-09-27T11:07:53.597+0000] {logging_mixin.py:188} INFO - [2025-09-27T11:07:53.597+0000] {dag.py:3036} INFO - Sync 1 DAGs
[2025-09-27T11:07:53.609+0000] {logging_mixin.py:188} INFO - [2025-09-27T11:07:53.609+0000] {dag.py:3823} INFO - Setting next_dagrun for day7_customer_churn_pipeline to None, run_after=None
[2025-09-27T11:07:53.637+0000] {processor.py:183} INFO - Processing /opt/airflow/dags/customer_churn_pipeline.py took 0.930 seconds
[2025-09-27T11:08:24.336+0000] {processor.py:161} INFO - Started process (PID=1600) to work on /opt/airflow/dags/customer_churn_pipeline.py
[2025-09-27T11:08:24.338+0000] {processor.py:830} INFO - Processing file /opt/airflow/dags/customer_churn_pipeline.py for tasks to queue
[2025-09-27T11:08:24.342+0000] {logging_mixin.py:188} INFO - [2025-09-27T11:08:24.341+0000] {dagbag.py:538} INFO - Filling up the DagBag from /opt/airflow/dags/customer_churn_pipeline.py
[2025-09-27T11:08:25.231+0000] {processor.py:840} INFO - DAG(s) 'day7_customer_churn_pipeline' retrieved from /opt/airflow/dags/customer_churn_pipeline.py
[2025-09-27T11:08:25.253+0000] {logging_mixin.py:188} INFO - [2025-09-27T11:08:25.252+0000] {dag.py:3036} INFO - Sync 1 DAGs
[2025-09-27T11:08:25.263+0000] {logging_mixin.py:188} INFO - [2025-09-27T11:08:25.263+0000] {dag.py:3823} INFO - Setting next_dagrun for day7_customer_churn_pipeline to None, run_after=None
[2025-09-27T11:08:25.289+0000] {processor.py:183} INFO - Processing /opt/airflow/dags/customer_churn_pipeline.py took 0.958 seconds
[2025-09-27T11:08:55.863+0000] {processor.py:161} INFO - Started process (PID=1619) to work on /opt/airflow/dags/customer_churn_pipeline.py
[2025-09-27T11:08:55.865+0000] {processor.py:830} INFO - Processing file /opt/airflow/dags/customer_churn_pipeline.py for tasks to queue
[2025-09-27T11:08:55.870+0000] {logging_mixin.py:188} INFO - [2025-09-27T11:08:55.869+0000] {dagbag.py:538} INFO - Filling up the DagBag from /opt/airflow/dags/customer_churn_pipeline.py
[2025-09-27T11:08:56.794+0000] {processor.py:840} INFO - DAG(s) 'day7_customer_churn_pipeline' retrieved from /opt/airflow/dags/customer_churn_pipeline.py
[2025-09-27T11:08:56.826+0000] {logging_mixin.py:188} INFO - [2025-09-27T11:08:56.826+0000] {dag.py:3036} INFO - Sync 1 DAGs
[2025-09-27T11:08:56.838+0000] {logging_mixin.py:188} INFO - [2025-09-27T11:08:56.838+0000] {dag.py:3823} INFO - Setting next_dagrun for day7_customer_churn_pipeline to None, run_after=None
[2025-09-27T11:08:56.859+0000] {processor.py:183} INFO - Processing /opt/airflow/dags/customer_churn_pipeline.py took 1.002 seconds
[2025-09-27T11:09:27.350+0000] {processor.py:161} INFO - Started process (PID=1638) to work on /opt/airflow/dags/customer_churn_pipeline.py
[2025-09-27T11:09:27.351+0000] {processor.py:830} INFO - Processing file /opt/airflow/dags/customer_churn_pipeline.py for tasks to queue
[2025-09-27T11:09:27.355+0000] {logging_mixin.py:188} INFO - [2025-09-27T11:09:27.355+0000] {dagbag.py:538} INFO - Filling up the DagBag from /opt/airflow/dags/customer_churn_pipeline.py
[2025-09-27T11:09:28.309+0000] {processor.py:840} INFO - DAG(s) 'day7_customer_churn_pipeline' retrieved from /opt/airflow/dags/customer_churn_pipeline.py
[2025-09-27T11:09:28.333+0000] {logging_mixin.py:188} INFO - [2025-09-27T11:09:28.332+0000] {dag.py:3036} INFO - Sync 1 DAGs
[2025-09-27T11:09:28.344+0000] {logging_mixin.py:188} INFO - [2025-09-27T11:09:28.344+0000] {dag.py:3823} INFO - Setting next_dagrun for day7_customer_churn_pipeline to None, run_after=None
[2025-09-27T11:09:28.367+0000] {processor.py:183} INFO - Processing /opt/airflow/dags/customer_churn_pipeline.py took 1.023 seconds
[2025-09-27T11:09:58.773+0000] {processor.py:161} INFO - Started process (PID=1657) to work on /opt/airflow/dags/customer_churn_pipeline.py
[2025-09-27T11:09:58.781+0000] {processor.py:830} INFO - Processing file /opt/airflow/dags/customer_churn_pipeline.py for tasks to queue
[2025-09-27T11:09:58.784+0000] {logging_mixin.py:188} INFO - [2025-09-27T11:09:58.784+0000] {dagbag.py:538} INFO - Filling up the DagBag from /opt/airflow/dags/customer_churn_pipeline.py
[2025-09-27T11:09:59.957+0000] {processor.py:840} INFO - DAG(s) 'day7_customer_churn_pipeline' retrieved from /opt/airflow/dags/customer_churn_pipeline.py
[2025-09-27T11:09:59.980+0000] {logging_mixin.py:188} INFO - [2025-09-27T11:09:59.979+0000] {dag.py:3036} INFO - Sync 1 DAGs
[2025-09-27T11:09:59.990+0000] {logging_mixin.py:188} INFO - [2025-09-27T11:09:59.990+0000] {dag.py:3823} INFO - Setting next_dagrun for day7_customer_churn_pipeline to None, run_after=None
[2025-09-27T11:10:00.010+0000] {processor.py:183} INFO - Processing /opt/airflow/dags/customer_churn_pipeline.py took 1.240 seconds
[2025-09-27T11:10:30.257+0000] {processor.py:161} INFO - Started process (PID=1676) to work on /opt/airflow/dags/customer_churn_pipeline.py
[2025-09-27T11:10:30.270+0000] {processor.py:830} INFO - Processing file /opt/airflow/dags/customer_churn_pipeline.py for tasks to queue
[2025-09-27T11:10:30.277+0000] {logging_mixin.py:188} INFO - [2025-09-27T11:10:30.277+0000] {dagbag.py:538} INFO - Filling up the DagBag from /opt/airflow/dags/customer_churn_pipeline.py
[2025-09-27T11:10:31.437+0000] {processor.py:840} INFO - DAG(s) 'day7_customer_churn_pipeline' retrieved from /opt/airflow/dags/customer_churn_pipeline.py
[2025-09-27T11:10:31.486+0000] {logging_mixin.py:188} INFO - [2025-09-27T11:10:31.485+0000] {dag.py:3036} INFO - Sync 1 DAGs
[2025-09-27T11:10:31.512+0000] {logging_mixin.py:188} INFO - [2025-09-27T11:10:31.511+0000] {dag.py:3823} INFO - Setting next_dagrun for day7_customer_churn_pipeline to None, run_after=None
[2025-09-27T11:10:31.556+0000] {processor.py:183} INFO - Processing /opt/airflow/dags/customer_churn_pipeline.py took 1.305 seconds
[2025-09-27T22:50:27.897+0000] {processor.py:161} INFO - Started process (PID=1695) to work on /opt/airflow/dags/customer_churn_pipeline.py
[2025-09-27T22:50:27.899+0000] {processor.py:830} INFO - Processing file /opt/airflow/dags/customer_churn_pipeline.py for tasks to queue
[2025-09-27T22:50:27.904+0000] {logging_mixin.py:188} INFO - [2025-09-27T22:50:27.904+0000] {dagbag.py:538} INFO - Filling up the DagBag from /opt/airflow/dags/customer_churn_pipeline.py
[2025-09-27T22:50:29.558+0000] {processor.py:840} INFO - DAG(s) 'day7_customer_churn_pipeline' retrieved from /opt/airflow/dags/customer_churn_pipeline.py
[2025-09-27T22:50:29.605+0000] {logging_mixin.py:188} INFO - [2025-09-27T22:50:29.605+0000] {dag.py:3036} INFO - Sync 1 DAGs
[2025-09-27T22:50:29.627+0000] {logging_mixin.py:188} INFO - [2025-09-27T22:50:29.626+0000] {dag.py:3823} INFO - Setting next_dagrun for day7_customer_churn_pipeline to None, run_after=None
[2025-09-27T22:50:29.664+0000] {processor.py:183} INFO - Processing /opt/airflow/dags/customer_churn_pipeline.py took 1.772 seconds
