[2025-08-28T00:11:05.792+0000] {processor.py:161} INFO - Started process (PID=730) to work on /opt/airflow/dags/customer_churn_pipeline.py
[2025-08-28T00:11:05.794+0000] {processor.py:830} INFO - Processing file /opt/airflow/dags/customer_churn_pipeline.py for tasks to queue
[2025-08-28T00:11:05.797+0000] {logging_mixin.py:188} INFO - [2025-08-28T00:11:05.797+0000] {dagbag.py:538} INFO - Filling up the DagBag from /opt/airflow/dags/customer_churn_pipeline.py
[2025-08-28T00:11:07.204+0000] {processor.py:840} INFO - DAG(s) 'day7_customer_churn_pipeline' retrieved from /opt/airflow/dags/customer_churn_pipeline.py
[2025-08-28T00:11:07.259+0000] {logging_mixin.py:188} INFO - [2025-08-28T00:11:07.256+0000] {dag.py:3036} INFO - Sync 1 DAGs
[2025-08-28T00:11:07.306+0000] {logging_mixin.py:188} INFO - [2025-08-28T00:11:07.305+0000] {dag.py:3823} INFO - Setting next_dagrun for day7_customer_churn_pipeline to None, run_after=None
[2025-08-28T00:11:07.385+0000] {processor.py:183} INFO - Processing /opt/airflow/dags/customer_churn_pipeline.py took 1.597 seconds
[2025-08-28T19:30:55.877+0000] {processor.py:161} INFO - Started process (PID=749) to work on /opt/airflow/dags/customer_churn_pipeline.py
[2025-08-28T19:30:55.895+0000] {processor.py:830} INFO - Processing file /opt/airflow/dags/customer_churn_pipeline.py for tasks to queue
[2025-08-28T19:30:55.907+0000] {logging_mixin.py:188} INFO - [2025-08-28T19:30:55.906+0000] {dagbag.py:538} INFO - Filling up the DagBag from /opt/airflow/dags/customer_churn_pipeline.py
[2025-08-28T19:30:59.048+0000] {processor.py:840} INFO - DAG(s) 'day7_customer_churn_pipeline' retrieved from /opt/airflow/dags/customer_churn_pipeline.py
[2025-08-28T19:30:59.103+0000] {logging_mixin.py:188} INFO - [2025-08-28T19:30:59.102+0000] {dag.py:3036} INFO - Sync 1 DAGs
[2025-08-28T19:30:59.130+0000] {logging_mixin.py:188} INFO - [2025-08-28T19:30:59.130+0000] {dag.py:3823} INFO - Setting next_dagrun for day7_customer_churn_pipeline to None, run_after=None
[2025-08-28T19:30:59.180+0000] {processor.py:183} INFO - Processing /opt/airflow/dags/customer_churn_pipeline.py took 3.308 seconds
[2025-08-28T19:31:29.949+0000] {processor.py:161} INFO - Started process (PID=768) to work on /opt/airflow/dags/customer_churn_pipeline.py
[2025-08-28T19:31:29.951+0000] {processor.py:830} INFO - Processing file /opt/airflow/dags/customer_churn_pipeline.py for tasks to queue
[2025-08-28T19:31:29.955+0000] {logging_mixin.py:188} INFO - [2025-08-28T19:31:29.954+0000] {dagbag.py:538} INFO - Filling up the DagBag from /opt/airflow/dags/customer_churn_pipeline.py
[2025-08-28T19:31:31.288+0000] {processor.py:840} INFO - DAG(s) 'day7_customer_churn_pipeline' retrieved from /opt/airflow/dags/customer_churn_pipeline.py
[2025-08-28T19:31:31.329+0000] {logging_mixin.py:188} INFO - [2025-08-28T19:31:31.329+0000] {dag.py:3036} INFO - Sync 1 DAGs
[2025-08-28T19:31:31.352+0000] {logging_mixin.py:188} INFO - [2025-08-28T19:31:31.352+0000] {dag.py:3823} INFO - Setting next_dagrun for day7_customer_churn_pipeline to None, run_after=None
[2025-08-28T19:31:31.391+0000] {processor.py:183} INFO - Processing /opt/airflow/dags/customer_churn_pipeline.py took 1.447 seconds
[2025-08-28T19:32:01.848+0000] {processor.py:161} INFO - Started process (PID=787) to work on /opt/airflow/dags/customer_churn_pipeline.py
[2025-08-28T19:32:01.852+0000] {processor.py:830} INFO - Processing file /opt/airflow/dags/customer_churn_pipeline.py for tasks to queue
[2025-08-28T19:32:01.858+0000] {logging_mixin.py:188} INFO - [2025-08-28T19:32:01.857+0000] {dagbag.py:538} INFO - Filling up the DagBag from /opt/airflow/dags/customer_churn_pipeline.py
[2025-08-28T19:32:03.435+0000] {processor.py:840} INFO - DAG(s) 'day7_customer_churn_pipeline' retrieved from /opt/airflow/dags/customer_churn_pipeline.py
[2025-08-28T19:32:03.486+0000] {logging_mixin.py:188} INFO - [2025-08-28T19:32:03.485+0000] {dag.py:3036} INFO - Sync 1 DAGs
[2025-08-28T19:32:03.513+0000] {logging_mixin.py:188} INFO - [2025-08-28T19:32:03.512+0000] {dag.py:3823} INFO - Setting next_dagrun for day7_customer_churn_pipeline to None, run_after=None
[2025-08-28T19:32:03.553+0000] {processor.py:183} INFO - Processing /opt/airflow/dags/customer_churn_pipeline.py took 1.750 seconds
[2025-08-28T19:32:33.744+0000] {processor.py:161} INFO - Started process (PID=806) to work on /opt/airflow/dags/customer_churn_pipeline.py
[2025-08-28T19:32:33.746+0000] {processor.py:830} INFO - Processing file /opt/airflow/dags/customer_churn_pipeline.py for tasks to queue
[2025-08-28T19:32:33.750+0000] {logging_mixin.py:188} INFO - [2025-08-28T19:32:33.750+0000] {dagbag.py:538} INFO - Filling up the DagBag from /opt/airflow/dags/customer_churn_pipeline.py
[2025-08-28T19:32:34.883+0000] {processor.py:840} INFO - DAG(s) 'day7_customer_churn_pipeline' retrieved from /opt/airflow/dags/customer_churn_pipeline.py
[2025-08-28T19:32:34.918+0000] {logging_mixin.py:188} INFO - [2025-08-28T19:32:34.917+0000] {dag.py:3036} INFO - Sync 1 DAGs
[2025-08-28T19:32:34.935+0000] {logging_mixin.py:188} INFO - [2025-08-28T19:32:34.934+0000] {dag.py:3823} INFO - Setting next_dagrun for day7_customer_churn_pipeline to None, run_after=None
[2025-08-28T19:32:34.963+0000] {processor.py:183} INFO - Processing /opt/airflow/dags/customer_churn_pipeline.py took 1.225 seconds
[2025-08-28T19:33:05.217+0000] {processor.py:161} INFO - Started process (PID=825) to work on /opt/airflow/dags/customer_churn_pipeline.py
[2025-08-28T19:33:05.224+0000] {processor.py:830} INFO - Processing file /opt/airflow/dags/customer_churn_pipeline.py for tasks to queue
[2025-08-28T19:33:05.228+0000] {logging_mixin.py:188} INFO - [2025-08-28T19:33:05.227+0000] {dagbag.py:538} INFO - Filling up the DagBag from /opt/airflow/dags/customer_churn_pipeline.py
[2025-08-28T19:33:06.387+0000] {processor.py:840} INFO - DAG(s) 'day7_customer_churn_pipeline' retrieved from /opt/airflow/dags/customer_churn_pipeline.py
[2025-08-28T19:33:06.419+0000] {logging_mixin.py:188} INFO - [2025-08-28T19:33:06.418+0000] {dag.py:3036} INFO - Sync 1 DAGs
[2025-08-28T19:33:06.443+0000] {logging_mixin.py:188} INFO - [2025-08-28T19:33:06.442+0000] {dag.py:3823} INFO - Setting next_dagrun for day7_customer_churn_pipeline to None, run_after=None
[2025-08-28T19:33:06.482+0000] {processor.py:183} INFO - Processing /opt/airflow/dags/customer_churn_pipeline.py took 1.272 seconds
[2025-08-28T19:33:36.669+0000] {processor.py:161} INFO - Started process (PID=844) to work on /opt/airflow/dags/customer_churn_pipeline.py
[2025-08-28T19:33:36.671+0000] {processor.py:830} INFO - Processing file /opt/airflow/dags/customer_churn_pipeline.py for tasks to queue
[2025-08-28T19:33:36.674+0000] {logging_mixin.py:188} INFO - [2025-08-28T19:33:36.674+0000] {dagbag.py:538} INFO - Filling up the DagBag from /opt/airflow/dags/customer_churn_pipeline.py
[2025-08-28T19:33:37.665+0000] {processor.py:840} INFO - DAG(s) 'day7_customer_churn_pipeline' retrieved from /opt/airflow/dags/customer_churn_pipeline.py
[2025-08-28T19:33:37.693+0000] {logging_mixin.py:188} INFO - [2025-08-28T19:33:37.692+0000] {dag.py:3036} INFO - Sync 1 DAGs
[2025-08-28T19:33:37.705+0000] {logging_mixin.py:188} INFO - [2025-08-28T19:33:37.705+0000] {dag.py:3823} INFO - Setting next_dagrun for day7_customer_churn_pipeline to None, run_after=None
[2025-08-28T19:33:37.732+0000] {processor.py:183} INFO - Processing /opt/airflow/dags/customer_churn_pipeline.py took 1.069 seconds
[2025-08-28T19:34:08.245+0000] {processor.py:161} INFO - Started process (PID=863) to work on /opt/airflow/dags/customer_churn_pipeline.py
[2025-08-28T19:34:08.251+0000] {processor.py:830} INFO - Processing file /opt/airflow/dags/customer_churn_pipeline.py for tasks to queue
[2025-08-28T19:34:08.255+0000] {logging_mixin.py:188} INFO - [2025-08-28T19:34:08.254+0000] {dagbag.py:538} INFO - Filling up the DagBag from /opt/airflow/dags/customer_churn_pipeline.py
[2025-08-28T19:34:09.820+0000] {processor.py:840} INFO - DAG(s) 'day7_customer_churn_pipeline' retrieved from /opt/airflow/dags/customer_churn_pipeline.py
[2025-08-28T19:34:09.869+0000] {logging_mixin.py:188} INFO - [2025-08-28T19:34:09.868+0000] {dag.py:3036} INFO - Sync 1 DAGs
[2025-08-28T19:34:09.898+0000] {logging_mixin.py:188} INFO - [2025-08-28T19:34:09.898+0000] {dag.py:3823} INFO - Setting next_dagrun for day7_customer_churn_pipeline to None, run_after=None
[2025-08-28T19:34:10.006+0000] {processor.py:183} INFO - Processing /opt/airflow/dags/customer_churn_pipeline.py took 1.767 seconds
[2025-08-28T19:34:40.291+0000] {processor.py:161} INFO - Started process (PID=882) to work on /opt/airflow/dags/customer_churn_pipeline.py
[2025-08-28T19:34:40.293+0000] {processor.py:830} INFO - Processing file /opt/airflow/dags/customer_churn_pipeline.py for tasks to queue
[2025-08-28T19:34:40.295+0000] {logging_mixin.py:188} INFO - [2025-08-28T19:34:40.295+0000] {dagbag.py:538} INFO - Filling up the DagBag from /opt/airflow/dags/customer_churn_pipeline.py
[2025-08-28T19:34:41.373+0000] {processor.py:840} INFO - DAG(s) 'day7_customer_churn_pipeline' retrieved from /opt/airflow/dags/customer_churn_pipeline.py
[2025-08-28T19:34:41.399+0000] {logging_mixin.py:188} INFO - [2025-08-28T19:34:41.399+0000] {dag.py:3036} INFO - Sync 1 DAGs
[2025-08-28T19:34:41.412+0000] {logging_mixin.py:188} INFO - [2025-08-28T19:34:41.412+0000] {dag.py:3823} INFO - Setting next_dagrun for day7_customer_churn_pipeline to None, run_after=None
[2025-08-28T19:34:41.441+0000] {processor.py:183} INFO - Processing /opt/airflow/dags/customer_churn_pipeline.py took 1.153 seconds
[2025-08-28T19:35:11.824+0000] {processor.py:161} INFO - Started process (PID=901) to work on /opt/airflow/dags/customer_churn_pipeline.py
[2025-08-28T19:35:11.826+0000] {processor.py:830} INFO - Processing file /opt/airflow/dags/customer_churn_pipeline.py for tasks to queue
[2025-08-28T19:35:11.837+0000] {logging_mixin.py:188} INFO - [2025-08-28T19:35:11.835+0000] {dagbag.py:538} INFO - Filling up the DagBag from /opt/airflow/dags/customer_churn_pipeline.py
[2025-08-28T19:35:12.939+0000] {processor.py:840} INFO - DAG(s) 'day7_customer_churn_pipeline' retrieved from /opt/airflow/dags/customer_churn_pipeline.py
[2025-08-28T19:35:12.979+0000] {logging_mixin.py:188} INFO - [2025-08-28T19:35:12.978+0000] {dag.py:3036} INFO - Sync 1 DAGs
[2025-08-28T19:35:12.996+0000] {logging_mixin.py:188} INFO - [2025-08-28T19:35:12.996+0000] {dag.py:3823} INFO - Setting next_dagrun for day7_customer_churn_pipeline to None, run_after=None
[2025-08-28T19:35:13.023+0000] {processor.py:183} INFO - Processing /opt/airflow/dags/customer_churn_pipeline.py took 1.205 seconds
[2025-08-28T19:35:43.278+0000] {processor.py:161} INFO - Started process (PID=920) to work on /opt/airflow/dags/customer_churn_pipeline.py
[2025-08-28T19:35:43.281+0000] {processor.py:830} INFO - Processing file /opt/airflow/dags/customer_churn_pipeline.py for tasks to queue
[2025-08-28T19:35:43.284+0000] {logging_mixin.py:188} INFO - [2025-08-28T19:35:43.284+0000] {dagbag.py:538} INFO - Filling up the DagBag from /opt/airflow/dags/customer_churn_pipeline.py
[2025-08-28T19:35:44.196+0000] {processor.py:840} INFO - DAG(s) 'day7_customer_churn_pipeline' retrieved from /opt/airflow/dags/customer_churn_pipeline.py
[2025-08-28T19:35:44.233+0000] {logging_mixin.py:188} INFO - [2025-08-28T19:35:44.232+0000] {dag.py:3036} INFO - Sync 1 DAGs
[2025-08-28T19:35:44.255+0000] {logging_mixin.py:188} INFO - [2025-08-28T19:35:44.255+0000] {dag.py:3823} INFO - Setting next_dagrun for day7_customer_churn_pipeline to None, run_after=None
[2025-08-28T19:35:44.307+0000] {processor.py:183} INFO - Processing /opt/airflow/dags/customer_churn_pipeline.py took 1.034 seconds
[2025-08-28T19:36:14.562+0000] {processor.py:161} INFO - Started process (PID=939) to work on /opt/airflow/dags/customer_churn_pipeline.py
[2025-08-28T19:36:14.564+0000] {processor.py:830} INFO - Processing file /opt/airflow/dags/customer_churn_pipeline.py for tasks to queue
[2025-08-28T19:36:14.567+0000] {logging_mixin.py:188} INFO - [2025-08-28T19:36:14.567+0000] {dagbag.py:538} INFO - Filling up the DagBag from /opt/airflow/dags/customer_churn_pipeline.py
[2025-08-28T19:36:16.078+0000] {processor.py:840} INFO - DAG(s) 'day7_customer_churn_pipeline' retrieved from /opt/airflow/dags/customer_churn_pipeline.py
[2025-08-28T19:36:16.103+0000] {logging_mixin.py:188} INFO - [2025-08-28T19:36:16.102+0000] {dag.py:3036} INFO - Sync 1 DAGs
[2025-08-28T19:36:16.114+0000] {logging_mixin.py:188} INFO - [2025-08-28T19:36:16.114+0000] {dag.py:3823} INFO - Setting next_dagrun for day7_customer_churn_pipeline to None, run_after=None
[2025-08-28T19:36:16.140+0000] {processor.py:183} INFO - Processing /opt/airflow/dags/customer_churn_pipeline.py took 1.583 seconds
[2025-08-28T19:36:46.758+0000] {processor.py:161} INFO - Started process (PID=958) to work on /opt/airflow/dags/customer_churn_pipeline.py
[2025-08-28T19:36:46.760+0000] {processor.py:830} INFO - Processing file /opt/airflow/dags/customer_churn_pipeline.py for tasks to queue
[2025-08-28T19:36:46.763+0000] {logging_mixin.py:188} INFO - [2025-08-28T19:36:46.763+0000] {dagbag.py:538} INFO - Filling up the DagBag from /opt/airflow/dags/customer_churn_pipeline.py
[2025-08-28T19:36:47.658+0000] {processor.py:840} INFO - DAG(s) 'day7_customer_churn_pipeline' retrieved from /opt/airflow/dags/customer_churn_pipeline.py
[2025-08-28T19:36:47.688+0000] {logging_mixin.py:188} INFO - [2025-08-28T19:36:47.688+0000] {dag.py:3036} INFO - Sync 1 DAGs
[2025-08-28T19:36:47.704+0000] {logging_mixin.py:188} INFO - [2025-08-28T19:36:47.704+0000] {dag.py:3823} INFO - Setting next_dagrun for day7_customer_churn_pipeline to None, run_after=None
[2025-08-28T19:36:47.728+0000] {processor.py:183} INFO - Processing /opt/airflow/dags/customer_churn_pipeline.py took 0.975 seconds
[2025-08-28T19:37:18.351+0000] {processor.py:161} INFO - Started process (PID=977) to work on /opt/airflow/dags/customer_churn_pipeline.py
[2025-08-28T19:37:18.354+0000] {processor.py:830} INFO - Processing file /opt/airflow/dags/customer_churn_pipeline.py for tasks to queue
[2025-08-28T19:37:18.357+0000] {logging_mixin.py:188} INFO - [2025-08-28T19:37:18.356+0000] {dagbag.py:538} INFO - Filling up the DagBag from /opt/airflow/dags/customer_churn_pipeline.py
[2025-08-28T19:37:19.325+0000] {processor.py:840} INFO - DAG(s) 'day7_customer_churn_pipeline' retrieved from /opt/airflow/dags/customer_churn_pipeline.py
[2025-08-28T19:37:19.367+0000] {logging_mixin.py:188} INFO - [2025-08-28T19:37:19.366+0000] {dag.py:3036} INFO - Sync 1 DAGs
[2025-08-28T19:37:19.377+0000] {logging_mixin.py:188} INFO - [2025-08-28T19:37:19.377+0000] {dag.py:3823} INFO - Setting next_dagrun for day7_customer_churn_pipeline to None, run_after=None
[2025-08-28T19:37:19.398+0000] {processor.py:183} INFO - Processing /opt/airflow/dags/customer_churn_pipeline.py took 1.053 seconds
[2025-08-28T19:37:49.787+0000] {processor.py:161} INFO - Started process (PID=996) to work on /opt/airflow/dags/customer_churn_pipeline.py
[2025-08-28T19:37:49.794+0000] {processor.py:830} INFO - Processing file /opt/airflow/dags/customer_churn_pipeline.py for tasks to queue
[2025-08-28T19:37:49.802+0000] {logging_mixin.py:188} INFO - [2025-08-28T19:37:49.801+0000] {dagbag.py:538} INFO - Filling up the DagBag from /opt/airflow/dags/customer_churn_pipeline.py
[2025-08-28T19:37:50.845+0000] {processor.py:840} INFO - DAG(s) 'day7_customer_churn_pipeline' retrieved from /opt/airflow/dags/customer_churn_pipeline.py
[2025-08-28T19:37:50.870+0000] {logging_mixin.py:188} INFO - [2025-08-28T19:37:50.870+0000] {dag.py:3036} INFO - Sync 1 DAGs
[2025-08-28T19:37:50.881+0000] {logging_mixin.py:188} INFO - [2025-08-28T19:37:50.880+0000] {dag.py:3823} INFO - Setting next_dagrun for day7_customer_churn_pipeline to None, run_after=None
[2025-08-28T19:37:50.909+0000] {processor.py:183} INFO - Processing /opt/airflow/dags/customer_churn_pipeline.py took 1.130 seconds
[2025-08-28T19:38:21.336+0000] {processor.py:161} INFO - Started process (PID=1015) to work on /opt/airflow/dags/customer_churn_pipeline.py
[2025-08-28T19:38:21.340+0000] {processor.py:830} INFO - Processing file /opt/airflow/dags/customer_churn_pipeline.py for tasks to queue
[2025-08-28T19:38:21.350+0000] {logging_mixin.py:188} INFO - [2025-08-28T19:38:21.349+0000] {dagbag.py:538} INFO - Filling up the DagBag from /opt/airflow/dags/customer_churn_pipeline.py
[2025-08-28T19:38:22.593+0000] {processor.py:840} INFO - DAG(s) 'day7_customer_churn_pipeline' retrieved from /opt/airflow/dags/customer_churn_pipeline.py
[2025-08-28T19:38:22.621+0000] {logging_mixin.py:188} INFO - [2025-08-28T19:38:22.621+0000] {dag.py:3036} INFO - Sync 1 DAGs
[2025-08-28T19:38:22.636+0000] {logging_mixin.py:188} INFO - [2025-08-28T19:38:22.636+0000] {dag.py:3823} INFO - Setting next_dagrun for day7_customer_churn_pipeline to None, run_after=None
[2025-08-28T19:38:22.666+0000] {processor.py:183} INFO - Processing /opt/airflow/dags/customer_churn_pipeline.py took 1.336 seconds
[2025-08-28T19:38:52.810+0000] {processor.py:161} INFO - Started process (PID=1034) to work on /opt/airflow/dags/customer_churn_pipeline.py
[2025-08-28T19:38:52.813+0000] {processor.py:830} INFO - Processing file /opt/airflow/dags/customer_churn_pipeline.py for tasks to queue
[2025-08-28T19:38:52.817+0000] {logging_mixin.py:188} INFO - [2025-08-28T19:38:52.816+0000] {dagbag.py:538} INFO - Filling up the DagBag from /opt/airflow/dags/customer_churn_pipeline.py
[2025-08-28T19:38:53.914+0000] {processor.py:840} INFO - DAG(s) 'day7_customer_churn_pipeline' retrieved from /opt/airflow/dags/customer_churn_pipeline.py
[2025-08-28T19:38:53.949+0000] {logging_mixin.py:188} INFO - [2025-08-28T19:38:53.948+0000] {dag.py:3036} INFO - Sync 1 DAGs
[2025-08-28T19:38:53.959+0000] {logging_mixin.py:188} INFO - [2025-08-28T19:38:53.959+0000] {dag.py:3823} INFO - Setting next_dagrun for day7_customer_churn_pipeline to None, run_after=None
[2025-08-28T19:38:53.981+0000] {processor.py:183} INFO - Processing /opt/airflow/dags/customer_churn_pipeline.py took 1.178 seconds
[2025-08-28T19:39:24.962+0000] {processor.py:161} INFO - Started process (PID=1053) to work on /opt/airflow/dags/customer_churn_pipeline.py
[2025-08-28T19:39:24.964+0000] {processor.py:830} INFO - Processing file /opt/airflow/dags/customer_churn_pipeline.py for tasks to queue
[2025-08-28T19:39:24.966+0000] {logging_mixin.py:188} INFO - [2025-08-28T19:39:24.966+0000] {dagbag.py:538} INFO - Filling up the DagBag from /opt/airflow/dags/customer_churn_pipeline.py
[2025-08-28T19:39:26.223+0000] {processor.py:840} INFO - DAG(s) 'day7_customer_churn_pipeline' retrieved from /opt/airflow/dags/customer_churn_pipeline.py
[2025-08-28T19:39:26.264+0000] {logging_mixin.py:188} INFO - [2025-08-28T19:39:26.263+0000] {dag.py:3036} INFO - Sync 1 DAGs
[2025-08-28T19:39:26.292+0000] {logging_mixin.py:188} INFO - [2025-08-28T19:39:26.291+0000] {dag.py:3823} INFO - Setting next_dagrun for day7_customer_churn_pipeline to None, run_after=None
[2025-08-28T19:39:26.346+0000] {processor.py:183} INFO - Processing /opt/airflow/dags/customer_churn_pipeline.py took 1.388 seconds
[2025-08-28T19:39:56.804+0000] {processor.py:161} INFO - Started process (PID=1072) to work on /opt/airflow/dags/customer_churn_pipeline.py
[2025-08-28T19:39:56.807+0000] {processor.py:830} INFO - Processing file /opt/airflow/dags/customer_churn_pipeline.py for tasks to queue
[2025-08-28T19:39:56.811+0000] {logging_mixin.py:188} INFO - [2025-08-28T19:39:56.810+0000] {dagbag.py:538} INFO - Filling up the DagBag from /opt/airflow/dags/customer_churn_pipeline.py
[2025-08-28T19:39:57.791+0000] {processor.py:840} INFO - DAG(s) 'day7_customer_churn_pipeline' retrieved from /opt/airflow/dags/customer_churn_pipeline.py
[2025-08-28T19:39:57.818+0000] {logging_mixin.py:188} INFO - [2025-08-28T19:39:57.817+0000] {dag.py:3036} INFO - Sync 1 DAGs
[2025-08-28T19:39:57.842+0000] {logging_mixin.py:188} INFO - [2025-08-28T19:39:57.842+0000] {dag.py:3823} INFO - Setting next_dagrun for day7_customer_churn_pipeline to None, run_after=None
[2025-08-28T19:39:57.891+0000] {processor.py:183} INFO - Processing /opt/airflow/dags/customer_churn_pipeline.py took 1.093 seconds
[2025-08-28T19:40:28.396+0000] {processor.py:161} INFO - Started process (PID=1091) to work on /opt/airflow/dags/customer_churn_pipeline.py
[2025-08-28T19:40:28.398+0000] {processor.py:830} INFO - Processing file /opt/airflow/dags/customer_churn_pipeline.py for tasks to queue
[2025-08-28T19:40:28.403+0000] {logging_mixin.py:188} INFO - [2025-08-28T19:40:28.402+0000] {dagbag.py:538} INFO - Filling up the DagBag from /opt/airflow/dags/customer_churn_pipeline.py
[2025-08-28T19:40:29.466+0000] {processor.py:840} INFO - DAG(s) 'day7_customer_churn_pipeline' retrieved from /opt/airflow/dags/customer_churn_pipeline.py
[2025-08-28T19:40:29.489+0000] {logging_mixin.py:188} INFO - [2025-08-28T19:40:29.488+0000] {dag.py:3036} INFO - Sync 1 DAGs
[2025-08-28T19:40:29.501+0000] {logging_mixin.py:188} INFO - [2025-08-28T19:40:29.501+0000] {dag.py:3823} INFO - Setting next_dagrun for day7_customer_churn_pipeline to None, run_after=None
[2025-08-28T19:40:29.532+0000] {processor.py:183} INFO - Processing /opt/airflow/dags/customer_churn_pipeline.py took 1.141 seconds
[2025-08-28T19:41:00.083+0000] {processor.py:161} INFO - Started process (PID=1110) to work on /opt/airflow/dags/customer_churn_pipeline.py
[2025-08-28T19:41:00.085+0000] {processor.py:830} INFO - Processing file /opt/airflow/dags/customer_churn_pipeline.py for tasks to queue
[2025-08-28T19:41:00.087+0000] {logging_mixin.py:188} INFO - [2025-08-28T19:41:00.087+0000] {dagbag.py:538} INFO - Filling up the DagBag from /opt/airflow/dags/customer_churn_pipeline.py
[2025-08-28T19:41:00.915+0000] {processor.py:840} INFO - DAG(s) 'day7_customer_churn_pipeline' retrieved from /opt/airflow/dags/customer_churn_pipeline.py
[2025-08-28T19:41:00.940+0000] {logging_mixin.py:188} INFO - [2025-08-28T19:41:00.939+0000] {dag.py:3036} INFO - Sync 1 DAGs
[2025-08-28T19:41:00.953+0000] {logging_mixin.py:188} INFO - [2025-08-28T19:41:00.952+0000] {dag.py:3823} INFO - Setting next_dagrun for day7_customer_churn_pipeline to None, run_after=None
[2025-08-28T19:41:00.986+0000] {processor.py:183} INFO - Processing /opt/airflow/dags/customer_churn_pipeline.py took 1.049 seconds
[2025-08-28T19:41:31.636+0000] {processor.py:161} INFO - Started process (PID=1129) to work on /opt/airflow/dags/customer_churn_pipeline.py
[2025-08-28T19:41:31.638+0000] {processor.py:830} INFO - Processing file /opt/airflow/dags/customer_churn_pipeline.py for tasks to queue
[2025-08-28T19:41:31.641+0000] {logging_mixin.py:188} INFO - [2025-08-28T19:41:31.641+0000] {dagbag.py:538} INFO - Filling up the DagBag from /opt/airflow/dags/customer_churn_pipeline.py
[2025-08-28T19:41:32.830+0000] {processor.py:840} INFO - DAG(s) 'day7_customer_churn_pipeline' retrieved from /opt/airflow/dags/customer_churn_pipeline.py
[2025-08-28T19:41:32.877+0000] {logging_mixin.py:188} INFO - [2025-08-28T19:41:32.877+0000] {dag.py:3036} INFO - Sync 1 DAGs
[2025-08-28T19:41:32.946+0000] {logging_mixin.py:188} INFO - [2025-08-28T19:41:32.945+0000] {dag.py:3823} INFO - Setting next_dagrun for day7_customer_churn_pipeline to None, run_after=None
[2025-08-28T19:41:33.057+0000] {processor.py:183} INFO - Processing /opt/airflow/dags/customer_churn_pipeline.py took 1.426 seconds
[2025-08-28T19:42:03.787+0000] {processor.py:161} INFO - Started process (PID=1148) to work on /opt/airflow/dags/customer_churn_pipeline.py
[2025-08-28T19:42:03.790+0000] {processor.py:830} INFO - Processing file /opt/airflow/dags/customer_churn_pipeline.py for tasks to queue
[2025-08-28T19:42:03.795+0000] {logging_mixin.py:188} INFO - [2025-08-28T19:42:03.794+0000] {dagbag.py:538} INFO - Filling up the DagBag from /opt/airflow/dags/customer_churn_pipeline.py
[2025-08-28T19:42:04.748+0000] {processor.py:840} INFO - DAG(s) 'day7_customer_churn_pipeline' retrieved from /opt/airflow/dags/customer_churn_pipeline.py
[2025-08-28T19:42:04.775+0000] {logging_mixin.py:188} INFO - [2025-08-28T19:42:04.775+0000] {dag.py:3036} INFO - Sync 1 DAGs
[2025-08-28T19:42:04.786+0000] {logging_mixin.py:188} INFO - [2025-08-28T19:42:04.786+0000] {dag.py:3823} INFO - Setting next_dagrun for day7_customer_churn_pipeline to None, run_after=None
[2025-08-28T19:42:04.824+0000] {processor.py:183} INFO - Processing /opt/airflow/dags/customer_churn_pipeline.py took 1.041 seconds
[2025-08-28T19:42:35.506+0000] {processor.py:161} INFO - Started process (PID=1167) to work on /opt/airflow/dags/customer_churn_pipeline.py
[2025-08-28T19:42:35.509+0000] {processor.py:830} INFO - Processing file /opt/airflow/dags/customer_churn_pipeline.py for tasks to queue
[2025-08-28T19:42:35.513+0000] {logging_mixin.py:188} INFO - [2025-08-28T19:42:35.512+0000] {dagbag.py:538} INFO - Filling up the DagBag from /opt/airflow/dags/customer_churn_pipeline.py
[2025-08-28T19:42:36.600+0000] {processor.py:840} INFO - DAG(s) 'day7_customer_churn_pipeline' retrieved from /opt/airflow/dags/customer_churn_pipeline.py
[2025-08-28T19:42:36.623+0000] {logging_mixin.py:188} INFO - [2025-08-28T19:42:36.622+0000] {dag.py:3036} INFO - Sync 1 DAGs
[2025-08-28T19:42:36.648+0000] {logging_mixin.py:188} INFO - [2025-08-28T19:42:36.648+0000] {dag.py:3823} INFO - Setting next_dagrun for day7_customer_churn_pipeline to None, run_after=None
[2025-08-28T19:42:36.682+0000] {processor.py:183} INFO - Processing /opt/airflow/dags/customer_churn_pipeline.py took 1.183 seconds
[2025-08-28T19:43:06.948+0000] {processor.py:161} INFO - Started process (PID=1186) to work on /opt/airflow/dags/customer_churn_pipeline.py
[2025-08-28T19:43:06.951+0000] {processor.py:830} INFO - Processing file /opt/airflow/dags/customer_churn_pipeline.py for tasks to queue
[2025-08-28T19:43:06.955+0000] {logging_mixin.py:188} INFO - [2025-08-28T19:43:06.954+0000] {dagbag.py:538} INFO - Filling up the DagBag from /opt/airflow/dags/customer_churn_pipeline.py
[2025-08-28T19:43:07.882+0000] {processor.py:840} INFO - DAG(s) 'day7_customer_churn_pipeline' retrieved from /opt/airflow/dags/customer_churn_pipeline.py
[2025-08-28T19:43:07.905+0000] {logging_mixin.py:188} INFO - [2025-08-28T19:43:07.904+0000] {dag.py:3036} INFO - Sync 1 DAGs
[2025-08-28T19:43:07.914+0000] {logging_mixin.py:188} INFO - [2025-08-28T19:43:07.914+0000] {dag.py:3823} INFO - Setting next_dagrun for day7_customer_churn_pipeline to None, run_after=None
[2025-08-28T19:43:07.958+0000] {processor.py:183} INFO - Processing /opt/airflow/dags/customer_churn_pipeline.py took 1.016 seconds
[2025-08-28T19:43:38.211+0000] {processor.py:161} INFO - Started process (PID=1205) to work on /opt/airflow/dags/customer_churn_pipeline.py
[2025-08-28T19:43:38.212+0000] {processor.py:830} INFO - Processing file /opt/airflow/dags/customer_churn_pipeline.py for tasks to queue
[2025-08-28T19:43:38.214+0000] {logging_mixin.py:188} INFO - [2025-08-28T19:43:38.214+0000] {dagbag.py:538} INFO - Filling up the DagBag from /opt/airflow/dags/customer_churn_pipeline.py
[2025-08-28T19:43:39.284+0000] {processor.py:840} INFO - DAG(s) 'day7_customer_churn_pipeline' retrieved from /opt/airflow/dags/customer_churn_pipeline.py
[2025-08-28T19:43:39.323+0000] {logging_mixin.py:188} INFO - [2025-08-28T19:43:39.323+0000] {dag.py:3036} INFO - Sync 1 DAGs
[2025-08-28T19:43:39.340+0000] {logging_mixin.py:188} INFO - [2025-08-28T19:43:39.340+0000] {dag.py:3823} INFO - Setting next_dagrun for day7_customer_churn_pipeline to None, run_after=None
[2025-08-28T19:43:39.367+0000] {processor.py:183} INFO - Processing /opt/airflow/dags/customer_churn_pipeline.py took 1.160 seconds
[2025-08-28T19:44:09.861+0000] {processor.py:161} INFO - Started process (PID=1224) to work on /opt/airflow/dags/customer_churn_pipeline.py
[2025-08-28T19:44:09.866+0000] {processor.py:830} INFO - Processing file /opt/airflow/dags/customer_churn_pipeline.py for tasks to queue
[2025-08-28T19:44:09.880+0000] {logging_mixin.py:188} INFO - [2025-08-28T19:44:09.879+0000] {dagbag.py:538} INFO - Filling up the DagBag from /opt/airflow/dags/customer_churn_pipeline.py
[2025-08-28T19:45:30.119+0000] {processor.py:161} INFO - Started process (PID=64) to work on /opt/airflow/dags/customer_churn_pipeline.py
[2025-08-28T19:45:30.121+0000] {processor.py:830} INFO - Processing file /opt/airflow/dags/customer_churn_pipeline.py for tasks to queue
[2025-08-28T19:45:30.130+0000] {logging_mixin.py:188} INFO - [2025-08-28T19:45:30.129+0000] {dagbag.py:538} INFO - Filling up the DagBag from /opt/airflow/dags/customer_churn_pipeline.py
[2025-08-28T19:45:33.260+0000] {processor.py:840} INFO - DAG(s) 'day7_customer_churn_pipeline' retrieved from /opt/airflow/dags/customer_churn_pipeline.py
[2025-08-28T19:45:33.768+0000] {logging_mixin.py:188} INFO - [2025-08-28T19:45:33.766+0000] {override.py:1769} INFO - Created Permission View: can edit on DAG:day7_customer_churn_pipeline
[2025-08-28T19:45:33.793+0000] {logging_mixin.py:188} INFO - [2025-08-28T19:45:33.792+0000] {override.py:1769} INFO - Created Permission View: can delete on DAG:day7_customer_churn_pipeline
[2025-08-28T19:45:33.814+0000] {logging_mixin.py:188} INFO - [2025-08-28T19:45:33.813+0000] {override.py:1769} INFO - Created Permission View: can read on DAG:day7_customer_churn_pipeline
[2025-08-28T19:45:33.817+0000] {logging_mixin.py:188} INFO - [2025-08-28T19:45:33.816+0000] {dag.py:3036} INFO - Sync 1 DAGs
[2025-08-28T19:45:33.852+0000] {logging_mixin.py:188} INFO - [2025-08-28T19:45:33.851+0000] {dag.py:3058} INFO - Creating ORM DAG for day7_customer_churn_pipeline
[2025-08-28T19:45:33.854+0000] {logging_mixin.py:188} INFO - [2025-08-28T19:45:33.854+0000] {dag.py:3823} INFO - Setting next_dagrun for day7_customer_churn_pipeline to None, run_after=None
[2025-08-28T19:45:33.920+0000] {processor.py:183} INFO - Processing /opt/airflow/dags/customer_churn_pipeline.py took 3.805 seconds
[2025-08-28T19:46:04.318+0000] {processor.py:161} INFO - Started process (PID=83) to work on /opt/airflow/dags/customer_churn_pipeline.py
[2025-08-28T19:46:04.323+0000] {processor.py:830} INFO - Processing file /opt/airflow/dags/customer_churn_pipeline.py for tasks to queue
[2025-08-28T19:46:04.332+0000] {logging_mixin.py:188} INFO - [2025-08-28T19:46:04.331+0000] {dagbag.py:538} INFO - Filling up the DagBag from /opt/airflow/dags/customer_churn_pipeline.py
[2025-08-28T19:46:05.980+0000] {processor.py:840} INFO - DAG(s) 'day7_customer_churn_pipeline' retrieved from /opt/airflow/dags/customer_churn_pipeline.py
[2025-08-28T19:46:06.010+0000] {logging_mixin.py:188} INFO - [2025-08-28T19:46:06.010+0000] {dag.py:3036} INFO - Sync 1 DAGs
[2025-08-28T19:46:06.024+0000] {logging_mixin.py:188} INFO - [2025-08-28T19:46:06.024+0000] {dag.py:3823} INFO - Setting next_dagrun for day7_customer_churn_pipeline to None, run_after=None
[2025-08-28T19:46:06.053+0000] {processor.py:183} INFO - Processing /opt/airflow/dags/customer_churn_pipeline.py took 1.741 seconds
[2025-08-28T19:46:36.501+0000] {processor.py:161} INFO - Started process (PID=102) to work on /opt/airflow/dags/customer_churn_pipeline.py
[2025-08-28T19:46:36.504+0000] {processor.py:830} INFO - Processing file /opt/airflow/dags/customer_churn_pipeline.py for tasks to queue
[2025-08-28T19:46:36.507+0000] {logging_mixin.py:188} INFO - [2025-08-28T19:46:36.506+0000] {dagbag.py:538} INFO - Filling up the DagBag from /opt/airflow/dags/customer_churn_pipeline.py
[2025-08-28T19:46:37.339+0000] {processor.py:840} INFO - DAG(s) 'day7_customer_churn_pipeline' retrieved from /opt/airflow/dags/customer_churn_pipeline.py
[2025-08-28T19:46:37.367+0000] {logging_mixin.py:188} INFO - [2025-08-28T19:46:37.366+0000] {dag.py:3036} INFO - Sync 1 DAGs
[2025-08-28T19:46:37.379+0000] {logging_mixin.py:188} INFO - [2025-08-28T19:46:37.378+0000] {dag.py:3823} INFO - Setting next_dagrun for day7_customer_churn_pipeline to None, run_after=None
[2025-08-28T19:46:37.418+0000] {processor.py:183} INFO - Processing /opt/airflow/dags/customer_churn_pipeline.py took 0.921 seconds
[2025-08-28T19:47:07.880+0000] {processor.py:161} INFO - Started process (PID=121) to work on /opt/airflow/dags/customer_churn_pipeline.py
[2025-08-28T19:47:07.887+0000] {processor.py:830} INFO - Processing file /opt/airflow/dags/customer_churn_pipeline.py for tasks to queue
[2025-08-28T19:47:07.890+0000] {logging_mixin.py:188} INFO - [2025-08-28T19:47:07.890+0000] {dagbag.py:538} INFO - Filling up the DagBag from /opt/airflow/dags/customer_churn_pipeline.py
[2025-08-28T19:47:08.927+0000] {processor.py:840} INFO - DAG(s) 'day7_customer_churn_pipeline' retrieved from /opt/airflow/dags/customer_churn_pipeline.py
[2025-08-28T19:47:08.959+0000] {logging_mixin.py:188} INFO - [2025-08-28T19:47:08.959+0000] {dag.py:3036} INFO - Sync 1 DAGs
[2025-08-28T19:47:08.978+0000] {logging_mixin.py:188} INFO - [2025-08-28T19:47:08.977+0000] {dag.py:3823} INFO - Setting next_dagrun for day7_customer_churn_pipeline to None, run_after=None
[2025-08-28T19:47:09.069+0000] {processor.py:183} INFO - Processing /opt/airflow/dags/customer_churn_pipeline.py took 1.195 seconds
[2025-08-28T19:47:39.574+0000] {processor.py:161} INFO - Started process (PID=140) to work on /opt/airflow/dags/customer_churn_pipeline.py
[2025-08-28T19:47:39.578+0000] {processor.py:830} INFO - Processing file /opt/airflow/dags/customer_churn_pipeline.py for tasks to queue
[2025-08-28T19:47:39.583+0000] {logging_mixin.py:188} INFO - [2025-08-28T19:47:39.583+0000] {dagbag.py:538} INFO - Filling up the DagBag from /opt/airflow/dags/customer_churn_pipeline.py
[2025-08-28T19:47:41.050+0000] {processor.py:840} INFO - DAG(s) 'day7_customer_churn_pipeline' retrieved from /opt/airflow/dags/customer_churn_pipeline.py
[2025-08-28T19:47:41.075+0000] {logging_mixin.py:188} INFO - [2025-08-28T19:47:41.074+0000] {dag.py:3036} INFO - Sync 1 DAGs
[2025-08-28T19:47:41.088+0000] {logging_mixin.py:188} INFO - [2025-08-28T19:47:41.087+0000] {dag.py:3823} INFO - Setting next_dagrun for day7_customer_churn_pipeline to None, run_after=None
[2025-08-28T19:47:41.122+0000] {processor.py:183} INFO - Processing /opt/airflow/dags/customer_churn_pipeline.py took 1.551 seconds
[2025-08-28T19:48:11.473+0000] {processor.py:161} INFO - Started process (PID=159) to work on /opt/airflow/dags/customer_churn_pipeline.py
[2025-08-28T19:48:11.479+0000] {processor.py:830} INFO - Processing file /opt/airflow/dags/customer_churn_pipeline.py for tasks to queue
[2025-08-28T19:48:11.484+0000] {logging_mixin.py:188} INFO - [2025-08-28T19:48:11.484+0000] {dagbag.py:538} INFO - Filling up the DagBag from /opt/airflow/dags/customer_churn_pipeline.py
[2025-08-28T19:48:12.912+0000] {processor.py:840} INFO - DAG(s) 'day7_customer_churn_pipeline' retrieved from /opt/airflow/dags/customer_churn_pipeline.py
[2025-08-28T19:48:12.956+0000] {logging_mixin.py:188} INFO - [2025-08-28T19:48:12.955+0000] {dag.py:3036} INFO - Sync 1 DAGs
[2025-08-28T19:48:12.976+0000] {logging_mixin.py:188} INFO - [2025-08-28T19:48:12.976+0000] {dag.py:3823} INFO - Setting next_dagrun for day7_customer_churn_pipeline to None, run_after=None
[2025-08-28T19:48:13.004+0000] {processor.py:183} INFO - Processing /opt/airflow/dags/customer_churn_pipeline.py took 1.540 seconds
[2025-08-28T19:48:43.424+0000] {processor.py:161} INFO - Started process (PID=178) to work on /opt/airflow/dags/customer_churn_pipeline.py
[2025-08-28T19:48:43.426+0000] {processor.py:830} INFO - Processing file /opt/airflow/dags/customer_churn_pipeline.py for tasks to queue
[2025-08-28T19:48:43.430+0000] {logging_mixin.py:188} INFO - [2025-08-28T19:48:43.429+0000] {dagbag.py:538} INFO - Filling up the DagBag from /opt/airflow/dags/customer_churn_pipeline.py
[2025-08-28T19:48:44.321+0000] {processor.py:840} INFO - DAG(s) 'day7_customer_churn_pipeline' retrieved from /opt/airflow/dags/customer_churn_pipeline.py
[2025-08-28T19:48:44.345+0000] {logging_mixin.py:188} INFO - [2025-08-28T19:48:44.345+0000] {dag.py:3036} INFO - Sync 1 DAGs
[2025-08-28T19:48:44.359+0000] {logging_mixin.py:188} INFO - [2025-08-28T19:48:44.359+0000] {dag.py:3823} INFO - Setting next_dagrun for day7_customer_churn_pipeline to None, run_after=None
[2025-08-28T19:48:44.386+0000] {processor.py:183} INFO - Processing /opt/airflow/dags/customer_churn_pipeline.py took 0.968 seconds
[2025-08-28T19:49:14.809+0000] {processor.py:161} INFO - Started process (PID=197) to work on /opt/airflow/dags/customer_churn_pipeline.py
[2025-08-28T19:49:14.810+0000] {processor.py:830} INFO - Processing file /opt/airflow/dags/customer_churn_pipeline.py for tasks to queue
[2025-08-28T19:49:14.813+0000] {logging_mixin.py:188} INFO - [2025-08-28T19:49:14.812+0000] {dagbag.py:538} INFO - Filling up the DagBag from /opt/airflow/dags/customer_churn_pipeline.py
[2025-08-28T19:49:16.006+0000] {processor.py:840} INFO - DAG(s) 'day7_customer_churn_pipeline' retrieved from /opt/airflow/dags/customer_churn_pipeline.py
[2025-08-28T19:49:16.048+0000] {logging_mixin.py:188} INFO - [2025-08-28T19:49:16.047+0000] {dag.py:3036} INFO - Sync 1 DAGs
[2025-08-28T19:49:16.058+0000] {logging_mixin.py:188} INFO - [2025-08-28T19:49:16.057+0000] {dag.py:3823} INFO - Setting next_dagrun for day7_customer_churn_pipeline to None, run_after=None
[2025-08-28T19:49:16.084+0000] {processor.py:183} INFO - Processing /opt/airflow/dags/customer_churn_pipeline.py took 1.281 seconds
[2025-08-28T19:49:46.852+0000] {processor.py:161} INFO - Started process (PID=216) to work on /opt/airflow/dags/customer_churn_pipeline.py
[2025-08-28T19:49:46.854+0000] {processor.py:830} INFO - Processing file /opt/airflow/dags/customer_churn_pipeline.py for tasks to queue
[2025-08-28T19:49:46.857+0000] {logging_mixin.py:188} INFO - [2025-08-28T19:49:46.857+0000] {dagbag.py:538} INFO - Filling up the DagBag from /opt/airflow/dags/customer_churn_pipeline.py
[2025-08-28T19:49:48.090+0000] {processor.py:840} INFO - DAG(s) 'day7_customer_churn_pipeline' retrieved from /opt/airflow/dags/customer_churn_pipeline.py
[2025-08-28T19:49:48.124+0000] {logging_mixin.py:188} INFO - [2025-08-28T19:49:48.124+0000] {dag.py:3036} INFO - Sync 1 DAGs
[2025-08-28T19:49:48.150+0000] {logging_mixin.py:188} INFO - [2025-08-28T19:49:48.150+0000] {dag.py:3823} INFO - Setting next_dagrun for day7_customer_churn_pipeline to None, run_after=None
[2025-08-28T19:49:48.221+0000] {processor.py:183} INFO - Processing /opt/airflow/dags/customer_churn_pipeline.py took 1.372 seconds
[2025-08-28T19:50:18.456+0000] {processor.py:161} INFO - Started process (PID=235) to work on /opt/airflow/dags/customer_churn_pipeline.py
[2025-08-28T19:50:18.459+0000] {processor.py:830} INFO - Processing file /opt/airflow/dags/customer_churn_pipeline.py for tasks to queue
[2025-08-28T19:50:18.464+0000] {logging_mixin.py:188} INFO - [2025-08-28T19:50:18.464+0000] {dagbag.py:538} INFO - Filling up the DagBag from /opt/airflow/dags/customer_churn_pipeline.py
[2025-08-28T19:50:19.465+0000] {processor.py:840} INFO - DAG(s) 'day7_customer_churn_pipeline' retrieved from /opt/airflow/dags/customer_churn_pipeline.py
[2025-08-28T19:50:19.486+0000] {logging_mixin.py:188} INFO - [2025-08-28T19:50:19.486+0000] {dag.py:3036} INFO - Sync 1 DAGs
[2025-08-28T19:50:19.497+0000] {logging_mixin.py:188} INFO - [2025-08-28T19:50:19.497+0000] {dag.py:3823} INFO - Setting next_dagrun for day7_customer_churn_pipeline to None, run_after=None
[2025-08-28T19:50:19.521+0000] {processor.py:183} INFO - Processing /opt/airflow/dags/customer_churn_pipeline.py took 1.071 seconds
[2025-08-28T19:50:50.201+0000] {processor.py:161} INFO - Started process (PID=254) to work on /opt/airflow/dags/customer_churn_pipeline.py
[2025-08-28T19:50:50.205+0000] {processor.py:830} INFO - Processing file /opt/airflow/dags/customer_churn_pipeline.py for tasks to queue
[2025-08-28T19:50:50.208+0000] {logging_mixin.py:188} INFO - [2025-08-28T19:50:50.208+0000] {dagbag.py:538} INFO - Filling up the DagBag from /opt/airflow/dags/customer_churn_pipeline.py
[2025-08-28T19:50:51.845+0000] {processor.py:840} INFO - DAG(s) 'day7_customer_churn_pipeline' retrieved from /opt/airflow/dags/customer_churn_pipeline.py
[2025-08-28T19:50:51.881+0000] {logging_mixin.py:188} INFO - [2025-08-28T19:50:51.880+0000] {dag.py:3036} INFO - Sync 1 DAGs
[2025-08-28T19:50:51.906+0000] {logging_mixin.py:188} INFO - [2025-08-28T19:50:51.906+0000] {dag.py:3823} INFO - Setting next_dagrun for day7_customer_churn_pipeline to None, run_after=None
[2025-08-28T19:50:51.942+0000] {processor.py:183} INFO - Processing /opt/airflow/dags/customer_churn_pipeline.py took 1.747 seconds
[2025-08-28T19:51:22.361+0000] {processor.py:161} INFO - Started process (PID=273) to work on /opt/airflow/dags/customer_churn_pipeline.py
[2025-08-28T19:51:22.363+0000] {processor.py:830} INFO - Processing file /opt/airflow/dags/customer_churn_pipeline.py for tasks to queue
[2025-08-28T19:51:22.367+0000] {logging_mixin.py:188} INFO - [2025-08-28T19:51:22.366+0000] {dagbag.py:538} INFO - Filling up the DagBag from /opt/airflow/dags/customer_churn_pipeline.py
[2025-08-28T19:51:23.380+0000] {processor.py:840} INFO - DAG(s) 'day7_customer_churn_pipeline' retrieved from /opt/airflow/dags/customer_churn_pipeline.py
[2025-08-28T19:51:23.405+0000] {logging_mixin.py:188} INFO - [2025-08-28T19:51:23.404+0000] {dag.py:3036} INFO - Sync 1 DAGs
[2025-08-28T19:51:23.417+0000] {logging_mixin.py:188} INFO - [2025-08-28T19:51:23.416+0000] {dag.py:3823} INFO - Setting next_dagrun for day7_customer_churn_pipeline to None, run_after=None
[2025-08-28T19:51:23.441+0000] {processor.py:183} INFO - Processing /opt/airflow/dags/customer_churn_pipeline.py took 1.085 seconds
[2025-08-28T19:51:53.756+0000] {processor.py:161} INFO - Started process (PID=292) to work on /opt/airflow/dags/customer_churn_pipeline.py
[2025-08-28T19:51:53.763+0000] {processor.py:830} INFO - Processing file /opt/airflow/dags/customer_churn_pipeline.py for tasks to queue
[2025-08-28T19:51:53.765+0000] {logging_mixin.py:188} INFO - [2025-08-28T19:51:53.765+0000] {dagbag.py:538} INFO - Filling up the DagBag from /opt/airflow/dags/customer_churn_pipeline.py
[2025-08-28T19:51:54.865+0000] {processor.py:840} INFO - DAG(s) 'day7_customer_churn_pipeline' retrieved from /opt/airflow/dags/customer_churn_pipeline.py
[2025-08-28T19:51:54.890+0000] {logging_mixin.py:188} INFO - [2025-08-28T19:51:54.889+0000] {dag.py:3036} INFO - Sync 1 DAGs
[2025-08-28T19:51:54.900+0000] {logging_mixin.py:188} INFO - [2025-08-28T19:51:54.900+0000] {dag.py:3823} INFO - Setting next_dagrun for day7_customer_churn_pipeline to None, run_after=None
[2025-08-28T19:51:54.926+0000] {processor.py:183} INFO - Processing /opt/airflow/dags/customer_churn_pipeline.py took 1.174 seconds
[2025-08-28T19:53:37.293+0000] {processor.py:161} INFO - Started process (PID=65) to work on /opt/airflow/dags/customer_churn_pipeline.py
[2025-08-28T19:53:37.299+0000] {processor.py:830} INFO - Processing file /opt/airflow/dags/customer_churn_pipeline.py for tasks to queue
[2025-08-28T19:53:37.315+0000] {logging_mixin.py:188} INFO - [2025-08-28T19:53:37.315+0000] {dagbag.py:538} INFO - Filling up the DagBag from /opt/airflow/dags/customer_churn_pipeline.py
[2025-08-28T19:53:40.104+0000] {processor.py:840} INFO - DAG(s) 'day7_customer_churn_pipeline' retrieved from /opt/airflow/dags/customer_churn_pipeline.py
[2025-08-28T19:53:40.381+0000] {logging_mixin.py:188} INFO - [2025-08-28T19:53:40.381+0000] {dag.py:3036} INFO - Sync 1 DAGs
[2025-08-28T19:53:40.402+0000] {logging_mixin.py:188} INFO - [2025-08-28T19:53:40.401+0000] {dag.py:3823} INFO - Setting next_dagrun for day7_customer_churn_pipeline to None, run_after=None
[2025-08-28T19:53:40.465+0000] {processor.py:183} INFO - Processing /opt/airflow/dags/customer_churn_pipeline.py took 3.176 seconds
[2025-08-28T19:54:10.899+0000] {processor.py:161} INFO - Started process (PID=84) to work on /opt/airflow/dags/customer_churn_pipeline.py
[2025-08-28T19:54:10.905+0000] {processor.py:830} INFO - Processing file /opt/airflow/dags/customer_churn_pipeline.py for tasks to queue
[2025-08-28T19:54:10.915+0000] {logging_mixin.py:188} INFO - [2025-08-28T19:54:10.914+0000] {dagbag.py:538} INFO - Filling up the DagBag from /opt/airflow/dags/customer_churn_pipeline.py
[2025-08-28T19:54:12.130+0000] {processor.py:840} INFO - DAG(s) 'day7_customer_churn_pipeline' retrieved from /opt/airflow/dags/customer_churn_pipeline.py
[2025-08-28T19:54:12.172+0000] {logging_mixin.py:188} INFO - [2025-08-28T19:54:12.171+0000] {dag.py:3036} INFO - Sync 1 DAGs
[2025-08-28T19:54:12.183+0000] {logging_mixin.py:188} INFO - [2025-08-28T19:54:12.183+0000] {dag.py:3823} INFO - Setting next_dagrun for day7_customer_churn_pipeline to None, run_after=None
[2025-08-28T19:54:12.230+0000] {processor.py:183} INFO - Processing /opt/airflow/dags/customer_churn_pipeline.py took 1.339 seconds
[2025-08-28T19:54:42.694+0000] {processor.py:161} INFO - Started process (PID=103) to work on /opt/airflow/dags/customer_churn_pipeline.py
[2025-08-28T19:54:42.696+0000] {processor.py:830} INFO - Processing file /opt/airflow/dags/customer_churn_pipeline.py for tasks to queue
[2025-08-28T19:54:42.701+0000] {logging_mixin.py:188} INFO - [2025-08-28T19:54:42.700+0000] {dagbag.py:538} INFO - Filling up the DagBag from /opt/airflow/dags/customer_churn_pipeline.py
[2025-08-28T19:54:43.829+0000] {processor.py:840} INFO - DAG(s) 'day7_customer_churn_pipeline' retrieved from /opt/airflow/dags/customer_churn_pipeline.py
[2025-08-28T19:54:43.873+0000] {logging_mixin.py:188} INFO - [2025-08-28T19:54:43.872+0000] {dag.py:3036} INFO - Sync 1 DAGs
[2025-08-28T19:54:43.892+0000] {logging_mixin.py:188} INFO - [2025-08-28T19:54:43.891+0000] {dag.py:3823} INFO - Setting next_dagrun for day7_customer_churn_pipeline to None, run_after=None
[2025-08-28T19:54:43.928+0000] {processor.py:183} INFO - Processing /opt/airflow/dags/customer_churn_pipeline.py took 1.241 seconds
[2025-08-28T19:55:14.070+0000] {processor.py:161} INFO - Started process (PID=122) to work on /opt/airflow/dags/customer_churn_pipeline.py
[2025-08-28T19:55:14.072+0000] {processor.py:830} INFO - Processing file /opt/airflow/dags/customer_churn_pipeline.py for tasks to queue
[2025-08-28T19:55:14.076+0000] {logging_mixin.py:188} INFO - [2025-08-28T19:55:14.075+0000] {dagbag.py:538} INFO - Filling up the DagBag from /opt/airflow/dags/customer_churn_pipeline.py
[2025-08-28T19:55:15.111+0000] {processor.py:840} INFO - DAG(s) 'day7_customer_churn_pipeline' retrieved from /opt/airflow/dags/customer_churn_pipeline.py
[2025-08-28T19:55:15.138+0000] {logging_mixin.py:188} INFO - [2025-08-28T19:55:15.138+0000] {dag.py:3036} INFO - Sync 1 DAGs
[2025-08-28T19:55:15.148+0000] {logging_mixin.py:188} INFO - [2025-08-28T19:55:15.148+0000] {dag.py:3823} INFO - Setting next_dagrun for day7_customer_churn_pipeline to None, run_after=None
[2025-08-28T19:55:15.178+0000] {processor.py:183} INFO - Processing /opt/airflow/dags/customer_churn_pipeline.py took 1.112 seconds
[2025-08-28T19:55:45.643+0000] {processor.py:161} INFO - Started process (PID=141) to work on /opt/airflow/dags/customer_churn_pipeline.py
[2025-08-28T19:55:45.644+0000] {processor.py:830} INFO - Processing file /opt/airflow/dags/customer_churn_pipeline.py for tasks to queue
[2025-08-28T19:55:45.647+0000] {logging_mixin.py:188} INFO - [2025-08-28T19:55:45.647+0000] {dagbag.py:538} INFO - Filling up the DagBag from /opt/airflow/dags/customer_churn_pipeline.py
[2025-08-28T19:55:46.735+0000] {processor.py:840} INFO - DAG(s) 'day7_customer_churn_pipeline' retrieved from /opt/airflow/dags/customer_churn_pipeline.py
[2025-08-28T19:55:46.766+0000] {logging_mixin.py:188} INFO - [2025-08-28T19:55:46.765+0000] {dag.py:3036} INFO - Sync 1 DAGs
[2025-08-28T19:55:46.777+0000] {logging_mixin.py:188} INFO - [2025-08-28T19:55:46.777+0000] {dag.py:3823} INFO - Setting next_dagrun for day7_customer_churn_pipeline to None, run_after=None
[2025-08-28T19:55:46.811+0000] {processor.py:183} INFO - Processing /opt/airflow/dags/customer_churn_pipeline.py took 1.172 seconds
[2025-08-28T19:56:17.669+0000] {processor.py:161} INFO - Started process (PID=160) to work on /opt/airflow/dags/customer_churn_pipeline.py
[2025-08-28T19:56:17.671+0000] {processor.py:830} INFO - Processing file /opt/airflow/dags/customer_churn_pipeline.py for tasks to queue
[2025-08-28T19:56:17.675+0000] {logging_mixin.py:188} INFO - [2025-08-28T19:56:17.675+0000] {dagbag.py:538} INFO - Filling up the DagBag from /opt/airflow/dags/customer_churn_pipeline.py
[2025-08-28T19:56:18.937+0000] {processor.py:840} INFO - DAG(s) 'day7_customer_churn_pipeline' retrieved from /opt/airflow/dags/customer_churn_pipeline.py
[2025-08-28T19:56:18.961+0000] {logging_mixin.py:188} INFO - [2025-08-28T19:56:18.961+0000] {dag.py:3036} INFO - Sync 1 DAGs
[2025-08-28T19:56:18.975+0000] {logging_mixin.py:188} INFO - [2025-08-28T19:56:18.974+0000] {dag.py:3823} INFO - Setting next_dagrun for day7_customer_churn_pipeline to None, run_after=None
[2025-08-28T19:56:19.030+0000] {processor.py:183} INFO - Processing /opt/airflow/dags/customer_churn_pipeline.py took 1.365 seconds
[2025-08-28T19:56:49.170+0000] {processor.py:161} INFO - Started process (PID=179) to work on /opt/airflow/dags/customer_churn_pipeline.py
[2025-08-28T19:56:49.173+0000] {processor.py:830} INFO - Processing file /opt/airflow/dags/customer_churn_pipeline.py for tasks to queue
[2025-08-28T19:56:49.177+0000] {logging_mixin.py:188} INFO - [2025-08-28T19:56:49.177+0000] {dagbag.py:538} INFO - Filling up the DagBag from /opt/airflow/dags/customer_churn_pipeline.py
[2025-08-28T19:56:50.546+0000] {processor.py:840} INFO - DAG(s) 'day7_customer_churn_pipeline' retrieved from /opt/airflow/dags/customer_churn_pipeline.py
[2025-08-28T19:56:50.647+0000] {logging_mixin.py:188} INFO - [2025-08-28T19:56:50.647+0000] {dag.py:3036} INFO - Sync 1 DAGs
[2025-08-28T19:56:50.681+0000] {logging_mixin.py:188} INFO - [2025-08-28T19:56:50.680+0000] {dag.py:3823} INFO - Setting next_dagrun for day7_customer_churn_pipeline to None, run_after=None
[2025-08-28T19:56:50.718+0000] {processor.py:183} INFO - Processing /opt/airflow/dags/customer_churn_pipeline.py took 1.553 seconds
[2025-08-28T19:57:21.218+0000] {processor.py:161} INFO - Started process (PID=198) to work on /opt/airflow/dags/customer_churn_pipeline.py
[2025-08-28T19:57:21.221+0000] {processor.py:830} INFO - Processing file /opt/airflow/dags/customer_churn_pipeline.py for tasks to queue
[2025-08-28T19:57:21.226+0000] {logging_mixin.py:188} INFO - [2025-08-28T19:57:21.226+0000] {dagbag.py:538} INFO - Filling up the DagBag from /opt/airflow/dags/customer_churn_pipeline.py
[2025-08-28T19:57:22.220+0000] {processor.py:840} INFO - DAG(s) 'day7_customer_churn_pipeline' retrieved from /opt/airflow/dags/customer_churn_pipeline.py
[2025-08-28T19:57:22.247+0000] {logging_mixin.py:188} INFO - [2025-08-28T19:57:22.246+0000] {dag.py:3036} INFO - Sync 1 DAGs
[2025-08-28T19:57:22.264+0000] {logging_mixin.py:188} INFO - [2025-08-28T19:57:22.264+0000] {dag.py:3823} INFO - Setting next_dagrun for day7_customer_churn_pipeline to None, run_after=None
[2025-08-28T19:57:22.310+0000] {processor.py:183} INFO - Processing /opt/airflow/dags/customer_churn_pipeline.py took 1.099 seconds
[2025-08-28T19:57:52.454+0000] {processor.py:161} INFO - Started process (PID=217) to work on /opt/airflow/dags/customer_churn_pipeline.py
[2025-08-28T19:57:52.457+0000] {processor.py:830} INFO - Processing file /opt/airflow/dags/customer_churn_pipeline.py for tasks to queue
[2025-08-28T19:57:52.462+0000] {logging_mixin.py:188} INFO - [2025-08-28T19:57:52.461+0000] {dagbag.py:538} INFO - Filling up the DagBag from /opt/airflow/dags/customer_churn_pipeline.py
[2025-08-28T19:57:53.495+0000] {processor.py:840} INFO - DAG(s) 'day7_customer_churn_pipeline' retrieved from /opt/airflow/dags/customer_churn_pipeline.py
[2025-08-28T19:57:53.530+0000] {logging_mixin.py:188} INFO - [2025-08-28T19:57:53.530+0000] {dag.py:3036} INFO - Sync 1 DAGs
[2025-08-28T19:57:53.550+0000] {logging_mixin.py:188} INFO - [2025-08-28T19:57:53.550+0000] {dag.py:3823} INFO - Setting next_dagrun for day7_customer_churn_pipeline to None, run_after=None
[2025-08-28T19:57:53.587+0000] {processor.py:183} INFO - Processing /opt/airflow/dags/customer_churn_pipeline.py took 1.141 seconds
[2025-08-28T19:58:23.805+0000] {processor.py:161} INFO - Started process (PID=236) to work on /opt/airflow/dags/customer_churn_pipeline.py
[2025-08-28T19:58:23.807+0000] {processor.py:830} INFO - Processing file /opt/airflow/dags/customer_churn_pipeline.py for tasks to queue
[2025-08-28T19:58:23.809+0000] {logging_mixin.py:188} INFO - [2025-08-28T19:58:23.809+0000] {dagbag.py:538} INFO - Filling up the DagBag from /opt/airflow/dags/customer_churn_pipeline.py
[2025-08-28T19:58:24.938+0000] {processor.py:840} INFO - DAG(s) 'day7_customer_churn_pipeline' retrieved from /opt/airflow/dags/customer_churn_pipeline.py
[2025-08-28T19:58:24.965+0000] {logging_mixin.py:188} INFO - [2025-08-28T19:58:24.965+0000] {dag.py:3036} INFO - Sync 1 DAGs
[2025-08-28T19:58:24.980+0000] {logging_mixin.py:188} INFO - [2025-08-28T19:58:24.980+0000] {dag.py:3823} INFO - Setting next_dagrun for day7_customer_churn_pipeline to None, run_after=None
[2025-08-28T19:58:25.002+0000] {processor.py:183} INFO - Processing /opt/airflow/dags/customer_churn_pipeline.py took 1.201 seconds
[2025-08-28T19:58:55.278+0000] {processor.py:161} INFO - Started process (PID=255) to work on /opt/airflow/dags/customer_churn_pipeline.py
[2025-08-28T19:58:55.280+0000] {processor.py:830} INFO - Processing file /opt/airflow/dags/customer_churn_pipeline.py for tasks to queue
[2025-08-28T19:58:55.284+0000] {logging_mixin.py:188} INFO - [2025-08-28T19:58:55.284+0000] {dagbag.py:538} INFO - Filling up the DagBag from /opt/airflow/dags/customer_churn_pipeline.py
[2025-08-28T19:58:56.307+0000] {processor.py:840} INFO - DAG(s) 'day7_customer_churn_pipeline' retrieved from /opt/airflow/dags/customer_churn_pipeline.py
[2025-08-28T19:58:56.340+0000] {logging_mixin.py:188} INFO - [2025-08-28T19:58:56.340+0000] {dag.py:3036} INFO - Sync 1 DAGs
[2025-08-28T19:58:56.353+0000] {logging_mixin.py:188} INFO - [2025-08-28T19:58:56.352+0000] {dag.py:3823} INFO - Setting next_dagrun for day7_customer_churn_pipeline to None, run_after=None
[2025-08-28T19:58:56.394+0000] {processor.py:183} INFO - Processing /opt/airflow/dags/customer_churn_pipeline.py took 1.300 seconds
[2025-08-28T19:59:26.581+0000] {processor.py:161} INFO - Started process (PID=274) to work on /opt/airflow/dags/customer_churn_pipeline.py
[2025-08-28T19:59:26.588+0000] {processor.py:830} INFO - Processing file /opt/airflow/dags/customer_churn_pipeline.py for tasks to queue
[2025-08-28T19:59:26.595+0000] {logging_mixin.py:188} INFO - [2025-08-28T19:59:26.594+0000] {dagbag.py:538} INFO - Filling up the DagBag from /opt/airflow/dags/customer_churn_pipeline.py
[2025-08-28T19:59:27.558+0000] {processor.py:840} INFO - DAG(s) 'day7_customer_churn_pipeline' retrieved from /opt/airflow/dags/customer_churn_pipeline.py
[2025-08-28T19:59:27.583+0000] {logging_mixin.py:188} INFO - [2025-08-28T19:59:27.582+0000] {dag.py:3036} INFO - Sync 1 DAGs
[2025-08-28T19:59:27.598+0000] {logging_mixin.py:188} INFO - [2025-08-28T19:59:27.598+0000] {dag.py:3823} INFO - Setting next_dagrun for day7_customer_churn_pipeline to None, run_after=None
[2025-08-28T19:59:27.626+0000] {processor.py:183} INFO - Processing /opt/airflow/dags/customer_churn_pipeline.py took 1.052 seconds
[2025-08-28T19:59:57.968+0000] {processor.py:161} INFO - Started process (PID=293) to work on /opt/airflow/dags/customer_churn_pipeline.py
[2025-08-28T19:59:57.971+0000] {processor.py:830} INFO - Processing file /opt/airflow/dags/customer_churn_pipeline.py for tasks to queue
[2025-08-28T19:59:57.973+0000] {logging_mixin.py:188} INFO - [2025-08-28T19:59:57.973+0000] {dagbag.py:538} INFO - Filling up the DagBag from /opt/airflow/dags/customer_churn_pipeline.py
[2025-08-28T19:59:59.521+0000] {processor.py:840} INFO - DAG(s) 'day7_customer_churn_pipeline' retrieved from /opt/airflow/dags/customer_churn_pipeline.py
[2025-08-28T19:59:59.552+0000] {logging_mixin.py:188} INFO - [2025-08-28T19:59:59.552+0000] {dag.py:3036} INFO - Sync 1 DAGs
[2025-08-28T19:59:59.564+0000] {logging_mixin.py:188} INFO - [2025-08-28T19:59:59.564+0000] {dag.py:3823} INFO - Setting next_dagrun for day7_customer_churn_pipeline to None, run_after=None
[2025-08-28T19:59:59.586+0000] {processor.py:183} INFO - Processing /opt/airflow/dags/customer_churn_pipeline.py took 1.621 seconds
[2025-08-28T20:00:29.911+0000] {processor.py:161} INFO - Started process (PID=312) to work on /opt/airflow/dags/customer_churn_pipeline.py
[2025-08-28T20:00:29.914+0000] {processor.py:830} INFO - Processing file /opt/airflow/dags/customer_churn_pipeline.py for tasks to queue
[2025-08-28T20:00:29.919+0000] {logging_mixin.py:188} INFO - [2025-08-28T20:00:29.918+0000] {dagbag.py:538} INFO - Filling up the DagBag from /opt/airflow/dags/customer_churn_pipeline.py
[2025-08-28T20:00:30.824+0000] {processor.py:840} INFO - DAG(s) 'day7_customer_churn_pipeline' retrieved from /opt/airflow/dags/customer_churn_pipeline.py
[2025-08-28T20:00:30.854+0000] {logging_mixin.py:188} INFO - [2025-08-28T20:00:30.853+0000] {dag.py:3036} INFO - Sync 1 DAGs
[2025-08-28T20:00:30.866+0000] {logging_mixin.py:188} INFO - [2025-08-28T20:00:30.866+0000] {dag.py:3823} INFO - Setting next_dagrun for day7_customer_churn_pipeline to None, run_after=None
[2025-08-28T20:00:30.899+0000] {processor.py:183} INFO - Processing /opt/airflow/dags/customer_churn_pipeline.py took 0.996 seconds
[2025-08-28T20:01:01.426+0000] {processor.py:161} INFO - Started process (PID=331) to work on /opt/airflow/dags/customer_churn_pipeline.py
[2025-08-28T20:01:01.431+0000] {processor.py:830} INFO - Processing file /opt/airflow/dags/customer_churn_pipeline.py for tasks to queue
[2025-08-28T20:01:01.438+0000] {logging_mixin.py:188} INFO - [2025-08-28T20:01:01.437+0000] {dagbag.py:538} INFO - Filling up the DagBag from /opt/airflow/dags/customer_churn_pipeline.py
[2025-08-28T20:01:02.762+0000] {processor.py:840} INFO - DAG(s) 'day7_customer_churn_pipeline' retrieved from /opt/airflow/dags/customer_churn_pipeline.py
[2025-08-28T20:01:02.793+0000] {logging_mixin.py:188} INFO - [2025-08-28T20:01:02.793+0000] {dag.py:3036} INFO - Sync 1 DAGs
[2025-08-28T20:01:02.806+0000] {logging_mixin.py:188} INFO - [2025-08-28T20:01:02.806+0000] {dag.py:3823} INFO - Setting next_dagrun for day7_customer_churn_pipeline to None, run_after=None
[2025-08-28T20:01:02.839+0000] {processor.py:183} INFO - Processing /opt/airflow/dags/customer_churn_pipeline.py took 1.418 seconds
[2025-08-28T20:01:33.301+0000] {processor.py:161} INFO - Started process (PID=350) to work on /opt/airflow/dags/customer_churn_pipeline.py
[2025-08-28T20:01:33.304+0000] {processor.py:830} INFO - Processing file /opt/airflow/dags/customer_churn_pipeline.py for tasks to queue
[2025-08-28T20:01:33.307+0000] {logging_mixin.py:188} INFO - [2025-08-28T20:01:33.307+0000] {dagbag.py:538} INFO - Filling up the DagBag from /opt/airflow/dags/customer_churn_pipeline.py
[2025-08-28T20:01:34.504+0000] {processor.py:840} INFO - DAG(s) 'day7_customer_churn_pipeline' retrieved from /opt/airflow/dags/customer_churn_pipeline.py
[2025-08-28T20:01:34.531+0000] {logging_mixin.py:188} INFO - [2025-08-28T20:01:34.531+0000] {dag.py:3036} INFO - Sync 1 DAGs
[2025-08-28T20:01:34.546+0000] {logging_mixin.py:188} INFO - [2025-08-28T20:01:34.546+0000] {dag.py:3823} INFO - Setting next_dagrun for day7_customer_churn_pipeline to None, run_after=None
[2025-08-28T20:01:34.583+0000] {processor.py:183} INFO - Processing /opt/airflow/dags/customer_churn_pipeline.py took 1.288 seconds
[2025-08-28T20:02:04.760+0000] {processor.py:161} INFO - Started process (PID=369) to work on /opt/airflow/dags/customer_churn_pipeline.py
[2025-08-28T20:02:04.762+0000] {processor.py:830} INFO - Processing file /opt/airflow/dags/customer_churn_pipeline.py for tasks to queue
[2025-08-28T20:02:04.766+0000] {logging_mixin.py:188} INFO - [2025-08-28T20:02:04.765+0000] {dagbag.py:538} INFO - Filling up the DagBag from /opt/airflow/dags/customer_churn_pipeline.py
[2025-08-28T20:02:05.933+0000] {processor.py:840} INFO - DAG(s) 'day7_customer_churn_pipeline' retrieved from /opt/airflow/dags/customer_churn_pipeline.py
[2025-08-28T20:02:05.962+0000] {logging_mixin.py:188} INFO - [2025-08-28T20:02:05.961+0000] {dag.py:3036} INFO - Sync 1 DAGs
[2025-08-28T20:02:05.984+0000] {logging_mixin.py:188} INFO - [2025-08-28T20:02:05.983+0000] {dag.py:3823} INFO - Setting next_dagrun for day7_customer_churn_pipeline to None, run_after=None
[2025-08-28T20:02:06.024+0000] {processor.py:183} INFO - Processing /opt/airflow/dags/customer_churn_pipeline.py took 1.269 seconds
[2025-08-28T20:02:36.396+0000] {processor.py:161} INFO - Started process (PID=388) to work on /opt/airflow/dags/customer_churn_pipeline.py
[2025-08-28T20:02:36.398+0000] {processor.py:830} INFO - Processing file /opt/airflow/dags/customer_churn_pipeline.py for tasks to queue
[2025-08-28T20:02:36.399+0000] {logging_mixin.py:188} INFO - [2025-08-28T20:02:36.399+0000] {dagbag.py:538} INFO - Filling up the DagBag from /opt/airflow/dags/customer_churn_pipeline.py
[2025-08-28T20:02:37.597+0000] {processor.py:840} INFO - DAG(s) 'day7_customer_churn_pipeline' retrieved from /opt/airflow/dags/customer_churn_pipeline.py
[2025-08-28T20:02:37.636+0000] {logging_mixin.py:188} INFO - [2025-08-28T20:02:37.635+0000] {dag.py:3036} INFO - Sync 1 DAGs
[2025-08-28T20:02:37.658+0000] {logging_mixin.py:188} INFO - [2025-08-28T20:02:37.657+0000] {dag.py:3823} INFO - Setting next_dagrun for day7_customer_churn_pipeline to None, run_after=None
[2025-08-28T20:02:37.687+0000] {processor.py:183} INFO - Processing /opt/airflow/dags/customer_churn_pipeline.py took 1.293 seconds
[2025-08-28T20:03:08.143+0000] {processor.py:161} INFO - Started process (PID=407) to work on /opt/airflow/dags/customer_churn_pipeline.py
[2025-08-28T20:03:08.147+0000] {processor.py:830} INFO - Processing file /opt/airflow/dags/customer_churn_pipeline.py for tasks to queue
[2025-08-28T20:03:08.152+0000] {logging_mixin.py:188} INFO - [2025-08-28T20:03:08.151+0000] {dagbag.py:538} INFO - Filling up the DagBag from /opt/airflow/dags/customer_churn_pipeline.py
[2025-08-28T20:03:09.319+0000] {processor.py:840} INFO - DAG(s) 'day7_customer_churn_pipeline' retrieved from /opt/airflow/dags/customer_churn_pipeline.py
[2025-08-28T20:03:09.350+0000] {logging_mixin.py:188} INFO - [2025-08-28T20:03:09.349+0000] {dag.py:3036} INFO - Sync 1 DAGs
[2025-08-28T20:03:09.374+0000] {logging_mixin.py:188} INFO - [2025-08-28T20:03:09.373+0000] {dag.py:3823} INFO - Setting next_dagrun for day7_customer_churn_pipeline to None, run_after=None
[2025-08-28T20:03:09.410+0000] {processor.py:183} INFO - Processing /opt/airflow/dags/customer_churn_pipeline.py took 1.276 seconds
[2025-08-28T20:03:39.514+0000] {processor.py:161} INFO - Started process (PID=426) to work on /opt/airflow/dags/customer_churn_pipeline.py
[2025-08-28T20:03:39.516+0000] {processor.py:830} INFO - Processing file /opt/airflow/dags/customer_churn_pipeline.py for tasks to queue
[2025-08-28T20:03:39.519+0000] {logging_mixin.py:188} INFO - [2025-08-28T20:03:39.519+0000] {dagbag.py:538} INFO - Filling up the DagBag from /opt/airflow/dags/customer_churn_pipeline.py
[2025-08-28T20:03:41.109+0000] {processor.py:840} INFO - DAG(s) 'day7_customer_churn_pipeline' retrieved from /opt/airflow/dags/customer_churn_pipeline.py
[2025-08-28T20:03:41.162+0000] {logging_mixin.py:188} INFO - [2025-08-28T20:03:41.162+0000] {dag.py:3036} INFO - Sync 1 DAGs
[2025-08-28T20:03:41.181+0000] {logging_mixin.py:188} INFO - [2025-08-28T20:03:41.180+0000] {dag.py:3823} INFO - Setting next_dagrun for day7_customer_churn_pipeline to None, run_after=None
[2025-08-28T20:03:41.224+0000] {processor.py:183} INFO - Processing /opt/airflow/dags/customer_churn_pipeline.py took 1.713 seconds
[2025-08-28T20:04:11.413+0000] {processor.py:161} INFO - Started process (PID=445) to work on /opt/airflow/dags/customer_churn_pipeline.py
[2025-08-28T20:04:11.416+0000] {processor.py:830} INFO - Processing file /opt/airflow/dags/customer_churn_pipeline.py for tasks to queue
[2025-08-28T20:04:11.420+0000] {logging_mixin.py:188} INFO - [2025-08-28T20:04:11.419+0000] {dagbag.py:538} INFO - Filling up the DagBag from /opt/airflow/dags/customer_churn_pipeline.py
[2025-08-28T20:04:12.942+0000] {processor.py:840} INFO - DAG(s) 'day7_customer_churn_pipeline' retrieved from /opt/airflow/dags/customer_churn_pipeline.py
[2025-08-28T20:04:13.028+0000] {logging_mixin.py:188} INFO - [2025-08-28T20:04:13.027+0000] {dag.py:3036} INFO - Sync 1 DAGs
[2025-08-28T20:04:13.042+0000] {logging_mixin.py:188} INFO - [2025-08-28T20:04:13.041+0000] {dag.py:3823} INFO - Setting next_dagrun for day7_customer_churn_pipeline to None, run_after=None
[2025-08-28T20:04:13.114+0000] {processor.py:183} INFO - Processing /opt/airflow/dags/customer_churn_pipeline.py took 1.710 seconds
[2025-08-28T20:04:43.348+0000] {processor.py:161} INFO - Started process (PID=464) to work on /opt/airflow/dags/customer_churn_pipeline.py
[2025-08-28T20:04:43.349+0000] {processor.py:830} INFO - Processing file /opt/airflow/dags/customer_churn_pipeline.py for tasks to queue
[2025-08-28T20:04:43.351+0000] {logging_mixin.py:188} INFO - [2025-08-28T20:04:43.351+0000] {dagbag.py:538} INFO - Filling up the DagBag from /opt/airflow/dags/customer_churn_pipeline.py
[2025-08-28T20:04:44.495+0000] {processor.py:840} INFO - DAG(s) 'day7_customer_churn_pipeline' retrieved from /opt/airflow/dags/customer_churn_pipeline.py
[2025-08-28T20:04:44.524+0000] {logging_mixin.py:188} INFO - [2025-08-28T20:04:44.523+0000] {dag.py:3036} INFO - Sync 1 DAGs
[2025-08-28T20:04:44.538+0000] {logging_mixin.py:188} INFO - [2025-08-28T20:04:44.537+0000] {dag.py:3823} INFO - Setting next_dagrun for day7_customer_churn_pipeline to None, run_after=None
[2025-08-28T20:04:44.567+0000] {processor.py:183} INFO - Processing /opt/airflow/dags/customer_churn_pipeline.py took 1.222 seconds
[2025-08-28T20:05:15.447+0000] {processor.py:161} INFO - Started process (PID=483) to work on /opt/airflow/dags/customer_churn_pipeline.py
[2025-08-28T20:05:15.449+0000] {processor.py:830} INFO - Processing file /opt/airflow/dags/customer_churn_pipeline.py for tasks to queue
[2025-08-28T20:05:15.450+0000] {logging_mixin.py:188} INFO - [2025-08-28T20:05:15.450+0000] {dagbag.py:538} INFO - Filling up the DagBag from /opt/airflow/dags/customer_churn_pipeline.py
[2025-08-28T20:05:16.586+0000] {processor.py:840} INFO - DAG(s) 'day7_customer_churn_pipeline' retrieved from /opt/airflow/dags/customer_churn_pipeline.py
[2025-08-28T20:05:16.611+0000] {logging_mixin.py:188} INFO - [2025-08-28T20:05:16.610+0000] {dag.py:3036} INFO - Sync 1 DAGs
[2025-08-28T20:05:16.625+0000] {logging_mixin.py:188} INFO - [2025-08-28T20:05:16.624+0000] {dag.py:3823} INFO - Setting next_dagrun for day7_customer_churn_pipeline to None, run_after=None
[2025-08-28T20:05:16.651+0000] {processor.py:183} INFO - Processing /opt/airflow/dags/customer_churn_pipeline.py took 1.206 seconds
[2025-08-28T20:05:47.501+0000] {processor.py:161} INFO - Started process (PID=502) to work on /opt/airflow/dags/customer_churn_pipeline.py
[2025-08-28T20:05:47.506+0000] {processor.py:830} INFO - Processing file /opt/airflow/dags/customer_churn_pipeline.py for tasks to queue
[2025-08-28T20:05:47.509+0000] {logging_mixin.py:188} INFO - [2025-08-28T20:05:47.509+0000] {dagbag.py:538} INFO - Filling up the DagBag from /opt/airflow/dags/customer_churn_pipeline.py
[2025-08-28T20:05:48.390+0000] {processor.py:840} INFO - DAG(s) 'day7_customer_churn_pipeline' retrieved from /opt/airflow/dags/customer_churn_pipeline.py
[2025-08-28T20:05:48.414+0000] {logging_mixin.py:188} INFO - [2025-08-28T20:05:48.414+0000] {dag.py:3036} INFO - Sync 1 DAGs
[2025-08-28T20:05:48.428+0000] {logging_mixin.py:188} INFO - [2025-08-28T20:05:48.428+0000] {dag.py:3823} INFO - Setting next_dagrun for day7_customer_churn_pipeline to None, run_after=None
[2025-08-28T20:05:48.447+0000] {processor.py:183} INFO - Processing /opt/airflow/dags/customer_churn_pipeline.py took 0.956 seconds
[2025-08-28T20:06:18.659+0000] {processor.py:161} INFO - Started process (PID=521) to work on /opt/airflow/dags/customer_churn_pipeline.py
[2025-08-28T20:06:18.660+0000] {processor.py:830} INFO - Processing file /opt/airflow/dags/customer_churn_pipeline.py for tasks to queue
[2025-08-28T20:06:18.662+0000] {logging_mixin.py:188} INFO - [2025-08-28T20:06:18.662+0000] {dagbag.py:538} INFO - Filling up the DagBag from /opt/airflow/dags/customer_churn_pipeline.py
[2025-08-28T20:06:19.510+0000] {processor.py:840} INFO - DAG(s) 'day7_customer_churn_pipeline' retrieved from /opt/airflow/dags/customer_churn_pipeline.py
[2025-08-28T20:06:19.535+0000] {logging_mixin.py:188} INFO - [2025-08-28T20:06:19.534+0000] {dag.py:3036} INFO - Sync 1 DAGs
[2025-08-28T20:06:19.545+0000] {logging_mixin.py:188} INFO - [2025-08-28T20:06:19.545+0000] {dag.py:3823} INFO - Setting next_dagrun for day7_customer_churn_pipeline to None, run_after=None
[2025-08-28T20:06:19.561+0000] {processor.py:183} INFO - Processing /opt/airflow/dags/customer_churn_pipeline.py took 0.905 seconds
[2025-08-28T20:06:49.792+0000] {processor.py:161} INFO - Started process (PID=540) to work on /opt/airflow/dags/customer_churn_pipeline.py
[2025-08-28T20:06:49.793+0000] {processor.py:830} INFO - Processing file /opt/airflow/dags/customer_churn_pipeline.py for tasks to queue
[2025-08-28T20:06:49.797+0000] {logging_mixin.py:188} INFO - [2025-08-28T20:06:49.797+0000] {dagbag.py:538} INFO - Filling up the DagBag from /opt/airflow/dags/customer_churn_pipeline.py
[2025-08-28T20:06:50.712+0000] {processor.py:840} INFO - DAG(s) 'day7_customer_churn_pipeline' retrieved from /opt/airflow/dags/customer_churn_pipeline.py
[2025-08-28T20:06:50.736+0000] {logging_mixin.py:188} INFO - [2025-08-28T20:06:50.735+0000] {dag.py:3036} INFO - Sync 1 DAGs
[2025-08-28T20:06:50.747+0000] {logging_mixin.py:188} INFO - [2025-08-28T20:06:50.747+0000] {dag.py:3823} INFO - Setting next_dagrun for day7_customer_churn_pipeline to None, run_after=None
[2025-08-28T20:06:50.774+0000] {processor.py:183} INFO - Processing /opt/airflow/dags/customer_churn_pipeline.py took 0.984 seconds
[2025-08-28T20:07:21.068+0000] {processor.py:161} INFO - Started process (PID=559) to work on /opt/airflow/dags/customer_churn_pipeline.py
[2025-08-28T20:07:21.070+0000] {processor.py:830} INFO - Processing file /opt/airflow/dags/customer_churn_pipeline.py for tasks to queue
[2025-08-28T20:07:21.072+0000] {logging_mixin.py:188} INFO - [2025-08-28T20:07:21.072+0000] {dagbag.py:538} INFO - Filling up the DagBag from /opt/airflow/dags/customer_churn_pipeline.py
[2025-08-28T20:07:22.012+0000] {processor.py:840} INFO - DAG(s) 'day7_customer_churn_pipeline' retrieved from /opt/airflow/dags/customer_churn_pipeline.py
[2025-08-28T20:07:22.049+0000] {logging_mixin.py:188} INFO - [2025-08-28T20:07:22.049+0000] {dag.py:3036} INFO - Sync 1 DAGs
[2025-08-28T20:07:22.072+0000] {logging_mixin.py:188} INFO - [2025-08-28T20:07:22.071+0000] {dag.py:3823} INFO - Setting next_dagrun for day7_customer_churn_pipeline to None, run_after=None
[2025-08-28T20:07:22.119+0000] {processor.py:183} INFO - Processing /opt/airflow/dags/customer_churn_pipeline.py took 1.053 seconds
[2025-08-28T20:32:31.950+0000] {processor.py:161} INFO - Started process (PID=578) to work on /opt/airflow/dags/customer_churn_pipeline.py
[2025-08-28T20:32:31.962+0000] {processor.py:830} INFO - Processing file /opt/airflow/dags/customer_churn_pipeline.py for tasks to queue
[2025-08-28T20:32:31.971+0000] {logging_mixin.py:188} INFO - [2025-08-28T20:32:31.970+0000] {dagbag.py:538} INFO - Filling up the DagBag from /opt/airflow/dags/customer_churn_pipeline.py
[2025-08-28T20:32:33.442+0000] {processor.py:840} INFO - DAG(s) 'day7_customer_churn_pipeline' retrieved from /opt/airflow/dags/customer_churn_pipeline.py
[2025-08-28T20:32:33.476+0000] {logging_mixin.py:188} INFO - [2025-08-28T20:32:33.475+0000] {dag.py:3036} INFO - Sync 1 DAGs
[2025-08-28T20:32:33.489+0000] {logging_mixin.py:188} INFO - [2025-08-28T20:32:33.489+0000] {dag.py:3823} INFO - Setting next_dagrun for day7_customer_churn_pipeline to None, run_after=None
[2025-08-28T20:32:33.529+0000] {processor.py:183} INFO - Processing /opt/airflow/dags/customer_churn_pipeline.py took 1.594 seconds
